[2026-08-21T03:27:52.966+0000] {local_task_job_runner.py:120} INFO - ::group::Pre task execution logs
[2026-08-21T03:27:52.983+0000] {taskinstance.py:2076} INFO - Dependencies all met for dep_context=non-requeueable deps ti=<TaskInstance: cell_kpi_hourly_anomaly_pipeline.0_check_landing_file scheduled__2025-05-31T17:00:00+00:00 [queued]>
[2026-08-21T03:27:52.989+0000] {taskinstance.py:2076} INFO - Dependencies all met for dep_context=requeueable deps ti=<TaskInstance: cell_kpi_hourly_anomaly_pipeline.0_check_landing_file scheduled__2025-05-31T17:00:00+00:00 [queued]>
[2026-08-21T03:27:52.990+0000] {taskinstance.py:2306} INFO - Starting attempt 1 of 2
[2026-08-21T03:27:53.007+0000] {taskinstance.py:2330} INFO - Executing <Task(PythonOperator): 0_check_landing_file> on 2025-05-31 17:00:00+00:00
[2026-08-21T03:27:53.013+0000] {standard_task_runner.py:63} INFO - Started process 1166 to run task
[2026-08-21T03:27:53.017+0000] {standard_task_runner.py:90} INFO - Running: ['***', 'tasks', 'run', 'cell_kpi_hourly_anomaly_pipeline', '0_check_landing_file', 'scheduled__2025-05-31T17:00:00+00:00', '--job-id', '14', '--raw', '--subdir', 'DAGS_FOLDER/cell_kpi_hourly_anomaly.py', '--cfg-path', '/tmp/tmpsnumoex2']
[2026-08-21T03:27:53.018+0000] {standard_task_runner.py:91} INFO - Job 14: Subtask 0_check_landing_file
[2026-08-21T03:27:53.058+0000] {task_command.py:426} INFO - Running <TaskInstance: cell_kpi_hourly_anomaly_pipeline.0_check_landing_file scheduled__2025-05-31T17:00:00+00:00 [running]> on host c90a551abb73
[2026-08-21T03:27:53.132+0000] {taskinstance.py:2648} INFO - Exporting env vars: AIRFLOW_CTX_DAG_OWNER='data_engineer_team' AIRFLOW_CTX_DAG_ID='cell_kpi_hourly_anomaly_pipeline' AIRFLOW_CTX_TASK_ID='0_check_landing_file' AIRFLOW_CTX_EXECUTION_DATE='2025-05-31T17:00:00+00:00' AIRFLOW_CTX_TRY_NUMBER='1' AIRFLOW_CTX_DAG_RUN_ID='scheduled__2025-05-31T17:00:00+00:00'
[2026-08-21T03:27:53.133+0000] {taskinstance.py:430} INFO - ::endgroup::
[2026-08-21T03:27:53.150+0000] {logging_mixin.py:188} WARNING - /home/***/.local/lib/python3.10/site-packages/***/utils/context.py:320 AirflowContextDeprecationWarning: Accessing 'execution_date' from the template is deprecated and will be removed in a future version. Please use 'data_interval_start' or 'logical_date' instead.
[2026-08-21T03:27:53.167+0000] {base.py:84} INFO - Using connection ID 'minio_default' for task execution.
[2026-08-21T03:27:53.168+0000] {connection_wrapper.py:384} INFO - AWS Connection (conn_id='minio_default', conn_type='aws') credentials retrieved from login and ***.
[2026-08-21T03:27:53.487+0000] {logging_mixin.py:188} INFO -  File 202506.csv đã sẵn sàng trên Landing Zone.
[2026-08-21T03:27:53.489+0000] {python.py:237} INFO - Done. Returned value was: s3a://landingzone/202506.csv
[2026-08-21T03:27:53.489+0000] {taskinstance.py:441} INFO - ::group::Post task execution logs
[2026-08-21T03:27:53.509+0000] {taskinstance.py:1206} INFO - Marking task as SUCCESS. dag_id=cell_kpi_hourly_anomaly_pipeline, task_id=0_check_landing_file, run_id=scheduled__2025-05-31T17:00:00+00:00, execution_date=20250531T170000, start_date=20260821T032752, end_date=20260821T032753
[2026-08-21T03:27:53.551+0000] {local_task_job_runner.py:240} INFO - Task exited with return code 0
[2026-08-21T03:27:53.574+0000] {taskinstance.py:3498} INFO - 0 downstream tasks scheduled from follow-on schedule check
[2026-08-21T03:27:53.577+0000] {local_task_job_runner.py:222} INFO - ::endgroup::
[2026-08-21T03:35:34.717+0000] {local_task_job_runner.py:120} INFO - ::group::Pre task execution logs
[2026-08-21T03:35:34.731+0000] {taskinstance.py:2076} INFO - Dependencies all met for dep_context=non-requeueable deps ti=<TaskInstance: cell_kpi_hourly_anomaly_pipeline.0_check_landing_file scheduled__2025-05-31T17:00:00+00:00 [queued]>
[2026-08-21T03:35:34.738+0000] {taskinstance.py:2076} INFO - Dependencies all met for dep_context=requeueable deps ti=<TaskInstance: cell_kpi_hourly_anomaly_pipeline.0_check_landing_file scheduled__2025-05-31T17:00:00+00:00 [queued]>
[2026-08-21T03:35:34.738+0000] {taskinstance.py:2306} INFO - Starting attempt 1 of 2
[2026-08-21T03:35:34.747+0000] {taskinstance.py:2330} INFO - Executing <Task(PythonOperator): 0_check_landing_file> on 2025-05-31 17:00:00+00:00
[2026-08-21T03:35:34.753+0000] {standard_task_runner.py:63} INFO - Started process 1448 to run task
[2026-08-21T03:35:34.756+0000] {standard_task_runner.py:90} INFO - Running: ['***', 'tasks', 'run', 'cell_kpi_hourly_anomaly_pipeline', '0_check_landing_file', 'scheduled__2025-05-31T17:00:00+00:00', '--job-id', '18', '--raw', '--subdir', 'DAGS_FOLDER/cell_kpi_hourly_anomaly.py', '--cfg-path', '/tmp/tmp2b99y2yu']
[2026-08-21T03:35:34.758+0000] {standard_task_runner.py:91} INFO - Job 18: Subtask 0_check_landing_file
[2026-08-21T03:35:34.802+0000] {task_command.py:426} INFO - Running <TaskInstance: cell_kpi_hourly_anomaly_pipeline.0_check_landing_file scheduled__2025-05-31T17:00:00+00:00 [running]> on host c90a551abb73
[2026-08-21T03:35:34.876+0000] {taskinstance.py:2648} INFO - Exporting env vars: AIRFLOW_CTX_DAG_OWNER='data_engineer_team' AIRFLOW_CTX_DAG_ID='cell_kpi_hourly_anomaly_pipeline' AIRFLOW_CTX_TASK_ID='0_check_landing_file' AIRFLOW_CTX_EXECUTION_DATE='2025-05-31T17:00:00+00:00' AIRFLOW_CTX_TRY_NUMBER='1' AIRFLOW_CTX_DAG_RUN_ID='scheduled__2025-05-31T17:00:00+00:00'
[2026-08-21T03:35:34.877+0000] {taskinstance.py:430} INFO - ::endgroup::
[2026-08-21T03:35:34.890+0000] {logging_mixin.py:188} WARNING - /home/***/.local/lib/python3.10/site-packages/***/utils/context.py:320 AirflowContextDeprecationWarning: Accessing 'execution_date' from the template is deprecated and will be removed in a future version. Please use 'data_interval_start' or 'logical_date' instead.
[2026-08-21T03:35:34.905+0000] {base.py:84} INFO - Using connection ID 'minio_default' for task execution.
[2026-08-21T03:35:34.905+0000] {connection_wrapper.py:384} INFO - AWS Connection (conn_id='minio_default', conn_type='aws') credentials retrieved from login and ***.
[2026-08-21T03:35:35.212+0000] {logging_mixin.py:188} INFO -  File 202506.csv đã sẵn sàng trên Landing Zone.
[2026-08-21T03:35:35.213+0000] {python.py:237} INFO - Done. Returned value was: s3a://landingzone/202506.csv
[2026-08-21T03:35:35.213+0000] {taskinstance.py:441} INFO - ::group::Post task execution logs
[2026-08-21T03:35:35.230+0000] {taskinstance.py:1206} INFO - Marking task as SUCCESS. dag_id=cell_kpi_hourly_anomaly_pipeline, task_id=0_check_landing_file, run_id=scheduled__2025-05-31T17:00:00+00:00, execution_date=20250531T170000, start_date=20260821T033534, end_date=20260821T033535
[2026-08-21T03:35:35.249+0000] {local_task_job_runner.py:240} INFO - Task exited with return code 0
[2026-08-21T03:35:35.278+0000] {taskinstance.py:3498} INFO - 1 downstream tasks scheduled from follow-on schedule check
[2026-08-21T03:35:35.279+0000] {local_task_job_runner.py:222} INFO - ::endgroup::
[2026-08-21T03:42:34.278+0000] {local_task_job_runner.py:120} INFO - ::group::Pre task execution logs
[2026-08-21T03:42:34.299+0000] {taskinstance.py:2076} INFO - Dependencies all met for dep_context=non-requeueable deps ti=<TaskInstance: cell_kpi_hourly_anomaly_pipeline.0_check_landing_file scheduled__2025-05-31T17:00:00+00:00 [queued]>
[2026-08-21T03:42:34.304+0000] {taskinstance.py:2076} INFO - Dependencies all met for dep_context=requeueable deps ti=<TaskInstance: cell_kpi_hourly_anomaly_pipeline.0_check_landing_file scheduled__2025-05-31T17:00:00+00:00 [queued]>
[2026-08-21T03:42:34.305+0000] {taskinstance.py:2306} INFO - Starting attempt 1 of 2
[2026-08-21T03:42:34.314+0000] {taskinstance.py:2330} INFO - Executing <Task(PythonOperator): 0_check_landing_file> on 2025-05-31 17:00:00+00:00
[2026-08-21T03:42:34.320+0000] {standard_task_runner.py:63} INFO - Started process 1712 to run task
[2026-08-21T03:42:34.323+0000] {standard_task_runner.py:90} INFO - Running: ['***', 'tasks', 'run', 'cell_kpi_hourly_anomaly_pipeline', '0_check_landing_file', 'scheduled__2025-05-31T17:00:00+00:00', '--job-id', '22', '--raw', '--subdir', 'DAGS_FOLDER/cell_kpi_hourly_anomaly.py', '--cfg-path', '/tmp/tmppwc8xf3z']
[2026-08-21T03:42:34.325+0000] {standard_task_runner.py:91} INFO - Job 22: Subtask 0_check_landing_file
[2026-08-21T03:42:34.371+0000] {task_command.py:426} INFO - Running <TaskInstance: cell_kpi_hourly_anomaly_pipeline.0_check_landing_file scheduled__2025-05-31T17:00:00+00:00 [running]> on host c90a551abb73
[2026-08-21T03:42:34.454+0000] {taskinstance.py:2648} INFO - Exporting env vars: AIRFLOW_CTX_DAG_OWNER='data_engineer_team' AIRFLOW_CTX_DAG_ID='cell_kpi_hourly_anomaly_pipeline' AIRFLOW_CTX_TASK_ID='0_check_landing_file' AIRFLOW_CTX_EXECUTION_DATE='2025-05-31T17:00:00+00:00' AIRFLOW_CTX_TRY_NUMBER='1' AIRFLOW_CTX_DAG_RUN_ID='scheduled__2025-05-31T17:00:00+00:00'
[2026-08-21T03:42:34.454+0000] {taskinstance.py:430} INFO - ::endgroup::
[2026-08-21T03:42:34.470+0000] {logging_mixin.py:188} WARNING - /home/***/.local/lib/python3.10/site-packages/***/utils/context.py:320 AirflowContextDeprecationWarning: Accessing 'execution_date' from the template is deprecated and will be removed in a future version. Please use 'data_interval_start' or 'logical_date' instead.
[2026-08-21T03:42:34.485+0000] {base.py:84} INFO - Using connection ID 'minio_default' for task execution.
[2026-08-21T03:42:34.485+0000] {connection_wrapper.py:384} INFO - AWS Connection (conn_id='minio_default', conn_type='aws') credentials retrieved from login and ***.
[2026-08-21T03:42:34.827+0000] {logging_mixin.py:188} INFO -  File 202506.csv đã sẵn sàng trên Landing Zone.
[2026-08-21T03:42:34.827+0000] {python.py:237} INFO - Done. Returned value was: s3a://landingzone/202506.csv
[2026-08-21T03:42:34.827+0000] {taskinstance.py:441} INFO - ::group::Post task execution logs
[2026-08-21T03:42:34.846+0000] {taskinstance.py:1206} INFO - Marking task as SUCCESS. dag_id=cell_kpi_hourly_anomaly_pipeline, task_id=0_check_landing_file, run_id=scheduled__2025-05-31T17:00:00+00:00, execution_date=20250531T170000, start_date=20260821T034234, end_date=20260821T034234
[2026-08-21T03:42:34.900+0000] {local_task_job_runner.py:240} INFO - Task exited with return code 0
[2026-08-21T03:42:34.923+0000] {taskinstance.py:3498} INFO - 1 downstream tasks scheduled from follow-on schedule check
[2026-08-21T03:42:34.925+0000] {local_task_job_runner.py:222} INFO - ::endgroup::
[2026-08-21T03:49:49.599+0000] {local_task_job_runner.py:120} INFO - ::group::Pre task execution logs
[2026-08-21T03:49:49.616+0000] {taskinstance.py:2076} INFO - Dependencies all met for dep_context=non-requeueable deps ti=<TaskInstance: cell_kpi_hourly_anomaly_pipeline.0_check_landing_file scheduled__2025-05-31T17:00:00+00:00 [queued]>
[2026-08-21T03:49:49.624+0000] {taskinstance.py:2076} INFO - Dependencies all met for dep_context=requeueable deps ti=<TaskInstance: cell_kpi_hourly_anomaly_pipeline.0_check_landing_file scheduled__2025-05-31T17:00:00+00:00 [queued]>
[2026-08-21T03:49:49.624+0000] {taskinstance.py:2306} INFO - Starting attempt 1 of 2
[2026-08-21T03:49:49.635+0000] {taskinstance.py:2330} INFO - Executing <Task(PythonOperator): 0_check_landing_file> on 2025-05-31 17:00:00+00:00
[2026-08-21T03:49:49.639+0000] {standard_task_runner.py:63} INFO - Started process 2182 to run task
[2026-08-21T03:49:49.643+0000] {standard_task_runner.py:90} INFO - Running: ['***', 'tasks', 'run', 'cell_kpi_hourly_anomaly_pipeline', '0_check_landing_file', 'scheduled__2025-05-31T17:00:00+00:00', '--job-id', '26', '--raw', '--subdir', 'DAGS_FOLDER/cell_kpi_hourly_anomaly.py', '--cfg-path', '/tmp/tmptbn9ifj7']
[2026-08-21T03:49:49.645+0000] {standard_task_runner.py:91} INFO - Job 26: Subtask 0_check_landing_file
[2026-08-21T03:49:49.691+0000] {task_command.py:426} INFO - Running <TaskInstance: cell_kpi_hourly_anomaly_pipeline.0_check_landing_file scheduled__2025-05-31T17:00:00+00:00 [running]> on host c90a551abb73
[2026-08-21T03:49:49.778+0000] {taskinstance.py:2648} INFO - Exporting env vars: AIRFLOW_CTX_DAG_OWNER='data_engineer_team' AIRFLOW_CTX_DAG_ID='cell_kpi_hourly_anomaly_pipeline' AIRFLOW_CTX_TASK_ID='0_check_landing_file' AIRFLOW_CTX_EXECUTION_DATE='2025-05-31T17:00:00+00:00' AIRFLOW_CTX_TRY_NUMBER='1' AIRFLOW_CTX_DAG_RUN_ID='scheduled__2025-05-31T17:00:00+00:00'
[2026-08-21T03:49:49.779+0000] {taskinstance.py:430} INFO - ::endgroup::
[2026-08-21T03:49:49.793+0000] {logging_mixin.py:188} WARNING - /home/***/.local/lib/python3.10/site-packages/***/utils/context.py:320 AirflowContextDeprecationWarning: Accessing 'execution_date' from the template is deprecated and will be removed in a future version. Please use 'data_interval_start' or 'logical_date' instead.
[2026-08-21T03:49:49.810+0000] {base.py:84} INFO - Using connection ID 'minio_default' for task execution.
[2026-08-21T03:49:49.810+0000] {connection_wrapper.py:384} INFO - AWS Connection (conn_id='minio_default', conn_type='aws') credentials retrieved from login and ***.
[2026-08-21T03:49:50.165+0000] {logging_mixin.py:188} INFO -  File 202506.csv đã sẵn sàng trên Landing Zone.
[2026-08-21T03:49:50.165+0000] {python.py:237} INFO - Done. Returned value was: s3a://landingzone/202506.csv
[2026-08-21T03:49:50.165+0000] {taskinstance.py:441} INFO - ::group::Post task execution logs
[2026-08-21T03:49:50.185+0000] {taskinstance.py:1206} INFO - Marking task as SUCCESS. dag_id=cell_kpi_hourly_anomaly_pipeline, task_id=0_check_landing_file, run_id=scheduled__2025-05-31T17:00:00+00:00, execution_date=20250531T170000, start_date=20260821T034949, end_date=20260821T034950
[2026-08-21T03:49:50.221+0000] {local_task_job_runner.py:240} INFO - Task exited with return code 0
[2026-08-21T03:49:50.245+0000] {taskinstance.py:3498} INFO - 1 downstream tasks scheduled from follow-on schedule check
[2026-08-21T03:49:50.247+0000] {local_task_job_runner.py:222} INFO - ::endgroup::
[2026-08-21T04:10:01.401+0000] {local_task_job_runner.py:120} INFO - ::group::Pre task execution logs
[2026-08-21T04:10:01.436+0000] {taskinstance.py:2076} INFO - Dependencies all met for dep_context=non-requeueable deps ti=<TaskInstance: cell_kpi_hourly_anomaly_pipeline.0_check_landing_file scheduled__2025-05-31T17:00:00+00:00 [queued]>
[2026-08-21T04:10:01.447+0000] {taskinstance.py:2076} INFO - Dependencies all met for dep_context=requeueable deps ti=<TaskInstance: cell_kpi_hourly_anomaly_pipeline.0_check_landing_file scheduled__2025-05-31T17:00:00+00:00 [queued]>
[2026-08-21T04:10:01.447+0000] {taskinstance.py:2306} INFO - Starting attempt 1 of 2
[2026-08-21T04:10:01.461+0000] {taskinstance.py:2330} INFO - Executing <Task(PythonOperator): 0_check_landing_file> on 2025-05-31 17:00:00+00:00
[2026-08-21T04:10:01.467+0000] {standard_task_runner.py:63} INFO - Started process 4260 to run task
[2026-08-21T04:10:01.471+0000] {standard_task_runner.py:90} INFO - Running: ['***', 'tasks', 'run', 'cell_kpi_hourly_anomaly_pipeline', '0_check_landing_file', 'scheduled__2025-05-31T17:00:00+00:00', '--job-id', '42', '--raw', '--subdir', 'DAGS_FOLDER/cell_kpi_hourly_anomaly.py', '--cfg-path', '/tmp/tmpfwycqmt8']
[2026-08-21T04:10:01.473+0000] {standard_task_runner.py:91} INFO - Job 42: Subtask 0_check_landing_file
[2026-08-21T04:10:01.520+0000] {task_command.py:426} INFO - Running <TaskInstance: cell_kpi_hourly_anomaly_pipeline.0_check_landing_file scheduled__2025-05-31T17:00:00+00:00 [running]> on host c90a551abb73
[2026-08-21T04:10:01.594+0000] {taskinstance.py:2648} INFO - Exporting env vars: AIRFLOW_CTX_DAG_OWNER='data_engineer_team' AIRFLOW_CTX_DAG_ID='cell_kpi_hourly_anomaly_pipeline' AIRFLOW_CTX_TASK_ID='0_check_landing_file' AIRFLOW_CTX_EXECUTION_DATE='2025-05-31T17:00:00+00:00' AIRFLOW_CTX_TRY_NUMBER='1' AIRFLOW_CTX_DAG_RUN_ID='scheduled__2025-05-31T17:00:00+00:00'
[2026-08-21T04:10:01.595+0000] {taskinstance.py:430} INFO - ::endgroup::
[2026-08-21T04:10:01.613+0000] {logging_mixin.py:188} WARNING - /home/***/.local/lib/python3.10/site-packages/***/utils/context.py:320 AirflowContextDeprecationWarning: Accessing 'execution_date' from the template is deprecated and will be removed in a future version. Please use 'data_interval_start' or 'logical_date' instead.
[2026-08-21T04:10:01.626+0000] {base.py:84} INFO - Using connection ID 'minio_default' for task execution.
[2026-08-21T04:10:01.627+0000] {connection_wrapper.py:384} INFO - AWS Connection (conn_id='minio_default', conn_type='aws') credentials retrieved from login and ***.
[2026-08-21T04:10:01.931+0000] {logging_mixin.py:188} INFO -  File 202506.csv đã sẵn sàng trên Landing Zone.
[2026-08-21T04:10:01.931+0000] {python.py:237} INFO - Done. Returned value was: s3a://landingzone/202506.csv
[2026-08-21T04:10:01.931+0000] {taskinstance.py:441} INFO - ::group::Post task execution logs
[2026-08-21T04:10:01.950+0000] {taskinstance.py:1206} INFO - Marking task as SUCCESS. dag_id=cell_kpi_hourly_anomaly_pipeline, task_id=0_check_landing_file, run_id=scheduled__2025-05-31T17:00:00+00:00, execution_date=20250531T170000, start_date=20260821T041001, end_date=20260821T041001
[2026-08-21T04:10:02.008+0000] {local_task_job_runner.py:240} INFO - Task exited with return code 0
[2026-08-21T04:10:02.031+0000] {taskinstance.py:3498} INFO - 1 downstream tasks scheduled from follow-on schedule check
[2026-08-21T04:10:02.033+0000] {local_task_job_runner.py:222} INFO - ::endgroup::
[2026-08-21T04:15:38.915+0000] {local_task_job_runner.py:120} INFO - ::group::Pre task execution logs
[2026-08-21T04:15:38.930+0000] {taskinstance.py:2076} INFO - Dependencies all met for dep_context=non-requeueable deps ti=<TaskInstance: cell_kpi_hourly_anomaly_pipeline.0_check_landing_file scheduled__2025-05-31T17:00:00+00:00 [queued]>
[2026-08-21T04:15:38.936+0000] {taskinstance.py:2076} INFO - Dependencies all met for dep_context=requeueable deps ti=<TaskInstance: cell_kpi_hourly_anomaly_pipeline.0_check_landing_file scheduled__2025-05-31T17:00:00+00:00 [queued]>
[2026-08-21T04:15:38.936+0000] {taskinstance.py:2306} INFO - Starting attempt 1 of 2
[2026-08-21T04:15:38.946+0000] {taskinstance.py:2330} INFO - Executing <Task(PythonOperator): 0_check_landing_file> on 2025-05-31 17:00:00+00:00
[2026-08-21T04:15:38.952+0000] {standard_task_runner.py:63} INFO - Started process 4670 to run task
[2026-08-21T04:15:38.957+0000] {standard_task_runner.py:90} INFO - Running: ['***', 'tasks', 'run', 'cell_kpi_hourly_anomaly_pipeline', '0_check_landing_file', 'scheduled__2025-05-31T17:00:00+00:00', '--job-id', '46', '--raw', '--subdir', 'DAGS_FOLDER/cell_kpi_hourly_anomaly.py', '--cfg-path', '/tmp/tmp3a387k27']
[2026-08-21T04:15:38.959+0000] {standard_task_runner.py:91} INFO - Job 46: Subtask 0_check_landing_file
[2026-08-21T04:15:39.004+0000] {task_command.py:426} INFO - Running <TaskInstance: cell_kpi_hourly_anomaly_pipeline.0_check_landing_file scheduled__2025-05-31T17:00:00+00:00 [running]> on host c90a551abb73
[2026-08-21T04:15:39.081+0000] {taskinstance.py:2648} INFO - Exporting env vars: AIRFLOW_CTX_DAG_OWNER='data_engineer_team' AIRFLOW_CTX_DAG_ID='cell_kpi_hourly_anomaly_pipeline' AIRFLOW_CTX_TASK_ID='0_check_landing_file' AIRFLOW_CTX_EXECUTION_DATE='2025-05-31T17:00:00+00:00' AIRFLOW_CTX_TRY_NUMBER='1' AIRFLOW_CTX_DAG_RUN_ID='scheduled__2025-05-31T17:00:00+00:00'
[2026-08-21T04:15:39.082+0000] {taskinstance.py:430} INFO - ::endgroup::
[2026-08-21T04:15:39.096+0000] {logging_mixin.py:188} WARNING - /home/***/.local/lib/python3.10/site-packages/***/utils/context.py:320 AirflowContextDeprecationWarning: Accessing 'execution_date' from the template is deprecated and will be removed in a future version. Please use 'data_interval_start' or 'logical_date' instead.
[2026-08-21T04:15:39.110+0000] {base.py:84} INFO - Using connection ID 'minio_default' for task execution.
[2026-08-21T04:15:39.110+0000] {connection_wrapper.py:384} INFO - AWS Connection (conn_id='minio_default', conn_type='aws') credentials retrieved from login and ***.
[2026-08-21T04:15:39.430+0000] {logging_mixin.py:188} INFO -  File 202506.csv đã sẵn sàng trên Landing Zone.
[2026-08-21T04:15:39.430+0000] {python.py:237} INFO - Done. Returned value was: s3a://landingzone/202506.csv
[2026-08-21T04:15:39.431+0000] {taskinstance.py:441} INFO - ::group::Post task execution logs
[2026-08-21T04:15:39.451+0000] {taskinstance.py:1206} INFO - Marking task as SUCCESS. dag_id=cell_kpi_hourly_anomaly_pipeline, task_id=0_check_landing_file, run_id=scheduled__2025-05-31T17:00:00+00:00, execution_date=20250531T170000, start_date=20260821T041538, end_date=20260821T041539
[2026-08-21T04:15:39.492+0000] {local_task_job_runner.py:240} INFO - Task exited with return code 0
[2026-08-21T04:15:39.514+0000] {taskinstance.py:3498} INFO - 1 downstream tasks scheduled from follow-on schedule check
[2026-08-21T04:15:39.516+0000] {local_task_job_runner.py:222} INFO - ::endgroup::
[2026-08-21T04:26:16.709+0000] {local_task_job_runner.py:120} INFO - ::group::Pre task execution logs
[2026-08-21T04:26:16.726+0000] {taskinstance.py:2076} INFO - Dependencies all met for dep_context=non-requeueable deps ti=<TaskInstance: cell_kpi_hourly_anomaly_pipeline.0_check_landing_file scheduled__2025-05-31T17:00:00+00:00 [queued]>
[2026-08-21T04:26:16.733+0000] {taskinstance.py:2076} INFO - Dependencies all met for dep_context=requeueable deps ti=<TaskInstance: cell_kpi_hourly_anomaly_pipeline.0_check_landing_file scheduled__2025-05-31T17:00:00+00:00 [queued]>
[2026-08-21T04:26:16.733+0000] {taskinstance.py:2306} INFO - Starting attempt 1 of 2
[2026-08-21T04:26:16.744+0000] {taskinstance.py:2330} INFO - Executing <Task(PythonOperator): 0_check_landing_file> on 2025-05-31 17:00:00+00:00
[2026-08-21T04:26:16.750+0000] {standard_task_runner.py:63} INFO - Started process 5580 to run task
[2026-08-21T04:26:16.754+0000] {standard_task_runner.py:90} INFO - Running: ['***', 'tasks', 'run', 'cell_kpi_hourly_anomaly_pipeline', '0_check_landing_file', 'scheduled__2025-05-31T17:00:00+00:00', '--job-id', '51', '--raw', '--subdir', 'DAGS_FOLDER/cell_kpi_hourly_anomaly.py', '--cfg-path', '/tmp/tmpa_jgi473']
[2026-08-21T04:26:16.756+0000] {standard_task_runner.py:91} INFO - Job 51: Subtask 0_check_landing_file
[2026-08-21T04:26:16.808+0000] {task_command.py:426} INFO - Running <TaskInstance: cell_kpi_hourly_anomaly_pipeline.0_check_landing_file scheduled__2025-05-31T17:00:00+00:00 [running]> on host c90a551abb73
[2026-08-21T04:26:16.892+0000] {taskinstance.py:2648} INFO - Exporting env vars: AIRFLOW_CTX_DAG_OWNER='data_engineer_team' AIRFLOW_CTX_DAG_ID='cell_kpi_hourly_anomaly_pipeline' AIRFLOW_CTX_TASK_ID='0_check_landing_file' AIRFLOW_CTX_EXECUTION_DATE='2025-05-31T17:00:00+00:00' AIRFLOW_CTX_TRY_NUMBER='1' AIRFLOW_CTX_DAG_RUN_ID='scheduled__2025-05-31T17:00:00+00:00'
[2026-08-21T04:26:16.893+0000] {taskinstance.py:430} INFO - ::endgroup::
[2026-08-21T04:26:16.909+0000] {logging_mixin.py:188} WARNING - /home/***/.local/lib/python3.10/site-packages/***/utils/context.py:320 AirflowContextDeprecationWarning: Accessing 'execution_date' from the template is deprecated and will be removed in a future version. Please use 'data_interval_start' or 'logical_date' instead.
[2026-08-21T04:26:16.924+0000] {base.py:84} INFO - Using connection ID 'minio_default' for task execution.
[2026-08-21T04:26:16.924+0000] {connection_wrapper.py:384} INFO - AWS Connection (conn_id='minio_default', conn_type='aws') credentials retrieved from login and ***.
[2026-08-21T04:26:17.239+0000] {logging_mixin.py:188} INFO -  File 202506.csv đã sẵn sàng trên Landing Zone.
[2026-08-21T04:26:17.239+0000] {python.py:237} INFO - Done. Returned value was: s3a://landingzone/202506.csv
[2026-08-21T04:26:17.239+0000] {taskinstance.py:441} INFO - ::group::Post task execution logs
[2026-08-21T04:26:17.258+0000] {taskinstance.py:1206} INFO - Marking task as SUCCESS. dag_id=cell_kpi_hourly_anomaly_pipeline, task_id=0_check_landing_file, run_id=scheduled__2025-05-31T17:00:00+00:00, execution_date=20250531T170000, start_date=20260821T042616, end_date=20260821T042617
[2026-08-21T04:26:17.288+0000] {local_task_job_runner.py:240} INFO - Task exited with return code 0
[2026-08-21T04:26:17.310+0000] {taskinstance.py:3498} INFO - 1 downstream tasks scheduled from follow-on schedule check
[2026-08-21T04:26:17.311+0000] {local_task_job_runner.py:222} INFO - ::endgroup::
[2026-08-21T04:32:21.689+0000] {local_task_job_runner.py:120} INFO - ::group::Pre task execution logs
[2026-08-21T04:32:21.705+0000] {taskinstance.py:2076} INFO - Dependencies all met for dep_context=non-requeueable deps ti=<TaskInstance: cell_kpi_hourly_anomaly_pipeline.0_check_landing_file scheduled__2025-05-31T17:00:00+00:00 [queued]>
[2026-08-21T04:32:21.711+0000] {taskinstance.py:2076} INFO - Dependencies all met for dep_context=requeueable deps ti=<TaskInstance: cell_kpi_hourly_anomaly_pipeline.0_check_landing_file scheduled__2025-05-31T17:00:00+00:00 [queued]>
[2026-08-21T04:32:21.712+0000] {taskinstance.py:2306} INFO - Starting attempt 1 of 2
[2026-08-21T04:32:21.722+0000] {taskinstance.py:2330} INFO - Executing <Task(PythonOperator): 0_check_landing_file> on 2025-05-31 17:00:00+00:00
[2026-08-21T04:32:21.727+0000] {standard_task_runner.py:63} INFO - Started process 6463 to run task
[2026-08-21T04:32:21.731+0000] {standard_task_runner.py:90} INFO - Running: ['***', 'tasks', 'run', 'cell_kpi_hourly_anomaly_pipeline', '0_check_landing_file', 'scheduled__2025-05-31T17:00:00+00:00', '--job-id', '57', '--raw', '--subdir', 'DAGS_FOLDER/cell_kpi_hourly_anomaly.py', '--cfg-path', '/tmp/tmptd76joug']
[2026-08-21T04:32:21.733+0000] {standard_task_runner.py:91} INFO - Job 57: Subtask 0_check_landing_file
[2026-08-21T04:32:21.777+0000] {task_command.py:426} INFO - Running <TaskInstance: cell_kpi_hourly_anomaly_pipeline.0_check_landing_file scheduled__2025-05-31T17:00:00+00:00 [running]> on host c90a551abb73
[2026-08-21T04:32:21.851+0000] {taskinstance.py:2648} INFO - Exporting env vars: AIRFLOW_CTX_DAG_OWNER='data_engineer_team' AIRFLOW_CTX_DAG_ID='cell_kpi_hourly_anomaly_pipeline' AIRFLOW_CTX_TASK_ID='0_check_landing_file' AIRFLOW_CTX_EXECUTION_DATE='2025-05-31T17:00:00+00:00' AIRFLOW_CTX_TRY_NUMBER='1' AIRFLOW_CTX_DAG_RUN_ID='scheduled__2025-05-31T17:00:00+00:00'
[2026-08-21T04:32:21.851+0000] {taskinstance.py:430} INFO - ::endgroup::
[2026-08-21T04:32:21.870+0000] {logging_mixin.py:188} WARNING - /home/***/.local/lib/python3.10/site-packages/***/utils/context.py:320 AirflowContextDeprecationWarning: Accessing 'execution_date' from the template is deprecated and will be removed in a future version. Please use 'data_interval_start' or 'logical_date' instead.
[2026-08-21T04:32:21.900+0000] {base.py:84} INFO - Using connection ID 'minio_default' for task execution.
[2026-08-21T04:32:21.900+0000] {connection_wrapper.py:384} INFO - AWS Connection (conn_id='minio_default', conn_type='aws') credentials retrieved from login and ***.
[2026-08-21T04:32:22.424+0000] {logging_mixin.py:188} INFO -  File 202506.csv đã sẵn sàng trên Landing Zone.
[2026-08-21T04:32:22.424+0000] {python.py:237} INFO - Done. Returned value was: s3a://landingzone/202506.csv
[2026-08-21T04:32:22.424+0000] {taskinstance.py:441} INFO - ::group::Post task execution logs
[2026-08-21T04:32:22.444+0000] {taskinstance.py:1206} INFO - Marking task as SUCCESS. dag_id=cell_kpi_hourly_anomaly_pipeline, task_id=0_check_landing_file, run_id=scheduled__2025-05-31T17:00:00+00:00, execution_date=20250531T170000, start_date=20260821T043221, end_date=20260821T043222
[2026-08-21T04:32:22.466+0000] {local_task_job_runner.py:240} INFO - Task exited with return code 0
[2026-08-21T04:32:22.488+0000] {taskinstance.py:3498} INFO - 1 downstream tasks scheduled from follow-on schedule check
[2026-08-21T04:32:22.490+0000] {local_task_job_runner.py:222} INFO - ::endgroup::
