[2026-08-21T03:55:37.306+0000] {local_task_job_runner.py:120} INFO - ::group::Pre task execution logs
[2026-08-21T03:55:37.328+0000] {taskinstance.py:2076} INFO - Dependencies all met for dep_context=non-requeueable deps ti=<TaskInstance: cell_kpi_hourly_anomaly_pipeline.1_ingest_hourly_bronze scheduled__2025-05-31T17:00:00+00:00 [queued]>
[2026-08-21T03:55:37.336+0000] {taskinstance.py:2076} INFO - Dependencies all met for dep_context=requeueable deps ti=<TaskInstance: cell_kpi_hourly_anomaly_pipeline.1_ingest_hourly_bronze scheduled__2025-05-31T17:00:00+00:00 [queued]>
[2026-08-21T03:55:37.336+0000] {taskinstance.py:2306} INFO - Starting attempt 2 of 2
[2026-08-21T03:55:37.356+0000] {taskinstance.py:2330} INFO - Executing <Task(SparkSubmitOperator): 1_ingest_hourly_bronze> on 2025-05-31 17:00:00+00:00
[2026-08-21T03:55:37.366+0000] {standard_task_runner.py:63} INFO - Started process 2769 to run task
[2026-08-21T03:55:37.369+0000] {standard_task_runner.py:90} INFO - Running: ['***', 'tasks', 'run', 'cell_kpi_hourly_anomaly_pipeline', '1_ingest_hourly_bronze', 'scheduled__2025-05-31T17:00:00+00:00', '--job-id', '31', '--raw', '--subdir', 'DAGS_FOLDER/cell_kpi_hourly_anomaly.py', '--cfg-path', '/tmp/tmp0o1t_78s']
[2026-08-21T03:55:37.376+0000] {standard_task_runner.py:91} INFO - Job 31: Subtask 1_ingest_hourly_bronze
[2026-08-21T03:55:37.465+0000] {task_command.py:426} INFO - Running <TaskInstance: cell_kpi_hourly_anomaly_pipeline.1_ingest_hourly_bronze scheduled__2025-05-31T17:00:00+00:00 [running]> on host c90a551abb73
[2026-08-21T03:55:37.563+0000] {logging_mixin.py:188} WARNING - /home/***/.local/lib/python3.10/site-packages/***/utils/context.py:212 AirflowContextDeprecationWarning: Accessing 'execution_date' from the template is deprecated and will be removed in a future version. Please use 'data_interval_start' or 'logical_date' instead.
[2026-08-21T03:55:37.617+0000] {taskinstance.py:2648} INFO - Exporting env vars: AIRFLOW_CTX_DAG_OWNER='data_engineer_team' AIRFLOW_CTX_DAG_ID='cell_kpi_hourly_anomaly_pipeline' AIRFLOW_CTX_TASK_ID='1_ingest_hourly_bronze' AIRFLOW_CTX_EXECUTION_DATE='2025-05-31T17:00:00+00:00' AIRFLOW_CTX_TRY_NUMBER='2' AIRFLOW_CTX_DAG_RUN_ID='scheduled__2025-05-31T17:00:00+00:00'
[2026-08-21T03:55:37.618+0000] {taskinstance.py:430} INFO - ::endgroup::
[2026-08-21T03:55:37.648+0000] {base.py:84} INFO - Using connection ID 'spark-master' for task execution.
[2026-08-21T03:55:37.649+0000] {spark_submit.py:401} INFO - Spark-Submit cmd: spark-submit --master spark://spark-master:7077 --name arrow-spark --deploy-mode client /opt/spark_scripts/1_ingest_hourly.py --input_path s3a://landingzone/202506.csv --target_date_hour 2025-06-01-00
[2026-08-21T03:55:37.843+0000] {spark_submit.py:571} INFO - /home/***/.local/lib/python3.10/site-packages/pyspark/bin/load-spark-env.sh: line 68: ps: command not found
[2026-08-21T03:55:43.964+0000] {spark_submit.py:571} INFO - 26/08/21 03:55:43 INFO SparkContext: Running Spark version 3.5.1
[2026-08-21T03:55:43.970+0000] {spark_submit.py:571} INFO - 26/08/21 03:55:43 INFO SparkContext: OS info Linux, 6.8.0-1052-azure, amd64
[2026-08-21T03:55:43.971+0000] {spark_submit.py:571} INFO - 26/08/21 03:55:43 INFO SparkContext: Java version 17.0.20
[2026-08-21T03:55:44.153+0000] {spark_submit.py:571} INFO - 26/08/21 03:55:44 WARN NativeCodeLoader: Unable to load native-hadoop library for your platform... using builtin-java classes where applicable
[2026-08-21T03:55:44.300+0000] {spark_submit.py:571} INFO - 26/08/21 03:55:44 INFO ResourceUtils: ==============================================================
[2026-08-21T03:55:44.301+0000] {spark_submit.py:571} INFO - 26/08/21 03:55:44 INFO ResourceUtils: No custom resources configured for spark.driver.
[2026-08-21T03:55:44.301+0000] {spark_submit.py:571} INFO - 26/08/21 03:55:44 INFO ResourceUtils: ==============================================================
[2026-08-21T03:55:44.301+0000] {spark_submit.py:571} INFO - 26/08/21 03:55:44 INFO SparkContext: Submitted application: Ingest_Bronze_2025-06-01-00
[2026-08-21T03:55:44.329+0000] {spark_submit.py:571} INFO - 26/08/21 03:55:44 INFO ResourceProfile: Default ResourceProfile created, executor resources: Map(memory -> name: memory, amount: 1024, script: , vendor: , offHeap -> name: offHeap, amount: 0, script: , vendor: ), task resources: Map(cpus -> name: cpus, amount: 1.0)
[2026-08-21T03:55:44.347+0000] {spark_submit.py:571} INFO - 26/08/21 03:55:44 INFO ResourceProfile: Limiting resource is cpu
[2026-08-21T03:55:44.349+0000] {spark_submit.py:571} INFO - 26/08/21 03:55:44 INFO ResourceProfileManager: Added ResourceProfile id: 0
[2026-08-21T03:55:44.429+0000] {spark_submit.py:571} INFO - 26/08/21 03:55:44 INFO SecurityManager: Changing view acls to: ***
[2026-08-21T03:55:44.430+0000] {spark_submit.py:571} INFO - 26/08/21 03:55:44 INFO SecurityManager: Changing modify acls to: ***
[2026-08-21T03:55:44.433+0000] {spark_submit.py:571} INFO - 26/08/21 03:55:44 INFO SecurityManager: Changing view acls groups to:
[2026-08-21T03:55:44.434+0000] {spark_submit.py:571} INFO - 26/08/21 03:55:44 INFO SecurityManager: Changing modify acls groups to:
[2026-08-21T03:55:44.434+0000] {spark_submit.py:571} INFO - 26/08/21 03:55:44 INFO SecurityManager: SecurityManager: authentication disabled; ui acls disabled; users with view permissions: ***; groups with view permissions: EMPTY; users with modify permissions: ***; groups with modify permissions: EMPTY
[2026-08-21T03:55:44.890+0000] {spark_submit.py:571} INFO - 26/08/21 03:55:44 INFO Utils: Successfully started service 'sparkDriver' on port 34487.
[2026-08-21T03:55:44.984+0000] {spark_submit.py:571} INFO - 26/08/21 03:55:44 INFO SparkEnv: Registering MapOutputTracker
[2026-08-21T03:55:45.069+0000] {spark_submit.py:571} INFO - 26/08/21 03:55:45 INFO SparkEnv: Registering BlockManagerMaster
[2026-08-21T03:55:45.100+0000] {spark_submit.py:571} INFO - 26/08/21 03:55:45 INFO BlockManagerMasterEndpoint: Using org.apache.spark.storage.DefaultTopologyMapper for getting topology information
[2026-08-21T03:55:45.103+0000] {spark_submit.py:571} INFO - 26/08/21 03:55:45 INFO BlockManagerMasterEndpoint: BlockManagerMasterEndpoint up
[2026-08-21T03:55:45.113+0000] {spark_submit.py:571} INFO - 26/08/21 03:55:45 INFO SparkEnv: Registering BlockManagerMasterHeartbeat
[2026-08-21T03:55:45.154+0000] {spark_submit.py:571} INFO - 26/08/21 03:55:45 INFO DiskBlockManager: Created local directory at /tmp/blockmgr-c890442c-7315-4978-b8e7-d46a0c5a9a33
[2026-08-21T03:55:45.178+0000] {spark_submit.py:571} INFO - 26/08/21 03:55:45 INFO MemoryStore: MemoryStore started with capacity 434.4 MiB
[2026-08-21T03:55:45.223+0000] {spark_submit.py:571} INFO - 26/08/21 03:55:45 INFO SparkEnv: Registering OutputCommitCoordinator
[2026-08-21T03:55:45.697+0000] {spark_submit.py:571} INFO - 26/08/21 03:55:45 INFO JettyUtils: Start Jetty 0.0.0.0:4040 for SparkUI
[2026-08-21T03:55:45.814+0000] {spark_submit.py:571} INFO - 26/08/21 03:55:45 WARN Utils: Service 'SparkUI' could not bind on port 4040. Attempting port 4041.
[2026-08-21T03:55:45.835+0000] {spark_submit.py:571} INFO - 26/08/21 03:55:45 INFO Utils: Successfully started service 'SparkUI' on port 4041.
[2026-08-21T03:55:46.161+0000] {spark_submit.py:571} INFO - 26/08/21 03:55:46 INFO StandaloneAppClient$ClientEndpoint: Connecting to master spark://spark-master:7077...
[2026-08-21T03:55:46.295+0000] {spark_submit.py:571} INFO - 26/08/21 03:55:46 INFO TransportClientFactory: Successfully created connection to spark-master/172.18.0.4:7077 after 78 ms (0 ms spent in bootstraps)
[2026-08-21T03:55:46.485+0000] {spark_submit.py:571} INFO - 26/08/21 03:55:46 INFO StandaloneSchedulerBackend: Connected to Spark cluster with app ID app-20260821035546-0005
[2026-08-21T03:55:46.494+0000] {spark_submit.py:571} INFO - 26/08/21 03:55:46 INFO Utils: Successfully started service 'org.apache.spark.network.netty.NettyBlockTransferService' on port 42565.
[2026-08-21T03:55:46.495+0000] {spark_submit.py:571} INFO - 26/08/21 03:55:46 INFO NettyBlockTransferService: Server created on c90a551abb73:42565
[2026-08-21T03:55:46.499+0000] {spark_submit.py:571} INFO - 26/08/21 03:55:46 INFO BlockManager: Using org.apache.spark.storage.RandomBlockReplicationPolicy for block replication policy
[2026-08-21T03:55:46.505+0000] {spark_submit.py:571} INFO - 26/08/21 03:55:46 INFO BlockManagerMaster: Registering BlockManager BlockManagerId(driver, c90a551abb73, 42565, None)
[2026-08-21T03:55:46.508+0000] {spark_submit.py:571} INFO - 26/08/21 03:55:46 INFO BlockManagerMasterEndpoint: Registering block manager c90a551abb73:42565 with 434.4 MiB RAM, BlockManagerId(driver, c90a551abb73, 42565, None)
[2026-08-21T03:55:46.511+0000] {spark_submit.py:571} INFO - 26/08/21 03:55:46 INFO BlockManagerMaster: Registered BlockManager BlockManagerId(driver, c90a551abb73, 42565, None)
[2026-08-21T03:55:46.514+0000] {spark_submit.py:571} INFO - 26/08/21 03:55:46 INFO BlockManager: Initialized BlockManager: BlockManagerId(driver, c90a551abb73, 42565, None)
[2026-08-21T03:55:46.837+0000] {spark_submit.py:571} INFO - 26/08/21 03:55:46 INFO StandaloneSchedulerBackend: SchedulerBackend is ready for scheduling beginning after reached minRegisteredResourcesRatio: 0.0
[2026-08-21T03:55:47.287+0000] {spark_submit.py:571} INFO - Đang nạp s3a://landingzone/202506.csv và trích xuất dữ liệu ca: 2025-06-01-00...
[2026-08-21T03:55:47.423+0000] {spark_submit.py:571} INFO - 26/08/21 03:55:47 INFO SharedState: Setting hive.metastore.warehouse.dir ('null') to the value of spark.sql.warehouse.dir.
[2026-08-21T03:55:47.441+0000] {spark_submit.py:571} INFO - 26/08/21 03:55:47 INFO SharedState: Warehouse path is 'file:/opt/***/spark-warehouse'.
[2026-08-21T03:55:48.240+0000] {spark_submit.py:571} INFO - 26/08/21 03:55:48 INFO StandaloneAppClient$ClientEndpoint: Executor added: app-20260821035546-0005/0 on worker-20260821021253-172.18.0.6-39045 (172.18.0.6:39045) with 2 core(s)
[2026-08-21T03:55:48.244+0000] {spark_submit.py:571} INFO - 26/08/21 03:55:48 INFO StandaloneSchedulerBackend: Granted executor ID app-20260821035546-0005/0 on hostPort 172.18.0.6:39045 with 2 core(s), 1024.0 MiB RAM
[2026-08-21T03:55:48.244+0000] {spark_submit.py:571} INFO - 26/08/21 03:55:48 INFO StandaloneAppClient$ClientEndpoint: Executor added: app-20260821035546-0005/1 on worker-20260821021253-172.18.0.7-44957 (172.18.0.7:44957) with 2 core(s)
[2026-08-21T03:55:48.245+0000] {spark_submit.py:571} INFO - 26/08/21 03:55:48 INFO StandaloneSchedulerBackend: Granted executor ID app-20260821035546-0005/1 on hostPort 172.18.0.7:44957 with 2 core(s), 1024.0 MiB RAM
[2026-08-21T03:55:48.365+0000] {spark_submit.py:571} INFO - 26/08/21 03:55:48 INFO StandaloneAppClient$ClientEndpoint: Executor updated: app-20260821035546-0005/1 is now RUNNING
[2026-08-21T03:55:48.382+0000] {spark_submit.py:571} INFO - 26/08/21 03:55:48 INFO StandaloneAppClient$ClientEndpoint: Executor updated: app-20260821035546-0005/0 is now RUNNING
[2026-08-21T03:55:48.785+0000] {spark_submit.py:571} INFO - 26/08/21 03:55:48 WARN MetricsConfig: Cannot locate configuration: tried hadoop-metrics2-s3a-file-system.properties,hadoop-metrics2.properties
[2026-08-21T03:55:48.809+0000] {spark_submit.py:571} INFO - 26/08/21 03:55:48 INFO MetricsSystemImpl: Scheduled Metric snapshot period at 10 second(s).
[2026-08-21T03:55:48.810+0000] {spark_submit.py:571} INFO - 26/08/21 03:55:48 INFO MetricsSystemImpl: s3a-file-system metrics system started
[2026-08-21T03:55:50.789+0000] {spark_submit.py:571} INFO - 26/08/21 03:55:50 INFO InMemoryFileIndex: It took 203 ms to list leaf files for 1 paths.
[2026-08-21T03:55:51.007+0000] {spark_submit.py:571} INFO - 26/08/21 03:55:51 INFO InMemoryFileIndex: It took 41 ms to list leaf files for 1 paths.
[2026-08-21T03:55:54.739+0000] {spark_submit.py:571} INFO - 26/08/21 03:55:54 INFO StandaloneSchedulerBackend$StandaloneDriverEndpoint: Registered executor NettyRpcEndpointRef(spark-client://Executor) (172.18.0.6:45854) with ID 0,  ResourceProfileId 0
[2026-08-21T03:55:54.793+0000] {spark_submit.py:571} INFO - 26/08/21 03:55:54 INFO StandaloneSchedulerBackend$StandaloneDriverEndpoint: Registered executor NettyRpcEndpointRef(spark-client://Executor) (172.18.0.7:56258) with ID 1,  ResourceProfileId 0
[2026-08-21T03:55:54.951+0000] {spark_submit.py:571} INFO - 26/08/21 03:55:54 INFO BlockManagerMasterEndpoint: Registering block manager 172.18.0.6:43045 with 434.4 MiB RAM, BlockManagerId(0, 172.18.0.6, 43045, None)
[2026-08-21T03:55:54.965+0000] {spark_submit.py:571} INFO - 26/08/21 03:55:54 INFO BlockManagerMasterEndpoint: Registering block manager 172.18.0.7:37171 with 434.4 MiB RAM, BlockManagerId(1, 172.18.0.7, 37171, None)
[2026-08-21T03:55:56.042+0000] {spark_submit.py:571} INFO - 26/08/21 03:55:56 INFO FileSourceStrategy: Pushed Filters:
[2026-08-21T03:55:56.043+0000] {spark_submit.py:571} INFO - 26/08/21 03:55:56 INFO FileSourceStrategy: Post-Scan Filters: (length(trim(value#0, None)) > 0)
[2026-08-21T03:55:56.831+0000] {spark_submit.py:571} INFO - 26/08/21 03:55:56 INFO CodeGenerator: Code generated in 260.111366 ms
[2026-08-21T03:55:56.881+0000] {spark_submit.py:571} INFO - 26/08/21 03:55:56 INFO MemoryStore: Block broadcast_0 stored as values in memory (estimated size 201.7 KiB, free 434.2 MiB)
[2026-08-21T03:55:56.948+0000] {spark_submit.py:571} INFO - 26/08/21 03:55:56 INFO MemoryStore: Block broadcast_0_piece0 stored as bytes in memory (estimated size 34.9 KiB, free 434.2 MiB)
[2026-08-21T03:55:56.950+0000] {spark_submit.py:571} INFO - 26/08/21 03:55:56 INFO BlockManagerInfo: Added broadcast_0_piece0 in memory on c90a551abb73:42565 (size: 34.9 KiB, free: 434.4 MiB)
[2026-08-21T03:55:56.961+0000] {spark_submit.py:571} INFO - 26/08/21 03:55:56 INFO SparkContext: Created broadcast 0 from csv at NativeMethodAccessorImpl.java:0
[2026-08-21T03:55:56.971+0000] {spark_submit.py:571} INFO - 26/08/21 03:55:56 INFO FileSourceScanExec: Planning scan with bin packing, max size: 134217728 bytes, open cost is considered as scanning 4194304 bytes.
[2026-08-21T03:55:57.068+0000] {spark_submit.py:571} INFO - 26/08/21 03:55:57 INFO SparkContext: Starting job: csv at NativeMethodAccessorImpl.java:0
[2026-08-21T03:55:57.087+0000] {spark_submit.py:571} INFO - 26/08/21 03:55:57 INFO DAGScheduler: Got job 0 (csv at NativeMethodAccessorImpl.java:0) with 1 output partitions
[2026-08-21T03:55:57.088+0000] {spark_submit.py:571} INFO - 26/08/21 03:55:57 INFO DAGScheduler: Final stage: ResultStage 0 (csv at NativeMethodAccessorImpl.java:0)
[2026-08-21T03:55:57.089+0000] {spark_submit.py:571} INFO - 26/08/21 03:55:57 INFO DAGScheduler: Parents of final stage: List()
[2026-08-21T03:55:57.090+0000] {spark_submit.py:571} INFO - 26/08/21 03:55:57 INFO DAGScheduler: Missing parents: List()
[2026-08-21T03:55:57.094+0000] {spark_submit.py:571} INFO - 26/08/21 03:55:57 INFO DAGScheduler: Submitting ResultStage 0 (MapPartitionsRDD[3] at csv at NativeMethodAccessorImpl.java:0), which has no missing parents
[2026-08-21T03:55:57.154+0000] {spark_submit.py:571} INFO - 26/08/21 03:55:57 INFO MemoryStore: Block broadcast_1 stored as values in memory (estimated size 13.5 KiB, free 434.2 MiB)
[2026-08-21T03:55:57.174+0000] {spark_submit.py:571} INFO - 26/08/21 03:55:57 INFO MemoryStore: Block broadcast_1_piece0 stored as bytes in memory (estimated size 6.4 KiB, free 434.1 MiB)
[2026-08-21T03:55:57.175+0000] {spark_submit.py:571} INFO - 26/08/21 03:55:57 INFO BlockManagerInfo: Added broadcast_1_piece0 in memory on c90a551abb73:42565 (size: 6.4 KiB, free: 434.4 MiB)
[2026-08-21T03:55:57.180+0000] {spark_submit.py:571} INFO - 26/08/21 03:55:57 INFO SparkContext: Created broadcast 1 from broadcast at DAGScheduler.scala:1585
[2026-08-21T03:55:57.198+0000] {spark_submit.py:571} INFO - 26/08/21 03:55:57 INFO DAGScheduler: Submitting 1 missing tasks from ResultStage 0 (MapPartitionsRDD[3] at csv at NativeMethodAccessorImpl.java:0) (first 15 tasks are for partitions Vector(0))
[2026-08-21T03:55:57.200+0000] {spark_submit.py:571} INFO - 26/08/21 03:55:57 INFO TaskSchedulerImpl: Adding task set 0.0 with 1 tasks resource profile 0
[2026-08-21T03:55:57.248+0000] {spark_submit.py:571} INFO - 26/08/21 03:55:57 INFO TaskSetManager: Starting task 0.0 in stage 0.0 (TID 0) (172.18.0.7, executor 1, partition 0, PROCESS_LOCAL, 8210 bytes)
[2026-08-21T03:55:57.484+0000] {spark_submit.py:571} INFO - 26/08/21 03:55:57 INFO BlockManagerInfo: Added broadcast_1_piece0 in memory on 172.18.0.7:37171 (size: 6.4 KiB, free: 434.4 MiB)
[2026-08-21T03:55:58.493+0000] {spark_submit.py:571} INFO - 26/08/21 03:55:58 INFO BlockManagerInfo: Added broadcast_0_piece0 in memory on 172.18.0.7:37171 (size: 34.9 KiB, free: 434.4 MiB)
[2026-08-21T03:56:00.488+0000] {spark_submit.py:571} INFO - 26/08/21 03:56:00 INFO TaskSetManager: Finished task 0.0 in stage 0.0 (TID 0) in 3261 ms on 172.18.0.7 (executor 1) (1/1)
[2026-08-21T03:56:00.496+0000] {spark_submit.py:571} INFO - 26/08/21 03:56:00 INFO TaskSchedulerImpl: Removed TaskSet 0.0, whose tasks have all completed, from pool
[2026-08-21T03:56:00.519+0000] {spark_submit.py:571} INFO - 26/08/21 03:56:00 INFO DAGScheduler: ResultStage 0 (csv at NativeMethodAccessorImpl.java:0) finished in 3.406 s
[2026-08-21T03:56:00.522+0000] {spark_submit.py:571} INFO - 26/08/21 03:56:00 INFO DAGScheduler: Job 0 is finished. Cancelling potential speculative or zombie tasks for this job
[2026-08-21T03:56:00.525+0000] {spark_submit.py:571} INFO - 26/08/21 03:56:00 INFO TaskSchedulerImpl: Killing all running tasks in stage 0: Stage finished
[2026-08-21T03:56:00.533+0000] {spark_submit.py:571} INFO - 26/08/21 03:56:00 INFO DAGScheduler: Job 0 finished: csv at NativeMethodAccessorImpl.java:0, took 3.464078 s
[2026-08-21T03:56:00.587+0000] {spark_submit.py:571} INFO - 26/08/21 03:56:00 INFO CodeGenerator: Code generated in 34.432625 ms
[2026-08-21T03:56:00.688+0000] {spark_submit.py:571} INFO - 26/08/21 03:56:00 INFO BlockManagerInfo: Removed broadcast_1_piece0 on c90a551abb73:42565 in memory (size: 6.4 KiB, free: 434.4 MiB)
[2026-08-21T03:56:00.725+0000] {spark_submit.py:571} INFO - 26/08/21 03:56:00 INFO FileSourceStrategy: Pushed Filters:
[2026-08-21T03:56:00.726+0000] {spark_submit.py:571} INFO - 26/08/21 03:56:00 INFO FileSourceStrategy: Post-Scan Filters:
[2026-08-21T03:56:00.726+0000] {spark_submit.py:571} INFO - 26/08/21 03:56:00 INFO MemoryStore: Block broadcast_2 stored as values in memory (estimated size 201.7 KiB, free 434.0 MiB)
[2026-08-21T03:56:00.726+0000] {spark_submit.py:571} INFO - 26/08/21 03:56:00 INFO BlockManagerInfo: Removed broadcast_1_piece0 on 172.18.0.7:37171 in memory (size: 6.4 KiB, free: 434.4 MiB)
[2026-08-21T03:56:00.833+0000] {spark_submit.py:571} INFO - 26/08/21 03:56:00 INFO MemoryStore: Block broadcast_2_piece0 stored as bytes in memory (estimated size 34.9 KiB, free 433.9 MiB)
[2026-08-21T03:56:00.838+0000] {spark_submit.py:571} INFO - 26/08/21 03:56:00 INFO BlockManagerInfo: Added broadcast_2_piece0 in memory on c90a551abb73:42565 (size: 34.9 KiB, free: 434.3 MiB)
[2026-08-21T03:56:00.844+0000] {spark_submit.py:571} INFO - 26/08/21 03:56:00 INFO SparkContext: Created broadcast 2 from csv at NativeMethodAccessorImpl.java:0
[2026-08-21T03:56:00.851+0000] {spark_submit.py:571} INFO - 26/08/21 03:56:00 INFO FileSourceScanExec: Planning scan with bin packing, max size: 134217728 bytes, open cost is considered as scanning 4194304 bytes.
[2026-08-21T03:56:01.072+0000] {spark_submit.py:571} INFO - 26/08/21 03:56:01 INFO SparkContext: Starting job: csv at NativeMethodAccessorImpl.java:0
[2026-08-21T03:56:01.072+0000] {spark_submit.py:571} INFO - 26/08/21 03:56:01 INFO DAGScheduler: Got job 1 (csv at NativeMethodAccessorImpl.java:0) with 7 output partitions
[2026-08-21T03:56:01.074+0000] {spark_submit.py:571} INFO - 26/08/21 03:56:01 INFO DAGScheduler: Final stage: ResultStage 1 (csv at NativeMethodAccessorImpl.java:0)
[2026-08-21T03:56:01.075+0000] {spark_submit.py:571} INFO - 26/08/21 03:56:01 INFO DAGScheduler: Parents of final stage: List()
[2026-08-21T03:56:01.075+0000] {spark_submit.py:571} INFO - 26/08/21 03:56:01 INFO DAGScheduler: Missing parents: List()
[2026-08-21T03:56:01.075+0000] {spark_submit.py:571} INFO - 26/08/21 03:56:01 INFO DAGScheduler: Submitting ResultStage 1 (MapPartitionsRDD[9] at csv at NativeMethodAccessorImpl.java:0), which has no missing parents
[2026-08-21T03:56:01.116+0000] {spark_submit.py:571} INFO - 26/08/21 03:56:01 INFO MemoryStore: Block broadcast_3 stored as values in memory (estimated size 28.3 KiB, free 433.9 MiB)
[2026-08-21T03:56:01.130+0000] {spark_submit.py:571} INFO - 26/08/21 03:56:01 INFO MemoryStore: Block broadcast_3_piece0 stored as bytes in memory (estimated size 13.1 KiB, free 433.9 MiB)
[2026-08-21T03:56:01.135+0000] {spark_submit.py:571} INFO - 26/08/21 03:56:01 INFO BlockManagerInfo: Added broadcast_3_piece0 in memory on c90a551abb73:42565 (size: 13.1 KiB, free: 434.3 MiB)
[2026-08-21T03:56:01.135+0000] {spark_submit.py:571} INFO - 26/08/21 03:56:01 INFO SparkContext: Created broadcast 3 from broadcast at DAGScheduler.scala:1585
[2026-08-21T03:56:01.135+0000] {spark_submit.py:571} INFO - 26/08/21 03:56:01 INFO DAGScheduler: Submitting 7 missing tasks from ResultStage 1 (MapPartitionsRDD[9] at csv at NativeMethodAccessorImpl.java:0) (first 15 tasks are for partitions Vector(0, 1, 2, 3, 4, 5, 6))
[2026-08-21T03:56:01.136+0000] {spark_submit.py:571} INFO - 26/08/21 03:56:01 INFO TaskSchedulerImpl: Adding task set 1.0 with 7 tasks resource profile 0
[2026-08-21T03:56:01.136+0000] {spark_submit.py:571} INFO - 26/08/21 03:56:01 INFO TaskSetManager: Starting task 0.0 in stage 1.0 (TID 1) (172.18.0.7, executor 1, partition 0, PROCESS_LOCAL, 8210 bytes)
[2026-08-21T03:56:01.137+0000] {spark_submit.py:571} INFO - 26/08/21 03:56:01 INFO TaskSetManager: Starting task 1.0 in stage 1.0 (TID 2) (172.18.0.6, executor 0, partition 1, PROCESS_LOCAL, 8210 bytes)
[2026-08-21T03:56:01.140+0000] {spark_submit.py:571} INFO - 26/08/21 03:56:01 INFO TaskSetManager: Starting task 2.0 in stage 1.0 (TID 3) (172.18.0.7, executor 1, partition 2, PROCESS_LOCAL, 8210 bytes)
[2026-08-21T03:56:01.140+0000] {spark_submit.py:571} INFO - 26/08/21 03:56:01 INFO TaskSetManager: Starting task 3.0 in stage 1.0 (TID 4) (172.18.0.6, executor 0, partition 3, PROCESS_LOCAL, 8210 bytes)
[2026-08-21T03:56:01.224+0000] {spark_submit.py:571} INFO - 26/08/21 03:56:01 INFO BlockManagerInfo: Added broadcast_3_piece0 in memory on 172.18.0.7:37171 (size: 13.1 KiB, free: 434.4 MiB)
[2026-08-21T03:56:01.665+0000] {spark_submit.py:571} INFO - 26/08/21 03:56:01 INFO BlockManagerInfo: Added broadcast_3_piece0 in memory on 172.18.0.6:43045 (size: 13.1 KiB, free: 434.4 MiB)
[2026-08-21T03:56:03.490+0000] {spark_submit.py:571} INFO - 26/08/21 03:56:03 INFO BlockManagerInfo: Added broadcast_2_piece0 in memory on 172.18.0.7:37171 (size: 34.9 KiB, free: 434.3 MiB)
[2026-08-21T03:56:05.833+0000] {spark_submit.py:571} INFO - 26/08/21 03:56:05 INFO BlockManagerInfo: Added broadcast_2_piece0 in memory on 172.18.0.6:43045 (size: 34.9 KiB, free: 434.4 MiB)
[2026-08-21T03:56:06.642+0000] {spark_submit.py:571} INFO - 26/08/21 03:56:06 INFO TaskSetManager: Starting task 4.0 in stage 1.0 (TID 5) (172.18.0.7, executor 1, partition 4, PROCESS_LOCAL, 8210 bytes)
[2026-08-21T03:56:06.646+0000] {spark_submit.py:571} INFO - 26/08/21 03:56:06 INFO TaskSetManager: Finished task 2.0 in stage 1.0 (TID 3) in 5507 ms on 172.18.0.7 (executor 1) (1/7)
[2026-08-21T03:56:07.486+0000] {spark_submit.py:571} INFO - 26/08/21 03:56:07 INFO TaskSetManager: Starting task 5.0 in stage 1.0 (TID 6) (172.18.0.7, executor 1, partition 5, PROCESS_LOCAL, 8210 bytes)
[2026-08-21T03:56:07.488+0000] {spark_submit.py:571} INFO - 26/08/21 03:56:07 INFO TaskSetManager: Finished task 0.0 in stage 1.0 (TID 1) in 6343 ms on 172.18.0.7 (executor 1) (2/7)
[2026-08-21T03:56:09.769+0000] {spark_submit.py:571} INFO - 26/08/21 03:56:09 INFO TaskSetManager: Starting task 6.0 in stage 1.0 (TID 7) (172.18.0.7, executor 1, partition 6, PROCESS_LOCAL, 8210 bytes)
[2026-08-21T03:56:09.776+0000] {spark_submit.py:571} INFO - 26/08/21 03:56:09 INFO TaskSetManager: Finished task 4.0 in stage 1.0 (TID 5) in 3140 ms on 172.18.0.7 (executor 1) (3/7)
[2026-08-21T03:56:10.660+0000] {spark_submit.py:571} INFO - 26/08/21 03:56:10 INFO TaskSetManager: Finished task 5.0 in stage 1.0 (TID 6) in 3181 ms on 172.18.0.7 (executor 1) (4/7)
[2026-08-21T03:56:11.951+0000] {spark_submit.py:571} INFO - 26/08/21 03:56:11 INFO TaskSetManager: Finished task 6.0 in stage 1.0 (TID 7) in 2182 ms on 172.18.0.7 (executor 1) (5/7)
[2026-08-21T03:56:12.136+0000] {spark_submit.py:571} INFO - 26/08/21 03:56:12 INFO TaskSetManager: Finished task 1.0 in stage 1.0 (TID 2) in 11000 ms on 172.18.0.6 (executor 0) (6/7)
[2026-08-21T03:56:12.305+0000] {spark_submit.py:571} INFO - 26/08/21 03:56:12 INFO TaskSetManager: Finished task 3.0 in stage 1.0 (TID 4) in 11166 ms on 172.18.0.6 (executor 0) (7/7)
[2026-08-21T03:56:12.305+0000] {spark_submit.py:571} INFO - 26/08/21 03:56:12 INFO TaskSchedulerImpl: Removed TaskSet 1.0, whose tasks have all completed, from pool
[2026-08-21T03:56:12.307+0000] {spark_submit.py:571} INFO - 26/08/21 03:56:12 INFO DAGScheduler: ResultStage 1 (csv at NativeMethodAccessorImpl.java:0) finished in 11.232 s
[2026-08-21T03:56:12.308+0000] {spark_submit.py:571} INFO - 26/08/21 03:56:12 INFO DAGScheduler: Job 1 is finished. Cancelling potential speculative or zombie tasks for this job
[2026-08-21T03:56:12.308+0000] {spark_submit.py:571} INFO - 26/08/21 03:56:12 INFO TaskSchedulerImpl: Killing all running tasks in stage 1: Stage finished
[2026-08-21T03:56:12.309+0000] {spark_submit.py:571} INFO - 26/08/21 03:56:12 INFO DAGScheduler: Job 1 finished: csv at NativeMethodAccessorImpl.java:0, took 11.243103 s
[2026-08-21T03:56:12.462+0000] {spark_submit.py:571} INFO - Traceback (most recent call last):
[2026-08-21T03:56:12.462+0000] {spark_submit.py:571} INFO - File "/opt/spark_scripts/1_ingest_hourly.py", line 63, in <module>
[2026-08-21T03:56:12.463+0000] {spark_submit.py:571} INFO - main()
[2026-08-21T03:56:12.463+0000] {spark_submit.py:571} INFO - File "/opt/spark_scripts/1_ingest_hourly.py", line 33, in main
[2026-08-21T03:56:12.463+0000] {spark_submit.py:571} INFO - df_hourly = raw_df.filter(F.col("date_hour").cast("string") == args.target_date_hour)
[2026-08-21T03:56:12.463+0000] {spark_submit.py:571} INFO - File "/home/***/.local/lib/python3.10/site-packages/pyspark/python/lib/pyspark.zip/pyspark/sql/dataframe.py", line 3329, in filter
[2026-08-21T03:56:12.463+0000] {spark_submit.py:571} INFO - File "/home/***/.local/lib/python3.10/site-packages/pyspark/python/lib/py4j-0.10.9.7-src.zip/py4j/java_gateway.py", line 1322, in __call__
[2026-08-21T03:56:12.463+0000] {spark_submit.py:571} INFO - File "/home/***/.local/lib/python3.10/site-packages/pyspark/python/lib/pyspark.zip/pyspark/errors/exceptions/captured.py", line 185, in deco
[2026-08-21T03:56:12.468+0000] {spark_submit.py:571} INFO - pyspark.errors.exceptions.captured.AnalysisException: [UNRESOLVED_COLUMN.WITH_SUGGESTION] A column or function parameter with name `date_hour` cannot be resolved. Did you mean one of the following? [`"enb_name"|"cell_name"|"date_hour"|"dl_traffic_gb"|"ul_traffic_gb"|"total_traffic_gb"|"max_rrc_connected_user"|"ul_prb"|"ul_prb_used"|"ul_prb_available_total"|"dl_prb"|"dl_prb_used"|"dl_prb_available_total"|"sector"|"azimuth"|"cell_type"|"x"|"y"`].;
[2026-08-21T03:56:12.468+0000] {spark_submit.py:571} INFO - 'Filter (cast('date_hour as string) = 2025-06-01-00)
[2026-08-21T03:56:12.468+0000] {spark_submit.py:571} INFO - +- Relation ["enb_name"|"cell_name"|"date_hour"|"dl_traffic_gb"|"ul_traffic_gb"|"total_traffic_gb"|"max_rrc_connected_user"|"ul_prb"|"ul_prb_used"|"ul_prb_available_total"|"dl_prb"|"dl_prb_used"|"dl_prb_available_total"|"sector"|"azimuth"|"cell_type"|"x"|"y"#17] csv
[2026-08-21T03:56:12.469+0000] {spark_submit.py:571} INFO - 
[2026-08-21T03:56:12.506+0000] {spark_submit.py:571} INFO - 26/08/21 03:56:12 INFO SparkContext: Invoking stop() from shutdown hook
[2026-08-21T03:56:12.506+0000] {spark_submit.py:571} INFO - 26/08/21 03:56:12 INFO SparkContext: SparkContext is stopping with exitCode 0.
[2026-08-21T03:56:12.512+0000] {spark_submit.py:571} INFO - 26/08/21 03:56:12 INFO SparkUI: Stopped Spark web UI at http://c90a551abb73:4041
[2026-08-21T03:56:12.514+0000] {spark_submit.py:571} INFO - 26/08/21 03:56:12 INFO StandaloneSchedulerBackend: Shutting down all executors
[2026-08-21T03:56:12.515+0000] {spark_submit.py:571} INFO - 26/08/21 03:56:12 INFO StandaloneSchedulerBackend$StandaloneDriverEndpoint: Asking each executor to shut down
[2026-08-21T03:56:12.552+0000] {spark_submit.py:571} INFO - 26/08/21 03:56:12 INFO MapOutputTrackerMasterEndpoint: MapOutputTrackerMasterEndpoint stopped!
[2026-08-21T03:56:12.607+0000] {spark_submit.py:571} INFO - 26/08/21 03:56:12 INFO MemoryStore: MemoryStore cleared
[2026-08-21T03:56:12.608+0000] {spark_submit.py:571} INFO - 26/08/21 03:56:12 INFO BlockManager: BlockManager stopped
[2026-08-21T03:56:12.617+0000] {spark_submit.py:571} INFO - 26/08/21 03:56:12 INFO BlockManagerMaster: BlockManagerMaster stopped
[2026-08-21T03:56:12.624+0000] {spark_submit.py:571} INFO - 26/08/21 03:56:12 INFO OutputCommitCoordinator$OutputCommitCoordinatorEndpoint: OutputCommitCoordinator stopped!
[2026-08-21T03:56:12.652+0000] {spark_submit.py:571} INFO - 26/08/21 03:56:12 INFO SparkContext: Successfully stopped SparkContext
[2026-08-21T03:56:12.653+0000] {spark_submit.py:571} INFO - 26/08/21 03:56:12 INFO ShutdownHookManager: Shutdown hook called
[2026-08-21T03:56:12.653+0000] {spark_submit.py:571} INFO - 26/08/21 03:56:12 INFO ShutdownHookManager: Deleting directory /tmp/spark-fd43664f-e9ec-407f-8b84-78a4d8c4f644
[2026-08-21T03:56:12.667+0000] {spark_submit.py:571} INFO - 26/08/21 03:56:12 INFO ShutdownHookManager: Deleting directory /tmp/spark-5f89f97f-431f-42d7-8f35-b81ef01ccb7d
[2026-08-21T03:56:12.690+0000] {spark_submit.py:571} INFO - 26/08/21 03:56:12 INFO ShutdownHookManager: Deleting directory /tmp/spark-5f89f97f-431f-42d7-8f35-b81ef01ccb7d/pyspark-75747607-5db8-4fd1-890d-05476f4a5149
[2026-08-21T03:56:12.714+0000] {spark_submit.py:571} INFO - 26/08/21 03:56:12 INFO MetricsSystemImpl: Stopping s3a-file-system metrics system...
[2026-08-21T03:56:12.715+0000] {spark_submit.py:571} INFO - 26/08/21 03:56:12 INFO MetricsSystemImpl: s3a-file-system metrics system stopped.
[2026-08-21T03:56:12.715+0000] {spark_submit.py:571} INFO - 26/08/21 03:56:12 INFO MetricsSystemImpl: s3a-file-system metrics system shutdown complete.
[2026-08-21T03:56:12.830+0000] {taskinstance.py:441} INFO - ::group::Post task execution logs
[2026-08-21T03:56:12.844+0000] {taskinstance.py:2905} ERROR - Task failed with exception
Traceback (most recent call last):
  File "/home/airflow/.local/lib/python3.10/site-packages/airflow/models/taskinstance.py", line 465, in _execute_task
    result = _execute_callable(context=context, **execute_callable_kwargs)
  File "/home/airflow/.local/lib/python3.10/site-packages/airflow/models/taskinstance.py", line 432, in _execute_callable
    return execute_callable(context=context, **execute_callable_kwargs)
  File "/home/airflow/.local/lib/python3.10/site-packages/airflow/models/baseoperator.py", line 400, in wrapper
    return func(self, *args, **kwargs)
  File "/home/airflow/.local/lib/python3.10/site-packages/airflow/providers/apache/spark/operators/spark_submit.py", line 174, in execute
    self._hook.submit(self.application)
  File "/home/airflow/.local/lib/python3.10/site-packages/airflow/providers/apache/spark/hooks/spark_submit.py", line 502, in submit
    raise AirflowException(
airflow.exceptions.AirflowException: Cannot execute: spark-submit --master spark://spark-master:7077 --name arrow-spark --deploy-mode client /opt/spark_scripts/1_ingest_hourly.py --input_path s3a://landingzone/202506.csv --target_date_hour 2025-06-01-00. Error code is: 1.
[2026-08-21T03:56:12.847+0000] {taskinstance.py:1206} INFO - Marking task as FAILED. dag_id=cell_kpi_hourly_anomaly_pipeline, task_id=1_ingest_hourly_bronze, run_id=scheduled__2025-05-31T17:00:00+00:00, execution_date=20250531T170000, start_date=20260821T035537, end_date=20260821T035612
[2026-08-21T03:56:12.860+0000] {standard_task_runner.py:110} ERROR - Failed to execute job 31 for task 1_ingest_hourly_bronze (Cannot execute: spark-submit --master spark://spark-master:7077 --name arrow-spark --deploy-mode client /opt/spark_scripts/1_ingest_hourly.py --input_path s3a://landingzone/202506.csv --target_date_hour 2025-06-01-00. Error code is: 1.; 2769)
[2026-08-21T03:56:12.875+0000] {local_task_job_runner.py:240} INFO - Task exited with return code 1
[2026-08-21T03:56:12.927+0000] {taskinstance.py:3498} INFO - 0 downstream tasks scheduled from follow-on schedule check
[2026-08-21T03:56:12.936+0000] {local_task_job_runner.py:222} INFO - ::endgroup::
