[2026-08-21T02:35:56.061+0000] {local_task_job_runner.py:120} INFO - ::group::Pre task execution logs
[2026-08-21T02:35:56.105+0000] {taskinstance.py:2076} INFO - Dependencies all met for dep_context=non-requeueable deps ti=<TaskInstance: cell_kpi_spatial_analytics_pipeline.5_publish_to_trino scheduled__2025-05-31T17:00:00+00:00 [queued]>
[2026-08-21T02:35:56.129+0000] {taskinstance.py:2076} INFO - Dependencies all met for dep_context=requeueable deps ti=<TaskInstance: cell_kpi_spatial_analytics_pipeline.5_publish_to_trino scheduled__2025-05-31T17:00:00+00:00 [queued]>
[2026-08-21T02:35:56.129+0000] {taskinstance.py:2306} INFO - Starting attempt 1 of 2
[2026-08-21T02:35:56.160+0000] {taskinstance.py:2330} INFO - Executing <Task(BashOperator): 5_publish_to_trino> on 2025-05-31 17:00:00+00:00
[2026-08-21T02:35:56.176+0000] {standard_task_runner.py:63} INFO - Started process 241 to run task
[2026-08-21T02:35:56.180+0000] {standard_task_runner.py:90} INFO - Running: ['***', 'tasks', 'run', 'cell_kpi_spatial_analytics_pipeline', '5_publish_to_trino', 'scheduled__2025-05-31T17:00:00+00:00', '--job-id', '2', '--raw', '--subdir', 'DAGS_FOLDER/kpi_hourly_dag.py', '--cfg-path', '/tmp/tmpd3u66wdy']
[2026-08-21T02:35:56.185+0000] {standard_task_runner.py:91} INFO - Job 2: Subtask 5_publish_to_trino
[2026-08-21T02:35:56.346+0000] {task_command.py:426} INFO - Running <TaskInstance: cell_kpi_spatial_analytics_pipeline.5_publish_to_trino scheduled__2025-05-31T17:00:00+00:00 [running]> on host c90a551abb73
[2026-08-21T02:35:56.732+0000] {taskinstance.py:2648} INFO - Exporting env vars: AIRFLOW_CTX_DAG_OWNER='data_engineer_team' AIRFLOW_CTX_DAG_ID='cell_kpi_spatial_analytics_pipeline' AIRFLOW_CTX_TASK_ID='5_publish_to_trino' AIRFLOW_CTX_EXECUTION_DATE='2025-05-31T17:00:00+00:00' AIRFLOW_CTX_TRY_NUMBER='1' AIRFLOW_CTX_DAG_RUN_ID='scheduled__2025-05-31T17:00:00+00:00'
[2026-08-21T02:35:56.739+0000] {taskinstance.py:430} INFO - ::endgroup::
[2026-08-21T02:35:56.816+0000] {subprocess.py:63} INFO - Tmp dir root location: /tmp
[2026-08-21T02:35:56.817+0000] {subprocess.py:75} INFO - Running command: ['/usr/bin/bash', '-c', 'python /opt/spark_scripts/5_push_to_postgis.py --date 2025-05-31']
[2026-08-21T02:35:56.841+0000] {subprocess.py:86} INFO - Output:
[2026-08-21T02:35:57.062+0000] {subprocess.py:93} INFO - python: can't open file '/opt/spark_scripts/5_push_to_postgis.py': [Errno 2] No such file or directory
[2026-08-21T02:35:57.068+0000] {subprocess.py:97} INFO - Command exited with return code 2
[2026-08-21T02:35:57.069+0000] {taskinstance.py:441} INFO - ::group::Post task execution logs
[2026-08-21T02:35:57.087+0000] {taskinstance.py:2905} ERROR - Task failed with exception
Traceback (most recent call last):
  File "/home/airflow/.local/lib/python3.10/site-packages/airflow/models/taskinstance.py", line 465, in _execute_task
    result = _execute_callable(context=context, **execute_callable_kwargs)
  File "/home/airflow/.local/lib/python3.10/site-packages/airflow/models/taskinstance.py", line 432, in _execute_callable
    return execute_callable(context=context, **execute_callable_kwargs)
  File "/home/airflow/.local/lib/python3.10/site-packages/airflow/models/baseoperator.py", line 400, in wrapper
    return func(self, *args, **kwargs)
  File "/home/airflow/.local/lib/python3.10/site-packages/airflow/operators/bash.py", line 243, in execute
    raise AirflowException(
airflow.exceptions.AirflowException: Bash command failed. The command returned a non-zero exit code 2.
[2026-08-21T02:35:57.112+0000] {taskinstance.py:1206} INFO - Marking task as UP_FOR_RETRY. dag_id=cell_kpi_spatial_analytics_pipeline, task_id=5_publish_to_trino, run_id=scheduled__2025-05-31T17:00:00+00:00, execution_date=20250531T170000, start_date=20260821T023556, end_date=20260821T023557
[2026-08-21T02:35:57.157+0000] {standard_task_runner.py:110} ERROR - Failed to execute job 2 for task 5_publish_to_trino (Bash command failed. The command returned a non-zero exit code 2.; 241)
[2026-08-21T02:35:57.217+0000] {local_task_job_runner.py:240} INFO - Task exited with return code 1
[2026-08-21T02:35:57.248+0000] {taskinstance.py:3498} INFO - 0 downstream tasks scheduled from follow-on schedule check
[2026-08-21T02:35:57.250+0000] {local_task_job_runner.py:222} INFO - ::endgroup::
