[2026-08-21T10:45:10.225+0000] {local_task_job_runner.py:120} INFO - ::group::Pre task execution logs
[2026-08-21T10:45:10.247+0000] {taskinstance.py:2076} INFO - Dependencies all met for dep_context=non-requeueable deps ti=<TaskInstance: cell_kpi_hourly_anomaly_pipeline.4_online_inference_anomaly scheduled__2025-05-31T17:00:00+00:00 [queued]>
[2026-08-21T10:45:10.256+0000] {taskinstance.py:2076} INFO - Dependencies all met for dep_context=requeueable deps ti=<TaskInstance: cell_kpi_hourly_anomaly_pipeline.4_online_inference_anomaly scheduled__2025-05-31T17:00:00+00:00 [queued]>
[2026-08-21T10:45:10.256+0000] {taskinstance.py:2306} INFO - Starting attempt 1 of 2
[2026-08-21T10:45:10.267+0000] {taskinstance.py:2330} INFO - Executing <Task(SparkSubmitOperator): 4_online_inference_anomaly> on 2025-05-31 17:00:00+00:00
[2026-08-21T10:45:10.273+0000] {standard_task_runner.py:63} INFO - Started process 5495 to run task
[2026-08-21T10:45:10.276+0000] {standard_task_runner.py:90} INFO - Running: ['***', 'tasks', 'run', 'cell_kpi_hourly_anomaly_pipeline', '4_online_inference_anomaly', 'scheduled__2025-05-31T17:00:00+00:00', '--job-id', '102', '--raw', '--subdir', 'DAGS_FOLDER/cell_kpi_hourly_anomaly.py', '--cfg-path', '/tmp/tmpwebpjy8o']
[2026-08-21T10:45:10.278+0000] {standard_task_runner.py:91} INFO - Job 102: Subtask 4_online_inference_anomaly
[2026-08-21T10:45:10.316+0000] {task_command.py:426} INFO - Running <TaskInstance: cell_kpi_hourly_anomaly_pipeline.4_online_inference_anomaly scheduled__2025-05-31T17:00:00+00:00 [running]> on host 5d28507313c5
[2026-08-21T10:45:10.365+0000] {logging_mixin.py:188} WARNING - /home/***/.local/lib/python3.10/site-packages/***/utils/context.py:212 AirflowContextDeprecationWarning: Accessing 'execution_date' from the template is deprecated and will be removed in a future version. Please use 'data_interval_start' or 'logical_date' instead.
[2026-08-21T10:45:10.407+0000] {taskinstance.py:2648} INFO - Exporting env vars: AIRFLOW_CTX_DAG_OWNER='data_engineer_team' AIRFLOW_CTX_DAG_ID='cell_kpi_hourly_anomaly_pipeline' AIRFLOW_CTX_TASK_ID='4_online_inference_anomaly' AIRFLOW_CTX_EXECUTION_DATE='2025-05-31T17:00:00+00:00' AIRFLOW_CTX_TRY_NUMBER='1' AIRFLOW_CTX_DAG_RUN_ID='scheduled__2025-05-31T17:00:00+00:00'
[2026-08-21T10:45:10.408+0000] {taskinstance.py:430} INFO - ::endgroup::
[2026-08-21T10:45:10.428+0000] {base.py:84} INFO - Using connection ID 'spark-master' for task execution.
[2026-08-21T10:45:10.429+0000] {spark_submit.py:401} INFO - Spark-Submit cmd: spark-submit --master spark://spark-master:7077 --name arrow-spark --deploy-mode client /opt/***/spark_scripts/4_online_inference.py --target_date_hour 2025-06-01-00
[2026-08-21T10:45:10.568+0000] {spark_submit.py:571} INFO - /home/***/.local/lib/python3.10/site-packages/pyspark/bin/load-spark-env.sh: line 68: ps: command not found
[2026-08-21T10:45:13.117+0000] {spark_submit.py:571} INFO - 26/08/21 10:45:13 INFO SparkContext: Running Spark version 3.5.1
[2026-08-21T10:45:13.118+0000] {spark_submit.py:571} INFO - 26/08/21 10:45:13 INFO SparkContext: OS info Linux, 6.8.0-1052-azure, amd64
[2026-08-21T10:45:13.118+0000] {spark_submit.py:571} INFO - 26/08/21 10:45:13 INFO SparkContext: Java version 17.0.20
[2026-08-21T10:45:13.173+0000] {spark_submit.py:571} INFO - 26/08/21 10:45:13 WARN NativeCodeLoader: Unable to load native-hadoop library for your platform... using builtin-java classes where applicable
[2026-08-21T10:45:13.269+0000] {spark_submit.py:571} INFO - 26/08/21 10:45:13 INFO ResourceUtils: ==============================================================
[2026-08-21T10:45:13.269+0000] {spark_submit.py:571} INFO - 26/08/21 10:45:13 INFO ResourceUtils: No custom resources configured for spark.driver.
[2026-08-21T10:45:13.269+0000] {spark_submit.py:571} INFO - 26/08/21 10:45:13 INFO ResourceUtils: ==============================================================
[2026-08-21T10:45:13.270+0000] {spark_submit.py:571} INFO - 26/08/21 10:45:13 INFO SparkContext: Submitted application: Online_Inference_2025-06-01-00
[2026-08-21T10:45:13.293+0000] {spark_submit.py:571} INFO - 26/08/21 10:45:13 INFO ResourceProfile: Default ResourceProfile created, executor resources: Map(memory -> name: memory, amount: 1024, script: , vendor: , offHeap -> name: offHeap, amount: 0, script: , vendor: ), task resources: Map(cpus -> name: cpus, amount: 1.0)
[2026-08-21T10:45:13.299+0000] {spark_submit.py:571} INFO - 26/08/21 10:45:13 INFO ResourceProfile: Limiting resource is cpu
[2026-08-21T10:45:13.306+0000] {spark_submit.py:571} INFO - 26/08/21 10:45:13 INFO ResourceProfileManager: Added ResourceProfile id: 0
[2026-08-21T10:45:13.339+0000] {spark_submit.py:571} INFO - 26/08/21 10:45:13 INFO SecurityManager: Changing view acls to: ***
[2026-08-21T10:45:13.342+0000] {spark_submit.py:571} INFO - 26/08/21 10:45:13 INFO SecurityManager: Changing modify acls to: ***
[2026-08-21T10:45:13.342+0000] {spark_submit.py:571} INFO - 26/08/21 10:45:13 INFO SecurityManager: Changing view acls groups to:
[2026-08-21T10:45:13.345+0000] {spark_submit.py:571} INFO - 26/08/21 10:45:13 INFO SecurityManager: Changing modify acls groups to:
[2026-08-21T10:45:13.345+0000] {spark_submit.py:571} INFO - 26/08/21 10:45:13 INFO SecurityManager: SecurityManager: authentication disabled; ui acls disabled; users with view permissions: ***; groups with view permissions: EMPTY; users with modify permissions: ***; groups with modify permissions: EMPTY
[2026-08-21T10:45:13.552+0000] {spark_submit.py:571} INFO - 26/08/21 10:45:13 INFO Utils: Successfully started service 'sparkDriver' on port 43097.
[2026-08-21T10:45:13.575+0000] {spark_submit.py:571} INFO - 26/08/21 10:45:13 INFO SparkEnv: Registering MapOutputTracker
[2026-08-21T10:45:13.613+0000] {spark_submit.py:571} INFO - 26/08/21 10:45:13 INFO SparkEnv: Registering BlockManagerMaster
[2026-08-21T10:45:13.630+0000] {spark_submit.py:571} INFO - 26/08/21 10:45:13 INFO BlockManagerMasterEndpoint: Using org.apache.spark.storage.DefaultTopologyMapper for getting topology information
[2026-08-21T10:45:13.631+0000] {spark_submit.py:571} INFO - 26/08/21 10:45:13 INFO BlockManagerMasterEndpoint: BlockManagerMasterEndpoint up
[2026-08-21T10:45:13.635+0000] {spark_submit.py:571} INFO - 26/08/21 10:45:13 INFO SparkEnv: Registering BlockManagerMasterHeartbeat
[2026-08-21T10:45:13.654+0000] {spark_submit.py:571} INFO - 26/08/21 10:45:13 INFO DiskBlockManager: Created local directory at /tmp/blockmgr-b2d19233-3233-4673-aa9c-e6aeb9c94874
[2026-08-21T10:45:13.668+0000] {spark_submit.py:571} INFO - 26/08/21 10:45:13 INFO MemoryStore: MemoryStore started with capacity 434.4 MiB
[2026-08-21T10:45:13.683+0000] {spark_submit.py:571} INFO - 26/08/21 10:45:13 INFO SparkEnv: Registering OutputCommitCoordinator
[2026-08-21T10:45:13.794+0000] {spark_submit.py:571} INFO - 26/08/21 10:45:13 INFO JettyUtils: Start Jetty 0.0.0.0:4040 for SparkUI
[2026-08-21T10:45:13.865+0000] {spark_submit.py:571} INFO - 26/08/21 10:45:13 INFO Utils: Successfully started service 'SparkUI' on port 4040.
[2026-08-21T10:45:13.991+0000] {spark_submit.py:571} INFO - 26/08/21 10:45:13 INFO StandaloneAppClient$ClientEndpoint: Connecting to master spark://spark-master:7077...
[2026-08-21T10:45:14.031+0000] {spark_submit.py:571} INFO - 26/08/21 10:45:14 INFO TransportClientFactory: Successfully created connection to spark-master/172.18.0.7:7077 after 20 ms (0 ms spent in bootstraps)
[2026-08-21T10:45:14.102+0000] {spark_submit.py:571} INFO - 26/08/21 10:45:14 INFO StandaloneSchedulerBackend: Connected to Spark cluster with app ID app-20260821104514-0012
[2026-08-21T10:45:14.106+0000] {spark_submit.py:571} INFO - 26/08/21 10:45:14 INFO StandaloneAppClient$ClientEndpoint: Executor added: app-20260821104514-0012/0 on worker-20260821093253-172.18.0.8-35191 (172.18.0.8:35191) with 2 core(s)
[2026-08-21T10:45:14.117+0000] {spark_submit.py:571} INFO - 26/08/21 10:45:14 INFO StandaloneSchedulerBackend: Granted executor ID app-20260821104514-0012/0 on hostPort 172.18.0.8:35191 with 2 core(s), 1024.0 MiB RAM
[2026-08-21T10:45:14.118+0000] {spark_submit.py:571} INFO - 26/08/21 10:45:14 INFO StandaloneAppClient$ClientEndpoint: Executor added: app-20260821104514-0012/1 on worker-20260821093253-172.18.0.9-46549 (172.18.0.9:46549) with 2 core(s)
[2026-08-21T10:45:14.118+0000] {spark_submit.py:571} INFO - 26/08/21 10:45:14 INFO StandaloneSchedulerBackend: Granted executor ID app-20260821104514-0012/1 on hostPort 172.18.0.9:46549 with 2 core(s), 1024.0 MiB RAM
[2026-08-21T10:45:14.124+0000] {spark_submit.py:571} INFO - 26/08/21 10:45:14 INFO Utils: Successfully started service 'org.apache.spark.network.netty.NettyBlockTransferService' on port 33917.
[2026-08-21T10:45:14.125+0000] {spark_submit.py:571} INFO - 26/08/21 10:45:14 INFO NettyBlockTransferService: Server created on 5d28507313c5:33917
[2026-08-21T10:45:14.127+0000] {spark_submit.py:571} INFO - 26/08/21 10:45:14 INFO BlockManager: Using org.apache.spark.storage.RandomBlockReplicationPolicy for block replication policy
[2026-08-21T10:45:14.135+0000] {spark_submit.py:571} INFO - 26/08/21 10:45:14 INFO BlockManagerMaster: Registering BlockManager BlockManagerId(driver, 5d28507313c5, 33917, None)
[2026-08-21T10:45:14.150+0000] {spark_submit.py:571} INFO - 26/08/21 10:45:14 INFO BlockManagerMasterEndpoint: Registering block manager 5d28507313c5:33917 with 434.4 MiB RAM, BlockManagerId(driver, 5d28507313c5, 33917, None)
[2026-08-21T10:45:14.155+0000] {spark_submit.py:571} INFO - 26/08/21 10:45:14 INFO BlockManagerMaster: Registered BlockManager BlockManagerId(driver, 5d28507313c5, 33917, None)
[2026-08-21T10:45:14.164+0000] {spark_submit.py:571} INFO - 26/08/21 10:45:14 INFO BlockManager: Initialized BlockManager: BlockManagerId(driver, 5d28507313c5, 33917, None)
[2026-08-21T10:45:14.169+0000] {spark_submit.py:571} INFO - 26/08/21 10:45:14 INFO StandaloneAppClient$ClientEndpoint: Executor updated: app-20260821104514-0012/0 is now RUNNING
[2026-08-21T10:45:14.172+0000] {spark_submit.py:571} INFO - 26/08/21 10:45:14 INFO StandaloneAppClient$ClientEndpoint: Executor updated: app-20260821104514-0012/1 is now RUNNING
[2026-08-21T10:45:14.514+0000] {spark_submit.py:571} INFO - 26/08/21 10:45:14 INFO StandaloneSchedulerBackend: SchedulerBackend is ready for scheduling beginning after reached minRegisteredResourcesRatio: 0.0
[2026-08-21T10:45:14.939+0000] {spark_submit.py:571} INFO - Bắt đầu tiến trình ONLINE INFERENCE cho ca 2025-06-01-00...
[2026-08-21T10:45:15.029+0000] {spark_submit.py:571} INFO - 26/08/21 10:45:15 INFO SharedState: Setting hive.metastore.warehouse.dir ('null') to the value of spark.sql.warehouse.dir.
[2026-08-21T10:45:15.068+0000] {spark_submit.py:571} INFO - 26/08/21 10:45:15 INFO SharedState: Warehouse path is 'file:/opt/***/spark-warehouse'.
[2026-08-21T10:45:17.320+0000] {spark_submit.py:571} INFO - 26/08/21 10:45:17 WARN MetricsConfig: Cannot locate configuration: tried hadoop-metrics2-s3a-file-system.properties,hadoop-metrics2.properties
[2026-08-21T10:45:17.360+0000] {spark_submit.py:571} INFO - 26/08/21 10:45:17 INFO MetricsSystemImpl: Scheduled Metric snapshot period at 10 second(s).
[2026-08-21T10:45:17.362+0000] {spark_submit.py:571} INFO - 26/08/21 10:45:17 INFO MetricsSystemImpl: s3a-file-system metrics system started
[2026-08-21T10:45:19.635+0000] {spark_submit.py:571} INFO - 26/08/21 10:45:19 INFO StandaloneSchedulerBackend$StandaloneDriverEndpoint: Registered executor NettyRpcEndpointRef(spark-client://Executor) (172.18.0.8:47636) with ID 0,  ResourceProfileId 0
[2026-08-21T10:45:19.826+0000] {spark_submit.py:571} INFO - 26/08/21 10:45:19 INFO BlockManagerMasterEndpoint: Registering block manager 172.18.0.8:35929 with 434.4 MiB RAM, BlockManagerId(0, 172.18.0.8, 35929, None)
[2026-08-21T10:45:20.065+0000] {spark_submit.py:571} INFO - 26/08/21 10:45:20 INFO StandaloneSchedulerBackend$StandaloneDriverEndpoint: Registered executor NettyRpcEndpointRef(spark-client://Executor) (172.18.0.9:52736) with ID 1,  ResourceProfileId 0
[2026-08-21T10:45:20.127+0000] {spark_submit.py:571} INFO - 26/08/21 10:45:20 INFO BlockManagerMasterEndpoint: Registering block manager 172.18.0.9:33151 with 434.4 MiB RAM, BlockManagerId(1, 172.18.0.9, 33151, None)
[2026-08-21T10:57:06.095+0000] {local_task_job_runner.py:310} WARNING - State of this instance has been externally set to None. Terminating instance.
[2026-08-21T10:57:06.096+0000] {local_task_job_runner.py:222} INFO - ::endgroup::
[2026-08-21T10:57:06.099+0000] {process_utils.py:132} INFO - Sending 15 to group 5495. PIDs of all processes in the group: [5496, 5550, 5495]
[2026-08-21T10:57:06.099+0000] {process_utils.py:87} INFO - Sending the signal 15 to group 5495
[2026-08-21T10:57:06.099+0000] {taskinstance.py:2611} ERROR - Received SIGTERM. Terminating subprocesses.
[2026-08-21T10:57:06.100+0000] {spark_submit.py:697} INFO - Sending kill signal to spark-submit
[2026-08-21T10:57:06.102+0000] {taskinstance.py:441} INFO - ::group::Post task execution logs
[2026-08-21T10:57:06.115+0000] {taskinstance.py:2905} ERROR - Task failed with exception
Traceback (most recent call last):
  File "/home/airflow/.local/lib/python3.10/site-packages/airflow/models/taskinstance.py", line 465, in _execute_task
    result = _execute_callable(context=context, **execute_callable_kwargs)
  File "/home/airflow/.local/lib/python3.10/site-packages/airflow/models/taskinstance.py", line 432, in _execute_callable
    return execute_callable(context=context, **execute_callable_kwargs)
  File "/home/airflow/.local/lib/python3.10/site-packages/airflow/models/baseoperator.py", line 400, in wrapper
    return func(self, *args, **kwargs)
  File "/home/airflow/.local/lib/python3.10/site-packages/airflow/providers/apache/spark/operators/spark_submit.py", line 174, in execute
    self._hook.submit(self.application)
  File "/home/airflow/.local/lib/python3.10/site-packages/airflow/providers/apache/spark/hooks/spark_submit.py", line 490, in submit
    self._process_spark_submit_log(iter(self._submit_sp.stdout))  # type: ignore
  File "/home/airflow/.local/lib/python3.10/site-packages/airflow/providers/apache/spark/hooks/spark_submit.py", line 539, in _process_spark_submit_log
    for line in itr:
  File "/home/airflow/.local/lib/python3.10/site-packages/airflow/models/taskinstance.py", line 2613, in signal_handler
    raise AirflowTaskTerminated("Task received SIGTERM signal")
airflow.exceptions.AirflowTaskTerminated: Task received SIGTERM signal
[2026-08-21T10:57:06.118+0000] {taskinstance.py:1206} INFO - Marking task as FAILED. dag_id=cell_kpi_hourly_anomaly_pipeline, task_id=4_online_inference_anomaly, run_id=scheduled__2025-05-31T17:00:00+00:00, execution_date=20250531T170000, start_date=20260821T104510, end_date=20260821T105706
[2026-08-21T10:57:06.130+0000] {standard_task_runner.py:110} ERROR - Failed to execute job 102 for task 4_online_inference_anomaly ((psycopg2.errors.ForeignKeyViolation) insert or update on table "task_fail" violates foreign key constraint "task_fail_ti_fkey"
DETAIL:  Key (dag_id, task_id, run_id, map_index)=(cell_kpi_hourly_anomaly_pipeline, 4_online_inference_anomaly, scheduled__2025-05-31T17:00:00+00:00, -1) is not present in table "task_instance".

[SQL: INSERT INTO task_fail (task_id, dag_id, run_id, map_index, start_date, end_date, duration) VALUES (%(task_id)s, %(dag_id)s, %(run_id)s, %(map_index)s, %(start_date)s, %(end_date)s, %(duration)s) RETURNING task_fail.id]
[parameters: {'task_id': '4_online_inference_anomaly', 'dag_id': 'cell_kpi_hourly_anomaly_pipeline', 'run_id': 'scheduled__2025-05-31T17:00:00+00:00', 'map_index': -1, 'start_date': datetime.datetime(2026, 8, 21, 10, 45, 10, 247767, tzinfo=Timezone('UTC')), 'end_date': datetime.datetime(2026, 8, 21, 10, 57, 6, 117878, tzinfo=Timezone('UTC')), 'duration': 715}]
(Background on this error at: https://sqlalche.me/e/14/gkpj); 5495)
[2026-08-21T10:57:06.155+0000] {process_utils.py:80} INFO - Process psutil.Process(pid=5495, status='terminated', exitcode=1, started='10:45:10') (5495) terminated with exit code 1
[2026-08-21T10:57:06.158+0000] {process_utils.py:80} INFO - Process psutil.Process(pid=5496, status='terminated', started='10:45:10') (5496) terminated with exit code None
[2026-08-21T10:57:06.158+0000] {process_utils.py:80} INFO - Process psutil.Process(pid=5550, status='terminated', started='10:45:12') (5550) terminated with exit code None
