[2026-08-21T04:02:29.349+0000] {local_task_job_runner.py:120} INFO - ::group::Pre task execution logs
[2026-08-21T04:02:29.371+0000] {taskinstance.py:2076} INFO - Dependencies all met for dep_context=non-requeueable deps ti=<TaskInstance: cell_kpi_hourly_anomaly_pipeline.1_ingest_hourly_bronze scheduled__2025-05-31T22:00:00+00:00 [queued]>
[2026-08-21T04:02:29.379+0000] {taskinstance.py:2076} INFO - Dependencies all met for dep_context=requeueable deps ti=<TaskInstance: cell_kpi_hourly_anomaly_pipeline.1_ingest_hourly_bronze scheduled__2025-05-31T22:00:00+00:00 [queued]>
[2026-08-21T04:02:29.380+0000] {taskinstance.py:2306} INFO - Starting attempt 1 of 2
[2026-08-21T04:02:29.395+0000] {taskinstance.py:2330} INFO - Executing <Task(SparkSubmitOperator): 1_ingest_hourly_bronze> on 2025-05-31 22:00:00+00:00
[2026-08-21T04:02:29.403+0000] {standard_task_runner.py:63} INFO - Started process 3896 to run task
[2026-08-21T04:02:29.407+0000] {standard_task_runner.py:90} INFO - Running: ['***', 'tasks', 'run', 'cell_kpi_hourly_anomaly_pipeline', '1_ingest_hourly_bronze', 'scheduled__2025-05-31T22:00:00+00:00', '--job-id', '41', '--raw', '--subdir', 'DAGS_FOLDER/cell_kpi_hourly_anomaly.py', '--cfg-path', '/tmp/tmp1ci5cd4v']
[2026-08-21T04:02:29.410+0000] {standard_task_runner.py:91} INFO - Job 41: Subtask 1_ingest_hourly_bronze
[2026-08-21T04:02:29.469+0000] {task_command.py:426} INFO - Running <TaskInstance: cell_kpi_hourly_anomaly_pipeline.1_ingest_hourly_bronze scheduled__2025-05-31T22:00:00+00:00 [running]> on host c90a551abb73
[2026-08-21T04:02:29.535+0000] {logging_mixin.py:188} WARNING - /home/***/.local/lib/python3.10/site-packages/***/utils/context.py:212 AirflowContextDeprecationWarning: Accessing 'execution_date' from the template is deprecated and will be removed in a future version. Please use 'data_interval_start' or 'logical_date' instead.
[2026-08-21T04:02:29.593+0000] {taskinstance.py:2648} INFO - Exporting env vars: AIRFLOW_CTX_DAG_OWNER='data_engineer_team' AIRFLOW_CTX_DAG_ID='cell_kpi_hourly_anomaly_pipeline' AIRFLOW_CTX_TASK_ID='1_ingest_hourly_bronze' AIRFLOW_CTX_EXECUTION_DATE='2025-05-31T22:00:00+00:00' AIRFLOW_CTX_TRY_NUMBER='1' AIRFLOW_CTX_DAG_RUN_ID='scheduled__2025-05-31T22:00:00+00:00'
[2026-08-21T04:02:29.594+0000] {taskinstance.py:430} INFO - ::endgroup::
[2026-08-21T04:02:29.621+0000] {base.py:84} INFO - Using connection ID 'spark-master' for task execution.
[2026-08-21T04:02:29.622+0000] {spark_submit.py:401} INFO - Spark-Submit cmd: spark-submit --master spark://spark-master:7077 --name arrow-spark --deploy-mode client /opt/spark_scripts/1_ingest_hourly.py --input_path s3a://landingzone/202506.csv --target_date_hour 2025-06-01-05
[2026-08-21T04:02:29.746+0000] {spark_submit.py:571} INFO - /home/***/.local/lib/python3.10/site-packages/pyspark/bin/load-spark-env.sh: line 68: ps: command not found
[2026-08-21T04:02:34.062+0000] {spark_submit.py:571} INFO - 26/08/21 04:02:34 INFO SparkContext: Running Spark version 3.5.1
[2026-08-21T04:02:34.065+0000] {spark_submit.py:571} INFO - 26/08/21 04:02:34 INFO SparkContext: OS info Linux, 6.8.0-1052-azure, amd64
[2026-08-21T04:02:34.071+0000] {spark_submit.py:571} INFO - 26/08/21 04:02:34 INFO SparkContext: Java version 17.0.20
[2026-08-21T04:02:34.184+0000] {spark_submit.py:571} INFO - 26/08/21 04:02:34 WARN NativeCodeLoader: Unable to load native-hadoop library for your platform... using builtin-java classes where applicable
[2026-08-21T04:02:34.414+0000] {spark_submit.py:571} INFO - 26/08/21 04:02:34 INFO ResourceUtils: ==============================================================
[2026-08-21T04:02:34.420+0000] {spark_submit.py:571} INFO - 26/08/21 04:02:34 INFO ResourceUtils: No custom resources configured for spark.driver.
[2026-08-21T04:02:34.422+0000] {spark_submit.py:571} INFO - 26/08/21 04:02:34 INFO ResourceUtils: ==============================================================
[2026-08-21T04:02:34.424+0000] {spark_submit.py:571} INFO - 26/08/21 04:02:34 INFO SparkContext: Submitted application: Ingest_Bronze_2025-06-01-05
[2026-08-21T04:02:34.447+0000] {spark_submit.py:571} INFO - 26/08/21 04:02:34 INFO ResourceProfile: Default ResourceProfile created, executor resources: Map(memory -> name: memory, amount: 1024, script: , vendor: , offHeap -> name: offHeap, amount: 0, script: , vendor: ), task resources: Map(cpus -> name: cpus, amount: 1.0)
[2026-08-21T04:02:34.457+0000] {spark_submit.py:571} INFO - 26/08/21 04:02:34 INFO ResourceProfile: Limiting resource is cpu
[2026-08-21T04:02:34.459+0000] {spark_submit.py:571} INFO - 26/08/21 04:02:34 INFO ResourceProfileManager: Added ResourceProfile id: 0
[2026-08-21T04:02:34.555+0000] {spark_submit.py:571} INFO - 26/08/21 04:02:34 INFO SecurityManager: Changing view acls to: ***
[2026-08-21T04:02:34.557+0000] {spark_submit.py:571} INFO - 26/08/21 04:02:34 INFO SecurityManager: Changing modify acls to: ***
[2026-08-21T04:02:34.558+0000] {spark_submit.py:571} INFO - 26/08/21 04:02:34 INFO SecurityManager: Changing view acls groups to:
[2026-08-21T04:02:34.558+0000] {spark_submit.py:571} INFO - 26/08/21 04:02:34 INFO SecurityManager: Changing modify acls groups to:
[2026-08-21T04:02:34.559+0000] {spark_submit.py:571} INFO - 26/08/21 04:02:34 INFO SecurityManager: SecurityManager: authentication disabled; ui acls disabled; users with view permissions: ***; groups with view permissions: EMPTY; users with modify permissions: ***; groups with modify permissions: EMPTY
[2026-08-21T04:02:34.938+0000] {spark_submit.py:571} INFO - 26/08/21 04:02:34 INFO Utils: Successfully started service 'sparkDriver' on port 42933.
[2026-08-21T04:02:34.996+0000] {spark_submit.py:571} INFO - 26/08/21 04:02:34 INFO SparkEnv: Registering MapOutputTracker
[2026-08-21T04:02:35.083+0000] {spark_submit.py:571} INFO - 26/08/21 04:02:35 INFO SparkEnv: Registering BlockManagerMaster
[2026-08-21T04:02:35.104+0000] {spark_submit.py:571} INFO - 26/08/21 04:02:35 INFO BlockManagerMasterEndpoint: Using org.apache.spark.storage.DefaultTopologyMapper for getting topology information
[2026-08-21T04:02:35.110+0000] {spark_submit.py:571} INFO - 26/08/21 04:02:35 INFO BlockManagerMasterEndpoint: BlockManagerMasterEndpoint up
[2026-08-21T04:02:35.113+0000] {spark_submit.py:571} INFO - 26/08/21 04:02:35 INFO SparkEnv: Registering BlockManagerMasterHeartbeat
[2026-08-21T04:02:35.129+0000] {spark_submit.py:571} INFO - 26/08/21 04:02:35 INFO DiskBlockManager: Created local directory at /tmp/blockmgr-64195fca-dd67-40e8-bc12-74412e22b2a1
[2026-08-21T04:02:35.143+0000] {spark_submit.py:571} INFO - 26/08/21 04:02:35 INFO MemoryStore: MemoryStore started with capacity 434.4 MiB
[2026-08-21T04:02:35.162+0000] {spark_submit.py:571} INFO - 26/08/21 04:02:35 INFO SparkEnv: Registering OutputCommitCoordinator
[2026-08-21T04:02:35.309+0000] {spark_submit.py:571} INFO - 26/08/21 04:02:35 INFO JettyUtils: Start Jetty 0.0.0.0:4040 for SparkUI
[2026-08-21T04:02:35.388+0000] {spark_submit.py:571} INFO - 26/08/21 04:02:35 WARN Utils: Service 'SparkUI' could not bind on port 4040. Attempting port 4041.
[2026-08-21T04:02:35.397+0000] {spark_submit.py:571} INFO - 26/08/21 04:02:35 INFO Utils: Successfully started service 'SparkUI' on port 4041.
[2026-08-21T04:02:35.704+0000] {spark_submit.py:571} INFO - 26/08/21 04:02:35 INFO StandaloneAppClient$ClientEndpoint: Connecting to master spark://spark-master:7077...
[2026-08-21T04:02:35.814+0000] {spark_submit.py:571} INFO - 26/08/21 04:02:35 INFO TransportClientFactory: Successfully created connection to spark-master/172.18.0.4:7077 after 45 ms (0 ms spent in bootstraps)
[2026-08-21T04:02:36.103+0000] {spark_submit.py:571} INFO - 26/08/21 04:02:36 INFO StandaloneSchedulerBackend: Connected to Spark cluster with app ID app-20260821040236-0011
[2026-08-21T04:02:36.118+0000] {spark_submit.py:571} INFO - 26/08/21 04:02:36 INFO Utils: Successfully started service 'org.apache.spark.network.netty.NettyBlockTransferService' on port 33749.
[2026-08-21T04:02:36.118+0000] {spark_submit.py:571} INFO - 26/08/21 04:02:36 INFO NettyBlockTransferService: Server created on c90a551abb73:33749
[2026-08-21T04:02:36.122+0000] {spark_submit.py:571} INFO - 26/08/21 04:02:36 INFO BlockManager: Using org.apache.spark.storage.RandomBlockReplicationPolicy for block replication policy
[2026-08-21T04:02:36.142+0000] {spark_submit.py:571} INFO - 26/08/21 04:02:36 INFO BlockManagerMaster: Registering BlockManager BlockManagerId(driver, c90a551abb73, 33749, None)
[2026-08-21T04:02:36.149+0000] {spark_submit.py:571} INFO - 26/08/21 04:02:36 INFO BlockManagerMasterEndpoint: Registering block manager c90a551abb73:33749 with 434.4 MiB RAM, BlockManagerId(driver, c90a551abb73, 33749, None)
[2026-08-21T04:02:36.154+0000] {spark_submit.py:571} INFO - 26/08/21 04:02:36 INFO BlockManagerMaster: Registered BlockManager BlockManagerId(driver, c90a551abb73, 33749, None)
[2026-08-21T04:02:36.155+0000] {spark_submit.py:571} INFO - 26/08/21 04:02:36 INFO BlockManager: Initialized BlockManager: BlockManagerId(driver, c90a551abb73, 33749, None)
[2026-08-21T04:02:36.662+0000] {spark_submit.py:571} INFO - 26/08/21 04:02:36 INFO StandaloneSchedulerBackend: SchedulerBackend is ready for scheduling beginning after reached minRegisteredResourcesRatio: 0.0
[2026-08-21T04:02:37.082+0000] {spark_submit.py:571} INFO - Đang nạp s3a://landingzone/202506.csv và trích xuất dữ liệu ca: 2025-06-01-05...
[2026-08-21T04:02:37.302+0000] {spark_submit.py:571} INFO - 26/08/21 04:02:37 INFO SharedState: Setting hive.metastore.warehouse.dir ('null') to the value of spark.sql.warehouse.dir.
[2026-08-21T04:02:37.316+0000] {spark_submit.py:571} INFO - 26/08/21 04:02:37 INFO SharedState: Warehouse path is 'file:/opt/***/spark-warehouse'.
[2026-08-21T04:02:39.247+0000] {spark_submit.py:571} INFO - 26/08/21 04:02:39 WARN MetricsConfig: Cannot locate configuration: tried hadoop-metrics2-s3a-file-system.properties,hadoop-metrics2.properties
[2026-08-21T04:02:39.292+0000] {spark_submit.py:571} INFO - 26/08/21 04:02:39 INFO MetricsSystemImpl: Scheduled Metric snapshot period at 10 second(s).
[2026-08-21T04:02:39.294+0000] {spark_submit.py:571} INFO - 26/08/21 04:02:39 INFO MetricsSystemImpl: s3a-file-system metrics system started
[2026-08-21T04:02:41.512+0000] {spark_submit.py:571} INFO - 26/08/21 04:02:41 INFO InMemoryFileIndex: It took 229 ms to list leaf files for 1 paths.
[2026-08-21T04:02:41.758+0000] {spark_submit.py:571} INFO - 26/08/21 04:02:41 INFO InMemoryFileIndex: It took 33 ms to list leaf files for 1 paths.
[2026-08-21T04:02:45.523+0000] {spark_submit.py:571} INFO - 26/08/21 04:02:45 INFO StandaloneAppClient$ClientEndpoint: Executor added: app-20260821040236-0011/0 on worker-20260821021253-172.18.0.6-39045 (172.18.0.6:39045) with 2 core(s)
[2026-08-21T04:02:45.529+0000] {spark_submit.py:571} INFO - 26/08/21 04:02:45 INFO StandaloneSchedulerBackend: Granted executor ID app-20260821040236-0011/0 on hostPort 172.18.0.6:39045 with 2 core(s), 1024.0 MiB RAM
[2026-08-21T04:02:45.530+0000] {spark_submit.py:571} INFO - 26/08/21 04:02:45 INFO StandaloneAppClient$ClientEndpoint: Executor added: app-20260821040236-0011/1 on worker-20260821021253-172.18.0.7-44957 (172.18.0.7:44957) with 2 core(s)
[2026-08-21T04:02:45.533+0000] {spark_submit.py:571} INFO - 26/08/21 04:02:45 INFO StandaloneSchedulerBackend: Granted executor ID app-20260821040236-0011/1 on hostPort 172.18.0.7:44957 with 2 core(s), 1024.0 MiB RAM
[2026-08-21T04:02:45.683+0000] {spark_submit.py:571} INFO - 26/08/21 04:02:45 INFO StandaloneAppClient$ClientEndpoint: Executor updated: app-20260821040236-0011/0 is now RUNNING
[2026-08-21T04:02:45.686+0000] {spark_submit.py:571} INFO - 26/08/21 04:02:45 INFO StandaloneAppClient$ClientEndpoint: Executor updated: app-20260821040236-0011/1 is now RUNNING
[2026-08-21T04:02:46.049+0000] {spark_submit.py:571} INFO - 26/08/21 04:02:46 INFO FileSourceStrategy: Pushed Filters:
[2026-08-21T04:02:46.056+0000] {spark_submit.py:571} INFO - 26/08/21 04:02:46 INFO FileSourceStrategy: Post-Scan Filters: (length(trim(value#0, None)) > 0)
[2026-08-21T04:02:46.874+0000] {spark_submit.py:571} INFO - 26/08/21 04:02:46 INFO CodeGenerator: Code generated in 363.97149 ms
[2026-08-21T04:02:46.957+0000] {spark_submit.py:571} INFO - 26/08/21 04:02:46 INFO MemoryStore: Block broadcast_0 stored as values in memory (estimated size 201.7 KiB, free 434.2 MiB)
[2026-08-21T04:02:47.078+0000] {spark_submit.py:571} INFO - 26/08/21 04:02:47 INFO MemoryStore: Block broadcast_0_piece0 stored as bytes in memory (estimated size 34.9 KiB, free 434.2 MiB)
[2026-08-21T04:02:47.081+0000] {spark_submit.py:571} INFO - 26/08/21 04:02:47 INFO BlockManagerInfo: Added broadcast_0_piece0 in memory on c90a551abb73:33749 (size: 34.9 KiB, free: 434.4 MiB)
[2026-08-21T04:02:47.097+0000] {spark_submit.py:571} INFO - 26/08/21 04:02:47 INFO SparkContext: Created broadcast 0 from csv at NativeMethodAccessorImpl.java:0
[2026-08-21T04:02:47.115+0000] {spark_submit.py:571} INFO - 26/08/21 04:02:47 INFO FileSourceScanExec: Planning scan with bin packing, max size: 134217728 bytes, open cost is considered as scanning 4194304 bytes.
[2026-08-21T04:02:47.360+0000] {spark_submit.py:571} INFO - 26/08/21 04:02:47 INFO SparkContext: Starting job: csv at NativeMethodAccessorImpl.java:0
[2026-08-21T04:02:47.425+0000] {spark_submit.py:571} INFO - 26/08/21 04:02:47 INFO DAGScheduler: Got job 0 (csv at NativeMethodAccessorImpl.java:0) with 1 output partitions
[2026-08-21T04:02:47.426+0000] {spark_submit.py:571} INFO - 26/08/21 04:02:47 INFO DAGScheduler: Final stage: ResultStage 0 (csv at NativeMethodAccessorImpl.java:0)
[2026-08-21T04:02:47.426+0000] {spark_submit.py:571} INFO - 26/08/21 04:02:47 INFO DAGScheduler: Parents of final stage: List()
[2026-08-21T04:02:47.432+0000] {spark_submit.py:571} INFO - 26/08/21 04:02:47 INFO DAGScheduler: Missing parents: List()
[2026-08-21T04:02:47.442+0000] {spark_submit.py:571} INFO - 26/08/21 04:02:47 INFO DAGScheduler: Submitting ResultStage 0 (MapPartitionsRDD[3] at csv at NativeMethodAccessorImpl.java:0), which has no missing parents
[2026-08-21T04:02:47.698+0000] {spark_submit.py:571} INFO - 26/08/21 04:02:47 INFO MemoryStore: Block broadcast_1 stored as values in memory (estimated size 13.5 KiB, free 434.2 MiB)
[2026-08-21T04:02:47.735+0000] {spark_submit.py:571} INFO - 26/08/21 04:02:47 INFO MemoryStore: Block broadcast_1_piece0 stored as bytes in memory (estimated size 6.4 KiB, free 434.1 MiB)
[2026-08-21T04:02:47.737+0000] {spark_submit.py:571} INFO - 26/08/21 04:02:47 INFO BlockManagerInfo: Added broadcast_1_piece0 in memory on c90a551abb73:33749 (size: 6.4 KiB, free: 434.4 MiB)
[2026-08-21T04:02:47.757+0000] {spark_submit.py:571} INFO - 26/08/21 04:02:47 INFO SparkContext: Created broadcast 1 from broadcast at DAGScheduler.scala:1585
[2026-08-21T04:02:47.825+0000] {spark_submit.py:571} INFO - 26/08/21 04:02:47 INFO DAGScheduler: Submitting 1 missing tasks from ResultStage 0 (MapPartitionsRDD[3] at csv at NativeMethodAccessorImpl.java:0) (first 15 tasks are for partitions Vector(0))
[2026-08-21T04:02:47.846+0000] {spark_submit.py:571} INFO - 26/08/21 04:02:47 INFO TaskSchedulerImpl: Adding task set 0.0 with 1 tasks resource profile 0
[2026-08-21T04:02:50.645+0000] {spark_submit.py:571} INFO - 26/08/21 04:02:50 INFO StandaloneSchedulerBackend$StandaloneDriverEndpoint: Registered executor NettyRpcEndpointRef(spark-client://Executor) (172.18.0.6:41504) with ID 0,  ResourceProfileId 0
[2026-08-21T04:02:50.680+0000] {spark_submit.py:571} INFO - 26/08/21 04:02:50 INFO StandaloneSchedulerBackend$StandaloneDriverEndpoint: Registered executor NettyRpcEndpointRef(spark-client://Executor) (172.18.0.7:59334) with ID 1,  ResourceProfileId 0
[2026-08-21T04:02:50.773+0000] {spark_submit.py:571} INFO - 26/08/21 04:02:50 INFO BlockManagerMasterEndpoint: Registering block manager 172.18.0.6:44841 with 434.4 MiB RAM, BlockManagerId(0, 172.18.0.6, 44841, None)
[2026-08-21T04:02:50.790+0000] {spark_submit.py:571} INFO - 26/08/21 04:02:50 INFO BlockManagerMasterEndpoint: Registering block manager 172.18.0.7:44041 with 434.4 MiB RAM, BlockManagerId(1, 172.18.0.7, 44041, None)
[2026-08-21T04:02:50.847+0000] {spark_submit.py:571} INFO - 26/08/21 04:02:50 INFO TaskSetManager: Starting task 0.0 in stage 0.0 (TID 0) (172.18.0.6, executor 0, partition 0, PROCESS_LOCAL, 8210 bytes)
[2026-08-21T04:02:51.039+0000] {spark_submit.py:571} INFO - 26/08/21 04:02:51 INFO BlockManagerInfo: Added broadcast_1_piece0 in memory on 172.18.0.6:44841 (size: 6.4 KiB, free: 434.4 MiB)
[2026-08-21T04:02:51.821+0000] {spark_submit.py:571} INFO - 26/08/21 04:02:51 INFO BlockManagerInfo: Added broadcast_0_piece0 in memory on 172.18.0.6:44841 (size: 34.9 KiB, free: 434.4 MiB)
[2026-08-21T04:02:52.954+0000] {spark_submit.py:571} INFO - 26/08/21 04:02:52 INFO TaskSetManager: Finished task 0.0 in stage 0.0 (TID 0) in 2115 ms on 172.18.0.6 (executor 0) (1/1)
[2026-08-21T04:02:52.955+0000] {spark_submit.py:571} INFO - 26/08/21 04:02:52 INFO TaskSchedulerImpl: Removed TaskSet 0.0, whose tasks have all completed, from pool
[2026-08-21T04:02:52.959+0000] {spark_submit.py:571} INFO - 26/08/21 04:02:52 INFO DAGScheduler: ResultStage 0 (csv at NativeMethodAccessorImpl.java:0) finished in 5.462 s
[2026-08-21T04:02:52.961+0000] {spark_submit.py:571} INFO - 26/08/21 04:02:52 INFO DAGScheduler: Job 0 is finished. Cancelling potential speculative or zombie tasks for this job
[2026-08-21T04:02:52.962+0000] {spark_submit.py:571} INFO - 26/08/21 04:02:52 INFO TaskSchedulerImpl: Killing all running tasks in stage 0: Stage finished
[2026-08-21T04:02:52.965+0000] {spark_submit.py:571} INFO - 26/08/21 04:02:52 INFO DAGScheduler: Job 0 finished: csv at NativeMethodAccessorImpl.java:0, took 5.606619 s
[2026-08-21T04:02:52.987+0000] {spark_submit.py:571} INFO - 26/08/21 04:02:52 INFO CodeGenerator: Code generated in 11.804234 ms
[2026-08-21T04:02:53.046+0000] {spark_submit.py:571} INFO - 26/08/21 04:02:53 INFO BlockManagerInfo: Removed broadcast_1_piece0 on c90a551abb73:33749 in memory (size: 6.4 KiB, free: 434.4 MiB)
[2026-08-21T04:02:53.051+0000] {spark_submit.py:571} INFO - 26/08/21 04:02:53 INFO FileSourceStrategy: Pushed Filters:
[2026-08-21T04:02:53.052+0000] {spark_submit.py:571} INFO - 26/08/21 04:02:53 INFO FileSourceStrategy: Post-Scan Filters:
[2026-08-21T04:02:53.058+0000] {spark_submit.py:571} INFO - 26/08/21 04:02:53 INFO BlockManagerInfo: Removed broadcast_1_piece0 on 172.18.0.6:44841 in memory (size: 6.4 KiB, free: 434.4 MiB)
[2026-08-21T04:02:53.091+0000] {spark_submit.py:571} INFO - 26/08/21 04:02:53 INFO MemoryStore: Block broadcast_2 stored as values in memory (estimated size 201.7 KiB, free 434.0 MiB)
[2026-08-21T04:02:53.136+0000] {spark_submit.py:571} INFO - 26/08/21 04:02:53 INFO MemoryStore: Block broadcast_2_piece0 stored as bytes in memory (estimated size 34.9 KiB, free 433.9 MiB)
[2026-08-21T04:02:53.140+0000] {spark_submit.py:571} INFO - 26/08/21 04:02:53 INFO BlockManagerInfo: Added broadcast_2_piece0 in memory on c90a551abb73:33749 (size: 34.9 KiB, free: 434.3 MiB)
[2026-08-21T04:02:53.149+0000] {spark_submit.py:571} INFO - 26/08/21 04:02:53 INFO SparkContext: Created broadcast 2 from csv at NativeMethodAccessorImpl.java:0
[2026-08-21T04:02:53.149+0000] {spark_submit.py:571} INFO - 26/08/21 04:02:53 INFO FileSourceScanExec: Planning scan with bin packing, max size: 134217728 bytes, open cost is considered as scanning 4194304 bytes.
[2026-08-21T04:02:53.220+0000] {spark_submit.py:571} INFO - 26/08/21 04:02:53 INFO SparkContext: Starting job: csv at NativeMethodAccessorImpl.java:0
[2026-08-21T04:02:53.222+0000] {spark_submit.py:571} INFO - 26/08/21 04:02:53 INFO DAGScheduler: Got job 1 (csv at NativeMethodAccessorImpl.java:0) with 7 output partitions
[2026-08-21T04:02:53.223+0000] {spark_submit.py:571} INFO - 26/08/21 04:02:53 INFO DAGScheduler: Final stage: ResultStage 1 (csv at NativeMethodAccessorImpl.java:0)
[2026-08-21T04:02:53.223+0000] {spark_submit.py:571} INFO - 26/08/21 04:02:53 INFO DAGScheduler: Parents of final stage: List()
[2026-08-21T04:02:53.224+0000] {spark_submit.py:571} INFO - 26/08/21 04:02:53 INFO DAGScheduler: Missing parents: List()
[2026-08-21T04:02:53.226+0000] {spark_submit.py:571} INFO - 26/08/21 04:02:53 INFO DAGScheduler: Submitting ResultStage 1 (MapPartitionsRDD[9] at csv at NativeMethodAccessorImpl.java:0), which has no missing parents
[2026-08-21T04:02:53.258+0000] {spark_submit.py:571} INFO - 26/08/21 04:02:53 INFO MemoryStore: Block broadcast_3 stored as values in memory (estimated size 28.3 KiB, free 433.9 MiB)
[2026-08-21T04:02:53.263+0000] {spark_submit.py:571} INFO - 26/08/21 04:02:53 INFO MemoryStore: Block broadcast_3_piece0 stored as bytes in memory (estimated size 13.1 KiB, free 433.9 MiB)
[2026-08-21T04:02:53.264+0000] {spark_submit.py:571} INFO - 26/08/21 04:02:53 INFO BlockManagerInfo: Added broadcast_3_piece0 in memory on c90a551abb73:33749 (size: 13.1 KiB, free: 434.3 MiB)
[2026-08-21T04:02:53.268+0000] {spark_submit.py:571} INFO - 26/08/21 04:02:53 INFO SparkContext: Created broadcast 3 from broadcast at DAGScheduler.scala:1585
[2026-08-21T04:02:53.271+0000] {spark_submit.py:571} INFO - 26/08/21 04:02:53 INFO DAGScheduler: Submitting 7 missing tasks from ResultStage 1 (MapPartitionsRDD[9] at csv at NativeMethodAccessorImpl.java:0) (first 15 tasks are for partitions Vector(0, 1, 2, 3, 4, 5, 6))
[2026-08-21T04:02:53.271+0000] {spark_submit.py:571} INFO - 26/08/21 04:02:53 INFO TaskSchedulerImpl: Adding task set 1.0 with 7 tasks resource profile 0
[2026-08-21T04:02:53.272+0000] {spark_submit.py:571} INFO - 26/08/21 04:02:53 INFO TaskSetManager: Starting task 0.0 in stage 1.0 (TID 1) (172.18.0.7, executor 1, partition 0, PROCESS_LOCAL, 8210 bytes)
[2026-08-21T04:02:53.272+0000] {spark_submit.py:571} INFO - 26/08/21 04:02:53 INFO TaskSetManager: Starting task 1.0 in stage 1.0 (TID 2) (172.18.0.6, executor 0, partition 1, PROCESS_LOCAL, 8210 bytes)
[2026-08-21T04:02:53.272+0000] {spark_submit.py:571} INFO - 26/08/21 04:02:53 INFO TaskSetManager: Starting task 2.0 in stage 1.0 (TID 3) (172.18.0.7, executor 1, partition 2, PROCESS_LOCAL, 8210 bytes)
[2026-08-21T04:02:53.275+0000] {spark_submit.py:571} INFO - 26/08/21 04:02:53 INFO TaskSetManager: Starting task 3.0 in stage 1.0 (TID 4) (172.18.0.6, executor 0, partition 3, PROCESS_LOCAL, 8210 bytes)
[2026-08-21T04:02:53.362+0000] {spark_submit.py:571} INFO - 26/08/21 04:02:53 INFO BlockManagerInfo: Added broadcast_3_piece0 in memory on 172.18.0.6:44841 (size: 13.1 KiB, free: 434.4 MiB)
[2026-08-21T04:02:53.588+0000] {spark_submit.py:571} INFO - 26/08/21 04:02:53 INFO BlockManagerInfo: Added broadcast_3_piece0 in memory on 172.18.0.7:44041 (size: 13.1 KiB, free: 434.4 MiB)
[2026-08-21T04:02:55.062+0000] {spark_submit.py:571} INFO - 26/08/21 04:02:55 INFO BlockManagerInfo: Added broadcast_2_piece0 in memory on 172.18.0.6:44841 (size: 34.9 KiB, free: 434.3 MiB)
[2026-08-21T04:02:56.750+0000] {spark_submit.py:571} INFO - 26/08/21 04:02:56 INFO BlockManagerInfo: Added broadcast_2_piece0 in memory on 172.18.0.7:44041 (size: 34.9 KiB, free: 434.4 MiB)
[2026-08-21T04:02:57.323+0000] {spark_submit.py:571} INFO - 26/08/21 04:02:57 INFO TaskSetManager: Starting task 4.0 in stage 1.0 (TID 5) (172.18.0.6, executor 0, partition 4, PROCESS_LOCAL, 8210 bytes)
[2026-08-21T04:02:57.326+0000] {spark_submit.py:571} INFO - 26/08/21 04:02:57 INFO TaskSetManager: Finished task 3.0 in stage 1.0 (TID 4) in 4054 ms on 172.18.0.6 (executor 0) (1/7)
[2026-08-21T04:02:57.498+0000] {spark_submit.py:571} INFO - 26/08/21 04:02:57 INFO TaskSetManager: Starting task 5.0 in stage 1.0 (TID 6) (172.18.0.6, executor 0, partition 5, PROCESS_LOCAL, 8210 bytes)
[2026-08-21T04:02:57.499+0000] {spark_submit.py:571} INFO - 26/08/21 04:02:57 INFO TaskSetManager: Finished task 1.0 in stage 1.0 (TID 2) in 4227 ms on 172.18.0.6 (executor 0) (2/7)
[2026-08-21T04:02:59.495+0000] {spark_submit.py:571} INFO - 26/08/21 04:02:59 INFO TaskSetManager: Starting task 6.0 in stage 1.0 (TID 7) (172.18.0.6, executor 0, partition 6, PROCESS_LOCAL, 8210 bytes)
[2026-08-21T04:02:59.504+0000] {spark_submit.py:571} INFO - 26/08/21 04:02:59 INFO TaskSetManager: Finished task 5.0 in stage 1.0 (TID 6) in 2012 ms on 172.18.0.6 (executor 0) (3/7)
[2026-08-21T04:02:59.606+0000] {spark_submit.py:571} INFO - 26/08/21 04:02:59 INFO TaskSetManager: Finished task 4.0 in stage 1.0 (TID 5) in 2279 ms on 172.18.0.6 (executor 0) (4/7)
[2026-08-21T04:03:01.082+0000] {spark_submit.py:571} INFO - 26/08/21 04:03:01 INFO TaskSetManager: Finished task 6.0 in stage 1.0 (TID 7) in 1592 ms on 172.18.0.6 (executor 0) (5/7)
[2026-08-21T04:03:01.339+0000] {spark_submit.py:571} INFO - 26/08/21 04:03:01 INFO TaskSetManager: Finished task 0.0 in stage 1.0 (TID 1) in 8069 ms on 172.18.0.7 (executor 1) (6/7)
[2026-08-21T04:03:01.591+0000] {spark_submit.py:571} INFO - 26/08/21 04:03:01 INFO TaskSetManager: Finished task 2.0 in stage 1.0 (TID 3) in 8318 ms on 172.18.0.7 (executor 1) (7/7)
[2026-08-21T04:03:01.592+0000] {spark_submit.py:571} INFO - 26/08/21 04:03:01 INFO TaskSchedulerImpl: Removed TaskSet 1.0, whose tasks have all completed, from pool
[2026-08-21T04:03:01.592+0000] {spark_submit.py:571} INFO - 26/08/21 04:03:01 INFO DAGScheduler: ResultStage 1 (csv at NativeMethodAccessorImpl.java:0) finished in 8.363 s
[2026-08-21T04:03:01.592+0000] {spark_submit.py:571} INFO - 26/08/21 04:03:01 INFO DAGScheduler: Job 1 is finished. Cancelling potential speculative or zombie tasks for this job
[2026-08-21T04:03:01.592+0000] {spark_submit.py:571} INFO - 26/08/21 04:03:01 INFO TaskSchedulerImpl: Killing all running tasks in stage 1: Stage finished
[2026-08-21T04:03:01.594+0000] {spark_submit.py:571} INFO - 26/08/21 04:03:01 INFO DAGScheduler: Job 1 finished: csv at NativeMethodAccessorImpl.java:0, took 8.372761 s
[2026-08-21T04:03:01.751+0000] {spark_submit.py:571} INFO - Traceback (most recent call last):
[2026-08-21T04:03:01.752+0000] {spark_submit.py:571} INFO - File "/opt/spark_scripts/1_ingest_hourly.py", line 63, in <module>
[2026-08-21T04:03:01.752+0000] {spark_submit.py:571} INFO - main()
[2026-08-21T04:03:01.752+0000] {spark_submit.py:571} INFO - File "/opt/spark_scripts/1_ingest_hourly.py", line 33, in main
[2026-08-21T04:03:01.752+0000] {spark_submit.py:571} INFO - df_hourly = raw_df.filter(F.col("date_hour").cast("string") == args.target_date_hour)
[2026-08-21T04:03:01.753+0000] {spark_submit.py:571} INFO - File "/home/***/.local/lib/python3.10/site-packages/pyspark/python/lib/pyspark.zip/pyspark/sql/dataframe.py", line 3329, in filter
[2026-08-21T04:03:01.753+0000] {spark_submit.py:571} INFO - File "/home/***/.local/lib/python3.10/site-packages/pyspark/python/lib/py4j-0.10.9.7-src.zip/py4j/java_gateway.py", line 1322, in __call__
[2026-08-21T04:03:01.753+0000] {spark_submit.py:571} INFO - File "/home/***/.local/lib/python3.10/site-packages/pyspark/python/lib/pyspark.zip/pyspark/errors/exceptions/captured.py", line 185, in deco
[2026-08-21T04:03:01.754+0000] {spark_submit.py:571} INFO - pyspark.errors.exceptions.captured.AnalysisException: [UNRESOLVED_COLUMN.WITH_SUGGESTION] A column or function parameter with name `date_hour` cannot be resolved. Did you mean one of the following? [`"enb_name"|"cell_name"|"date_hour"|"dl_traffic_gb"|"ul_traffic_gb"|"total_traffic_gb"|"max_rrc_connected_user"|"ul_prb"|"ul_prb_used"|"ul_prb_available_total"|"dl_prb"|"dl_prb_used"|"dl_prb_available_total"|"sector"|"azimuth"|"cell_type"|"x"|"y"`].;
[2026-08-21T04:03:01.754+0000] {spark_submit.py:571} INFO - 'Filter (cast('date_hour as string) = 2025-06-01-05)
[2026-08-21T04:03:01.754+0000] {spark_submit.py:571} INFO - +- Relation ["enb_name"|"cell_name"|"date_hour"|"dl_traffic_gb"|"ul_traffic_gb"|"total_traffic_gb"|"max_rrc_connected_user"|"ul_prb"|"ul_prb_used"|"ul_prb_available_total"|"dl_prb"|"dl_prb_used"|"dl_prb_available_total"|"sector"|"azimuth"|"cell_type"|"x"|"y"#17] csv
[2026-08-21T04:03:01.755+0000] {spark_submit.py:571} INFO - 
[2026-08-21T04:03:01.788+0000] {spark_submit.py:571} INFO - 26/08/21 04:03:01 INFO SparkContext: Invoking stop() from shutdown hook
[2026-08-21T04:03:01.789+0000] {spark_submit.py:571} INFO - 26/08/21 04:03:01 INFO SparkContext: SparkContext is stopping with exitCode 0.
[2026-08-21T04:03:01.794+0000] {spark_submit.py:571} INFO - 26/08/21 04:03:01 INFO SparkUI: Stopped Spark web UI at http://c90a551abb73:4041
[2026-08-21T04:03:01.797+0000] {spark_submit.py:571} INFO - 26/08/21 04:03:01 INFO StandaloneSchedulerBackend: Shutting down all executors
[2026-08-21T04:03:01.797+0000] {spark_submit.py:571} INFO - 26/08/21 04:03:01 INFO StandaloneSchedulerBackend$StandaloneDriverEndpoint: Asking each executor to shut down
[2026-08-21T04:03:01.821+0000] {spark_submit.py:571} INFO - 26/08/21 04:03:01 INFO MapOutputTrackerMasterEndpoint: MapOutputTrackerMasterEndpoint stopped!
[2026-08-21T04:03:01.841+0000] {spark_submit.py:571} INFO - 26/08/21 04:03:01 INFO MemoryStore: MemoryStore cleared
[2026-08-21T04:03:01.842+0000] {spark_submit.py:571} INFO - 26/08/21 04:03:01 INFO BlockManager: BlockManager stopped
[2026-08-21T04:03:01.844+0000] {spark_submit.py:571} INFO - 26/08/21 04:03:01 INFO BlockManagerMaster: BlockManagerMaster stopped
[2026-08-21T04:03:01.846+0000] {spark_submit.py:571} INFO - 26/08/21 04:03:01 INFO OutputCommitCoordinator$OutputCommitCoordinatorEndpoint: OutputCommitCoordinator stopped!
[2026-08-21T04:03:01.865+0000] {spark_submit.py:571} INFO - 26/08/21 04:03:01 INFO SparkContext: Successfully stopped SparkContext
[2026-08-21T04:03:01.866+0000] {spark_submit.py:571} INFO - 26/08/21 04:03:01 INFO ShutdownHookManager: Shutdown hook called
[2026-08-21T04:03:01.866+0000] {spark_submit.py:571} INFO - 26/08/21 04:03:01 INFO ShutdownHookManager: Deleting directory /tmp/spark-109853e0-d1cf-4ed6-8642-84a014d4bce3/pyspark-38e4f2c4-b87d-4ba3-bedf-d22c246f04fe
[2026-08-21T04:03:01.872+0000] {spark_submit.py:571} INFO - 26/08/21 04:03:01 INFO ShutdownHookManager: Deleting directory /tmp/spark-109853e0-d1cf-4ed6-8642-84a014d4bce3
[2026-08-21T04:03:01.879+0000] {spark_submit.py:571} INFO - 26/08/21 04:03:01 INFO ShutdownHookManager: Deleting directory /tmp/spark-ccfaf7bb-e323-4916-ab25-31f4240ccb61
[2026-08-21T04:03:01.886+0000] {spark_submit.py:571} INFO - 26/08/21 04:03:01 INFO MetricsSystemImpl: Stopping s3a-file-system metrics system...
[2026-08-21T04:03:01.887+0000] {spark_submit.py:571} INFO - 26/08/21 04:03:01 INFO MetricsSystemImpl: s3a-file-system metrics system stopped.
[2026-08-21T04:03:01.889+0000] {spark_submit.py:571} INFO - 26/08/21 04:03:01 INFO MetricsSystemImpl: s3a-file-system metrics system shutdown complete.
[2026-08-21T04:03:01.947+0000] {taskinstance.py:441} INFO - ::group::Post task execution logs
[2026-08-21T04:03:01.957+0000] {taskinstance.py:2905} ERROR - Task failed with exception
Traceback (most recent call last):
  File "/home/airflow/.local/lib/python3.10/site-packages/airflow/models/taskinstance.py", line 465, in _execute_task
    result = _execute_callable(context=context, **execute_callable_kwargs)
  File "/home/airflow/.local/lib/python3.10/site-packages/airflow/models/taskinstance.py", line 432, in _execute_callable
    return execute_callable(context=context, **execute_callable_kwargs)
  File "/home/airflow/.local/lib/python3.10/site-packages/airflow/models/baseoperator.py", line 400, in wrapper
    return func(self, *args, **kwargs)
  File "/home/airflow/.local/lib/python3.10/site-packages/airflow/providers/apache/spark/operators/spark_submit.py", line 174, in execute
    self._hook.submit(self.application)
  File "/home/airflow/.local/lib/python3.10/site-packages/airflow/providers/apache/spark/hooks/spark_submit.py", line 502, in submit
    raise AirflowException(
airflow.exceptions.AirflowException: Cannot execute: spark-submit --master spark://spark-master:7077 --name arrow-spark --deploy-mode client /opt/spark_scripts/1_ingest_hourly.py --input_path s3a://landingzone/202506.csv --target_date_hour 2025-06-01-05. Error code is: 1.
[2026-08-21T04:03:01.963+0000] {taskinstance.py:1206} INFO - Marking task as UP_FOR_RETRY. dag_id=cell_kpi_hourly_anomaly_pipeline, task_id=1_ingest_hourly_bronze, run_id=scheduled__2025-05-31T22:00:00+00:00, execution_date=20250531T220000, start_date=20260821T040229, end_date=20260821T040301
[2026-08-21T04:03:01.980+0000] {standard_task_runner.py:110} ERROR - Failed to execute job 41 for task 1_ingest_hourly_bronze (Cannot execute: spark-submit --master spark://spark-master:7077 --name arrow-spark --deploy-mode client /opt/spark_scripts/1_ingest_hourly.py --input_path s3a://landingzone/202506.csv --target_date_hour 2025-06-01-05. Error code is: 1.; 3896)
[2026-08-21T04:03:02.018+0000] {local_task_job_runner.py:240} INFO - Task exited with return code 1
[2026-08-21T04:03:02.034+0000] {taskinstance.py:3498} INFO - 0 downstream tasks scheduled from follow-on schedule check
[2026-08-21T04:03:02.035+0000] {local_task_job_runner.py:222} INFO - ::endgroup::
