[2026-08-21T04:01:34.617+0000] {local_task_job_runner.py:120} INFO - ::group::Pre task execution logs
[2026-08-21T04:01:34.631+0000] {taskinstance.py:2076} INFO - Dependencies all met for dep_context=non-requeueable deps ti=<TaskInstance: cell_kpi_hourly_anomaly_pipeline.1_ingest_hourly_bronze scheduled__2025-05-31T19:00:00+00:00 [queued]>
[2026-08-21T04:01:34.636+0000] {taskinstance.py:2076} INFO - Dependencies all met for dep_context=requeueable deps ti=<TaskInstance: cell_kpi_hourly_anomaly_pipeline.1_ingest_hourly_bronze scheduled__2025-05-31T19:00:00+00:00 [queued]>
[2026-08-21T04:01:34.637+0000] {taskinstance.py:2306} INFO - Starting attempt 2 of 2
[2026-08-21T04:01:34.646+0000] {taskinstance.py:2330} INFO - Executing <Task(SparkSubmitOperator): 1_ingest_hourly_bronze> on 2025-05-31 19:00:00+00:00
[2026-08-21T04:01:34.651+0000] {standard_task_runner.py:63} INFO - Started process 3402 to run task
[2026-08-21T04:01:34.653+0000] {standard_task_runner.py:90} INFO - Running: ['***', 'tasks', 'run', 'cell_kpi_hourly_anomaly_pipeline', '1_ingest_hourly_bronze', 'scheduled__2025-05-31T19:00:00+00:00', '--job-id', '36', '--raw', '--subdir', 'DAGS_FOLDER/cell_kpi_hourly_anomaly.py', '--cfg-path', '/tmp/tmpt8x1py9d']
[2026-08-21T04:01:34.655+0000] {standard_task_runner.py:91} INFO - Job 36: Subtask 1_ingest_hourly_bronze
[2026-08-21T04:01:34.698+0000] {task_command.py:426} INFO - Running <TaskInstance: cell_kpi_hourly_anomaly_pipeline.1_ingest_hourly_bronze scheduled__2025-05-31T19:00:00+00:00 [running]> on host c90a551abb73
[2026-08-21T04:01:34.746+0000] {logging_mixin.py:188} WARNING - /home/***/.local/lib/python3.10/site-packages/***/utils/context.py:212 AirflowContextDeprecationWarning: Accessing 'execution_date' from the template is deprecated and will be removed in a future version. Please use 'data_interval_start' or 'logical_date' instead.
[2026-08-21T04:01:34.772+0000] {taskinstance.py:2648} INFO - Exporting env vars: AIRFLOW_CTX_DAG_OWNER='data_engineer_team' AIRFLOW_CTX_DAG_ID='cell_kpi_hourly_anomaly_pipeline' AIRFLOW_CTX_TASK_ID='1_ingest_hourly_bronze' AIRFLOW_CTX_EXECUTION_DATE='2025-05-31T19:00:00+00:00' AIRFLOW_CTX_TRY_NUMBER='2' AIRFLOW_CTX_DAG_RUN_ID='scheduled__2025-05-31T19:00:00+00:00'
[2026-08-21T04:01:34.772+0000] {taskinstance.py:430} INFO - ::endgroup::
[2026-08-21T04:01:34.788+0000] {base.py:84} INFO - Using connection ID 'spark-master' for task execution.
[2026-08-21T04:01:34.790+0000] {spark_submit.py:401} INFO - Spark-Submit cmd: spark-submit --master spark://spark-master:7077 --name arrow-spark --deploy-mode client /opt/spark_scripts/1_ingest_hourly.py --input_path s3a://landingzone/202506.csv --target_date_hour 2025-06-01-02
[2026-08-21T04:01:34.870+0000] {spark_submit.py:571} INFO - /home/***/.local/lib/python3.10/site-packages/pyspark/bin/load-spark-env.sh: line 68: ps: command not found
[2026-08-21T04:01:37.308+0000] {spark_submit.py:571} INFO - 26/08/21 04:01:37 INFO SparkContext: Running Spark version 3.5.1
[2026-08-21T04:01:37.310+0000] {spark_submit.py:571} INFO - 26/08/21 04:01:37 INFO SparkContext: OS info Linux, 6.8.0-1052-azure, amd64
[2026-08-21T04:01:37.310+0000] {spark_submit.py:571} INFO - 26/08/21 04:01:37 INFO SparkContext: Java version 17.0.20
[2026-08-21T04:01:37.358+0000] {spark_submit.py:571} INFO - 26/08/21 04:01:37 WARN NativeCodeLoader: Unable to load native-hadoop library for your platform... using builtin-java classes where applicable
[2026-08-21T04:01:37.444+0000] {spark_submit.py:571} INFO - 26/08/21 04:01:37 INFO ResourceUtils: ==============================================================
[2026-08-21T04:01:37.445+0000] {spark_submit.py:571} INFO - 26/08/21 04:01:37 INFO ResourceUtils: No custom resources configured for spark.driver.
[2026-08-21T04:01:37.445+0000] {spark_submit.py:571} INFO - 26/08/21 04:01:37 INFO ResourceUtils: ==============================================================
[2026-08-21T04:01:37.445+0000] {spark_submit.py:571} INFO - 26/08/21 04:01:37 INFO SparkContext: Submitted application: Ingest_Bronze_2025-06-01-02
[2026-08-21T04:01:37.465+0000] {spark_submit.py:571} INFO - 26/08/21 04:01:37 INFO ResourceProfile: Default ResourceProfile created, executor resources: Map(memory -> name: memory, amount: 1024, script: , vendor: , offHeap -> name: offHeap, amount: 0, script: , vendor: ), task resources: Map(cpus -> name: cpus, amount: 1.0)
[2026-08-21T04:01:37.472+0000] {spark_submit.py:571} INFO - 26/08/21 04:01:37 INFO ResourceProfile: Limiting resource is cpu
[2026-08-21T04:01:37.473+0000] {spark_submit.py:571} INFO - 26/08/21 04:01:37 INFO ResourceProfileManager: Added ResourceProfile id: 0
[2026-08-21T04:01:37.510+0000] {spark_submit.py:571} INFO - 26/08/21 04:01:37 INFO SecurityManager: Changing view acls to: ***
[2026-08-21T04:01:37.510+0000] {spark_submit.py:571} INFO - 26/08/21 04:01:37 INFO SecurityManager: Changing modify acls to: ***
[2026-08-21T04:01:37.511+0000] {spark_submit.py:571} INFO - 26/08/21 04:01:37 INFO SecurityManager: Changing view acls groups to:
[2026-08-21T04:01:37.511+0000] {spark_submit.py:571} INFO - 26/08/21 04:01:37 INFO SecurityManager: Changing modify acls groups to:
[2026-08-21T04:01:37.512+0000] {spark_submit.py:571} INFO - 26/08/21 04:01:37 INFO SecurityManager: SecurityManager: authentication disabled; ui acls disabled; users with view permissions: ***; groups with view permissions: EMPTY; users with modify permissions: ***; groups with modify permissions: EMPTY
[2026-08-21T04:01:37.686+0000] {spark_submit.py:571} INFO - 26/08/21 04:01:37 INFO Utils: Successfully started service 'sparkDriver' on port 37379.
[2026-08-21T04:01:37.717+0000] {spark_submit.py:571} INFO - 26/08/21 04:01:37 INFO SparkEnv: Registering MapOutputTracker
[2026-08-21T04:01:37.747+0000] {spark_submit.py:571} INFO - 26/08/21 04:01:37 INFO SparkEnv: Registering BlockManagerMaster
[2026-08-21T04:01:37.762+0000] {spark_submit.py:571} INFO - 26/08/21 04:01:37 INFO BlockManagerMasterEndpoint: Using org.apache.spark.storage.DefaultTopologyMapper for getting topology information
[2026-08-21T04:01:37.762+0000] {spark_submit.py:571} INFO - 26/08/21 04:01:37 INFO BlockManagerMasterEndpoint: BlockManagerMasterEndpoint up
[2026-08-21T04:01:37.769+0000] {spark_submit.py:571} INFO - 26/08/21 04:01:37 INFO SparkEnv: Registering BlockManagerMasterHeartbeat
[2026-08-21T04:01:37.795+0000] {spark_submit.py:571} INFO - 26/08/21 04:01:37 INFO DiskBlockManager: Created local directory at /tmp/blockmgr-91bccb54-49c7-4cb3-bd89-a7ac8c9a49cb
[2026-08-21T04:01:37.808+0000] {spark_submit.py:571} INFO - 26/08/21 04:01:37 INFO MemoryStore: MemoryStore started with capacity 434.4 MiB
[2026-08-21T04:01:37.822+0000] {spark_submit.py:571} INFO - 26/08/21 04:01:37 INFO SparkEnv: Registering OutputCommitCoordinator
[2026-08-21T04:01:37.930+0000] {spark_submit.py:571} INFO - 26/08/21 04:01:37 INFO JettyUtils: Start Jetty 0.0.0.0:4040 for SparkUI
[2026-08-21T04:01:37.979+0000] {spark_submit.py:571} INFO - 26/08/21 04:01:37 INFO Utils: Successfully started service 'SparkUI' on port 4040.
[2026-08-21T04:01:38.093+0000] {spark_submit.py:571} INFO - 26/08/21 04:01:38 INFO StandaloneAppClient$ClientEndpoint: Connecting to master spark://spark-master:7077...
[2026-08-21T04:01:38.129+0000] {spark_submit.py:571} INFO - 26/08/21 04:01:38 INFO TransportClientFactory: Successfully created connection to spark-master/172.18.0.4:7077 after 20 ms (0 ms spent in bootstraps)
[2026-08-21T04:01:38.205+0000] {spark_submit.py:571} INFO - 26/08/21 04:01:38 INFO StandaloneSchedulerBackend: Connected to Spark cluster with app ID app-20260821040138-0008
[2026-08-21T04:01:38.207+0000] {spark_submit.py:571} INFO - 26/08/21 04:01:38 INFO StandaloneAppClient$ClientEndpoint: Executor added: app-20260821040138-0008/0 on worker-20260821021253-172.18.0.6-39045 (172.18.0.6:39045) with 2 core(s)
[2026-08-21T04:01:38.218+0000] {spark_submit.py:571} INFO - 26/08/21 04:01:38 INFO StandaloneSchedulerBackend: Granted executor ID app-20260821040138-0008/0 on hostPort 172.18.0.6:39045 with 2 core(s), 1024.0 MiB RAM
[2026-08-21T04:01:38.218+0000] {spark_submit.py:571} INFO - 26/08/21 04:01:38 INFO StandaloneAppClient$ClientEndpoint: Executor added: app-20260821040138-0008/1 on worker-20260821021253-172.18.0.7-44957 (172.18.0.7:44957) with 2 core(s)
[2026-08-21T04:01:38.220+0000] {spark_submit.py:571} INFO - 26/08/21 04:01:38 INFO StandaloneSchedulerBackend: Granted executor ID app-20260821040138-0008/1 on hostPort 172.18.0.7:44957 with 2 core(s), 1024.0 MiB RAM
[2026-08-21T04:01:38.235+0000] {spark_submit.py:571} INFO - 26/08/21 04:01:38 INFO Utils: Successfully started service 'org.apache.spark.network.netty.NettyBlockTransferService' on port 37971.
[2026-08-21T04:01:38.236+0000] {spark_submit.py:571} INFO - 26/08/21 04:01:38 INFO NettyBlockTransferService: Server created on c90a551abb73:37971
[2026-08-21T04:01:38.238+0000] {spark_submit.py:571} INFO - 26/08/21 04:01:38 INFO BlockManager: Using org.apache.spark.storage.RandomBlockReplicationPolicy for block replication policy
[2026-08-21T04:01:38.260+0000] {spark_submit.py:571} INFO - 26/08/21 04:01:38 INFO BlockManagerMaster: Registering BlockManager BlockManagerId(driver, c90a551abb73, 37971, None)
[2026-08-21T04:01:38.267+0000] {spark_submit.py:571} INFO - 26/08/21 04:01:38 INFO BlockManagerMasterEndpoint: Registering block manager c90a551abb73:37971 with 434.4 MiB RAM, BlockManagerId(driver, c90a551abb73, 37971, None)
[2026-08-21T04:01:38.276+0000] {spark_submit.py:571} INFO - 26/08/21 04:01:38 INFO StandaloneAppClient$ClientEndpoint: Executor updated: app-20260821040138-0008/1 is now RUNNING
[2026-08-21T04:01:38.277+0000] {spark_submit.py:571} INFO - 26/08/21 04:01:38 INFO BlockManagerMaster: Registered BlockManager BlockManagerId(driver, c90a551abb73, 37971, None)
[2026-08-21T04:01:38.277+0000] {spark_submit.py:571} INFO - 26/08/21 04:01:38 INFO StandaloneAppClient$ClientEndpoint: Executor updated: app-20260821040138-0008/0 is now RUNNING
[2026-08-21T04:01:38.277+0000] {spark_submit.py:571} INFO - 26/08/21 04:01:38 INFO BlockManager: Initialized BlockManager: BlockManagerId(driver, c90a551abb73, 37971, None)
[2026-08-21T04:01:38.693+0000] {spark_submit.py:571} INFO - 26/08/21 04:01:38 INFO StandaloneSchedulerBackend: SchedulerBackend is ready for scheduling beginning after reached minRegisteredResourcesRatio: 0.0
[2026-08-21T04:01:39.053+0000] {spark_submit.py:571} INFO - Đang nạp s3a://landingzone/202506.csv và trích xuất dữ liệu ca: 2025-06-01-02...
[2026-08-21T04:01:39.173+0000] {spark_submit.py:571} INFO - 26/08/21 04:01:39 INFO SharedState: Setting hive.metastore.warehouse.dir ('null') to the value of spark.sql.warehouse.dir.
[2026-08-21T04:01:39.197+0000] {spark_submit.py:571} INFO - 26/08/21 04:01:39 INFO SharedState: Warehouse path is 'file:/opt/***/spark-warehouse'.
[2026-08-21T04:01:40.621+0000] {spark_submit.py:571} INFO - 26/08/21 04:01:40 WARN MetricsConfig: Cannot locate configuration: tried hadoop-metrics2-s3a-file-system.properties,hadoop-metrics2.properties
[2026-08-21T04:01:40.650+0000] {spark_submit.py:571} INFO - 26/08/21 04:01:40 INFO MetricsSystemImpl: Scheduled Metric snapshot period at 10 second(s).
[2026-08-21T04:01:40.657+0000] {spark_submit.py:571} INFO - 26/08/21 04:01:40 INFO MetricsSystemImpl: s3a-file-system metrics system started
[2026-08-21T04:01:42.399+0000] {spark_submit.py:571} INFO - 26/08/21 04:01:42 INFO InMemoryFileIndex: It took 101 ms to list leaf files for 1 paths.
[2026-08-21T04:01:42.632+0000] {spark_submit.py:571} INFO - 26/08/21 04:01:42 INFO InMemoryFileIndex: It took 36 ms to list leaf files for 1 paths.
[2026-08-21T04:01:44.286+0000] {spark_submit.py:571} INFO - 26/08/21 04:01:44 INFO StandaloneSchedulerBackend$StandaloneDriverEndpoint: Registered executor NettyRpcEndpointRef(spark-client://Executor) (172.18.0.6:42356) with ID 0,  ResourceProfileId 0
[2026-08-21T04:01:44.333+0000] {spark_submit.py:571} INFO - 26/08/21 04:01:44 INFO StandaloneSchedulerBackend$StandaloneDriverEndpoint: Registered executor NettyRpcEndpointRef(spark-client://Executor) (172.18.0.7:46686) with ID 1,  ResourceProfileId 0
[2026-08-21T04:01:44.420+0000] {spark_submit.py:571} INFO - 26/08/21 04:01:44 INFO BlockManagerMasterEndpoint: Registering block manager 172.18.0.6:36411 with 434.4 MiB RAM, BlockManagerId(0, 172.18.0.6, 36411, None)
[2026-08-21T04:01:44.436+0000] {spark_submit.py:571} INFO - 26/08/21 04:01:44 INFO BlockManagerMasterEndpoint: Registering block manager 172.18.0.7:46177 with 434.4 MiB RAM, BlockManagerId(1, 172.18.0.7, 46177, None)
[2026-08-21T04:01:45.450+0000] {spark_submit.py:571} INFO - 26/08/21 04:01:45 INFO FileSourceStrategy: Pushed Filters:
[2026-08-21T04:01:45.451+0000] {spark_submit.py:571} INFO - 26/08/21 04:01:45 INFO FileSourceStrategy: Post-Scan Filters: (length(trim(value#0, None)) > 0)
[2026-08-21T04:01:45.832+0000] {spark_submit.py:571} INFO - 26/08/21 04:01:45 INFO CodeGenerator: Code generated in 150.59052 ms
[2026-08-21T04:01:45.876+0000] {spark_submit.py:571} INFO - 26/08/21 04:01:45 INFO MemoryStore: Block broadcast_0 stored as values in memory (estimated size 201.7 KiB, free 434.2 MiB)
[2026-08-21T04:01:45.915+0000] {spark_submit.py:571} INFO - 26/08/21 04:01:45 INFO MemoryStore: Block broadcast_0_piece0 stored as bytes in memory (estimated size 34.9 KiB, free 434.2 MiB)
[2026-08-21T04:01:45.917+0000] {spark_submit.py:571} INFO - 26/08/21 04:01:45 INFO BlockManagerInfo: Added broadcast_0_piece0 in memory on c90a551abb73:37971 (size: 34.9 KiB, free: 434.4 MiB)
[2026-08-21T04:01:45.921+0000] {spark_submit.py:571} INFO - 26/08/21 04:01:45 INFO SparkContext: Created broadcast 0 from csv at NativeMethodAccessorImpl.java:0
[2026-08-21T04:01:45.929+0000] {spark_submit.py:571} INFO - 26/08/21 04:01:45 INFO FileSourceScanExec: Planning scan with bin packing, max size: 134217728 bytes, open cost is considered as scanning 4194304 bytes.
[2026-08-21T04:01:46.021+0000] {spark_submit.py:571} INFO - 26/08/21 04:01:46 INFO SparkContext: Starting job: csv at NativeMethodAccessorImpl.java:0
[2026-08-21T04:01:46.033+0000] {spark_submit.py:571} INFO - 26/08/21 04:01:46 INFO DAGScheduler: Got job 0 (csv at NativeMethodAccessorImpl.java:0) with 1 output partitions
[2026-08-21T04:01:46.034+0000] {spark_submit.py:571} INFO - 26/08/21 04:01:46 INFO DAGScheduler: Final stage: ResultStage 0 (csv at NativeMethodAccessorImpl.java:0)
[2026-08-21T04:01:46.034+0000] {spark_submit.py:571} INFO - 26/08/21 04:01:46 INFO DAGScheduler: Parents of final stage: List()
[2026-08-21T04:01:46.035+0000] {spark_submit.py:571} INFO - 26/08/21 04:01:46 INFO DAGScheduler: Missing parents: List()
[2026-08-21T04:01:46.039+0000] {spark_submit.py:571} INFO - 26/08/21 04:01:46 INFO DAGScheduler: Submitting ResultStage 0 (MapPartitionsRDD[3] at csv at NativeMethodAccessorImpl.java:0), which has no missing parents
[2026-08-21T04:01:46.087+0000] {spark_submit.py:571} INFO - 26/08/21 04:01:46 INFO MemoryStore: Block broadcast_1 stored as values in memory (estimated size 13.5 KiB, free 434.2 MiB)
[2026-08-21T04:01:46.096+0000] {spark_submit.py:571} INFO - 26/08/21 04:01:46 INFO MemoryStore: Block broadcast_1_piece0 stored as bytes in memory (estimated size 6.4 KiB, free 434.1 MiB)
[2026-08-21T04:01:46.097+0000] {spark_submit.py:571} INFO - 26/08/21 04:01:46 INFO BlockManagerInfo: Added broadcast_1_piece0 in memory on c90a551abb73:37971 (size: 6.4 KiB, free: 434.4 MiB)
[2026-08-21T04:01:46.098+0000] {spark_submit.py:571} INFO - 26/08/21 04:01:46 INFO SparkContext: Created broadcast 1 from broadcast at DAGScheduler.scala:1585
[2026-08-21T04:01:46.110+0000] {spark_submit.py:571} INFO - 26/08/21 04:01:46 INFO DAGScheduler: Submitting 1 missing tasks from ResultStage 0 (MapPartitionsRDD[3] at csv at NativeMethodAccessorImpl.java:0) (first 15 tasks are for partitions Vector(0))
[2026-08-21T04:01:46.111+0000] {spark_submit.py:571} INFO - 26/08/21 04:01:46 INFO TaskSchedulerImpl: Adding task set 0.0 with 1 tasks resource profile 0
[2026-08-21T04:01:46.132+0000] {spark_submit.py:571} INFO - 26/08/21 04:01:46 INFO TaskSetManager: Starting task 0.0 in stage 0.0 (TID 0) (172.18.0.6, executor 0, partition 0, PROCESS_LOCAL, 8210 bytes)
[2026-08-21T04:01:46.361+0000] {spark_submit.py:571} INFO - 26/08/21 04:01:46 INFO BlockManagerInfo: Added broadcast_1_piece0 in memory on 172.18.0.6:36411 (size: 6.4 KiB, free: 434.4 MiB)
[2026-08-21T04:01:47.240+0000] {spark_submit.py:571} INFO - 26/08/21 04:01:47 INFO BlockManagerInfo: Added broadcast_0_piece0 in memory on 172.18.0.6:36411 (size: 34.9 KiB, free: 434.4 MiB)
[2026-08-21T04:01:48.506+0000] {spark_submit.py:571} INFO - 26/08/21 04:01:48 INFO TaskSetManager: Finished task 0.0 in stage 0.0 (TID 0) in 2382 ms on 172.18.0.6 (executor 0) (1/1)
[2026-08-21T04:01:48.507+0000] {spark_submit.py:571} INFO - 26/08/21 04:01:48 INFO TaskSchedulerImpl: Removed TaskSet 0.0, whose tasks have all completed, from pool
[2026-08-21T04:01:48.512+0000] {spark_submit.py:571} INFO - 26/08/21 04:01:48 INFO DAGScheduler: ResultStage 0 (csv at NativeMethodAccessorImpl.java:0) finished in 2.466 s
[2026-08-21T04:01:48.515+0000] {spark_submit.py:571} INFO - 26/08/21 04:01:48 INFO DAGScheduler: Job 0 is finished. Cancelling potential speculative or zombie tasks for this job
[2026-08-21T04:01:48.515+0000] {spark_submit.py:571} INFO - 26/08/21 04:01:48 INFO TaskSchedulerImpl: Killing all running tasks in stage 0: Stage finished
[2026-08-21T04:01:48.518+0000] {spark_submit.py:571} INFO - 26/08/21 04:01:48 INFO DAGScheduler: Job 0 finished: csv at NativeMethodAccessorImpl.java:0, took 2.496591 s
[2026-08-21T04:01:48.540+0000] {spark_submit.py:571} INFO - 26/08/21 04:01:48 INFO CodeGenerator: Code generated in 12.480033 ms
[2026-08-21T04:01:48.597+0000] {spark_submit.py:571} INFO - 26/08/21 04:01:48 INFO BlockManagerInfo: Removed broadcast_1_piece0 on c90a551abb73:37971 in memory (size: 6.4 KiB, free: 434.4 MiB)
[2026-08-21T04:01:48.603+0000] {spark_submit.py:571} INFO - 26/08/21 04:01:48 INFO FileSourceStrategy: Pushed Filters:
[2026-08-21T04:01:48.603+0000] {spark_submit.py:571} INFO - 26/08/21 04:01:48 INFO FileSourceStrategy: Post-Scan Filters:
[2026-08-21T04:01:48.612+0000] {spark_submit.py:571} INFO - 26/08/21 04:01:48 INFO BlockManagerInfo: Removed broadcast_1_piece0 on 172.18.0.6:36411 in memory (size: 6.4 KiB, free: 434.4 MiB)
[2026-08-21T04:01:48.617+0000] {spark_submit.py:571} INFO - 26/08/21 04:01:48 INFO MemoryStore: Block broadcast_2 stored as values in memory (estimated size 201.7 KiB, free 434.0 MiB)
[2026-08-21T04:01:48.661+0000] {spark_submit.py:571} INFO - 26/08/21 04:01:48 INFO MemoryStore: Block broadcast_2_piece0 stored as bytes in memory (estimated size 34.9 KiB, free 433.9 MiB)
[2026-08-21T04:01:48.665+0000] {spark_submit.py:571} INFO - 26/08/21 04:01:48 INFO BlockManagerInfo: Added broadcast_2_piece0 in memory on c90a551abb73:37971 (size: 34.9 KiB, free: 434.3 MiB)
[2026-08-21T04:01:48.670+0000] {spark_submit.py:571} INFO - 26/08/21 04:01:48 INFO SparkContext: Created broadcast 2 from csv at NativeMethodAccessorImpl.java:0
[2026-08-21T04:01:48.670+0000] {spark_submit.py:571} INFO - 26/08/21 04:01:48 INFO FileSourceScanExec: Planning scan with bin packing, max size: 134217728 bytes, open cost is considered as scanning 4194304 bytes.
[2026-08-21T04:01:48.746+0000] {spark_submit.py:571} INFO - 26/08/21 04:01:48 INFO SparkContext: Starting job: csv at NativeMethodAccessorImpl.java:0
[2026-08-21T04:01:48.747+0000] {spark_submit.py:571} INFO - 26/08/21 04:01:48 INFO DAGScheduler: Got job 1 (csv at NativeMethodAccessorImpl.java:0) with 7 output partitions
[2026-08-21T04:01:48.747+0000] {spark_submit.py:571} INFO - 26/08/21 04:01:48 INFO DAGScheduler: Final stage: ResultStage 1 (csv at NativeMethodAccessorImpl.java:0)
[2026-08-21T04:01:48.749+0000] {spark_submit.py:571} INFO - 26/08/21 04:01:48 INFO DAGScheduler: Parents of final stage: List()
[2026-08-21T04:01:48.749+0000] {spark_submit.py:571} INFO - 26/08/21 04:01:48 INFO DAGScheduler: Missing parents: List()
[2026-08-21T04:01:48.750+0000] {spark_submit.py:571} INFO - 26/08/21 04:01:48 INFO DAGScheduler: Submitting ResultStage 1 (MapPartitionsRDD[9] at csv at NativeMethodAccessorImpl.java:0), which has no missing parents
[2026-08-21T04:01:48.765+0000] {spark_submit.py:571} INFO - 26/08/21 04:01:48 INFO MemoryStore: Block broadcast_3 stored as values in memory (estimated size 28.3 KiB, free 433.9 MiB)
[2026-08-21T04:01:48.773+0000] {spark_submit.py:571} INFO - 26/08/21 04:01:48 INFO MemoryStore: Block broadcast_3_piece0 stored as bytes in memory (estimated size 13.1 KiB, free 433.9 MiB)
[2026-08-21T04:01:48.776+0000] {spark_submit.py:571} INFO - 26/08/21 04:01:48 INFO BlockManagerInfo: Added broadcast_3_piece0 in memory on c90a551abb73:37971 (size: 13.1 KiB, free: 434.3 MiB)
[2026-08-21T04:01:48.782+0000] {spark_submit.py:571} INFO - 26/08/21 04:01:48 INFO SparkContext: Created broadcast 3 from broadcast at DAGScheduler.scala:1585
[2026-08-21T04:01:48.783+0000] {spark_submit.py:571} INFO - 26/08/21 04:01:48 INFO DAGScheduler: Submitting 7 missing tasks from ResultStage 1 (MapPartitionsRDD[9] at csv at NativeMethodAccessorImpl.java:0) (first 15 tasks are for partitions Vector(0, 1, 2, 3, 4, 5, 6))
[2026-08-21T04:01:48.783+0000] {spark_submit.py:571} INFO - 26/08/21 04:01:48 INFO TaskSchedulerImpl: Adding task set 1.0 with 7 tasks resource profile 0
[2026-08-21T04:01:48.787+0000] {spark_submit.py:571} INFO - 26/08/21 04:01:48 INFO TaskSetManager: Starting task 0.0 in stage 1.0 (TID 1) (172.18.0.7, executor 1, partition 0, PROCESS_LOCAL, 8210 bytes)
[2026-08-21T04:01:48.787+0000] {spark_submit.py:571} INFO - 26/08/21 04:01:48 INFO TaskSetManager: Starting task 1.0 in stage 1.0 (TID 2) (172.18.0.6, executor 0, partition 1, PROCESS_LOCAL, 8210 bytes)
[2026-08-21T04:01:48.788+0000] {spark_submit.py:571} INFO - 26/08/21 04:01:48 INFO TaskSetManager: Starting task 2.0 in stage 1.0 (TID 3) (172.18.0.7, executor 1, partition 2, PROCESS_LOCAL, 8210 bytes)
[2026-08-21T04:01:48.788+0000] {spark_submit.py:571} INFO - 26/08/21 04:01:48 INFO TaskSetManager: Starting task 3.0 in stage 1.0 (TID 4) (172.18.0.6, executor 0, partition 3, PROCESS_LOCAL, 8210 bytes)
[2026-08-21T04:01:48.790+0000] {spark_submit.py:571} INFO - 26/08/21 04:01:48 INFO BlockManagerInfo: Removed broadcast_0_piece0 on c90a551abb73:37971 in memory (size: 34.9 KiB, free: 434.4 MiB)
[2026-08-21T04:01:48.790+0000] {spark_submit.py:571} INFO - 26/08/21 04:01:48 INFO BlockManagerInfo: Removed broadcast_0_piece0 on 172.18.0.6:36411 in memory (size: 34.9 KiB, free: 434.4 MiB)
[2026-08-21T04:01:48.873+0000] {spark_submit.py:571} INFO - 26/08/21 04:01:48 INFO BlockManagerInfo: Added broadcast_3_piece0 in memory on 172.18.0.6:36411 (size: 13.1 KiB, free: 434.4 MiB)
[2026-08-21T04:01:49.221+0000] {spark_submit.py:571} INFO - 26/08/21 04:01:49 INFO BlockManagerInfo: Added broadcast_3_piece0 in memory on 172.18.0.7:46177 (size: 13.1 KiB, free: 434.4 MiB)
[2026-08-21T04:01:50.840+0000] {spark_submit.py:571} INFO - 26/08/21 04:01:50 INFO BlockManagerInfo: Added broadcast_2_piece0 in memory on 172.18.0.6:36411 (size: 34.9 KiB, free: 434.4 MiB)
[2026-08-21T04:01:53.337+0000] {spark_submit.py:571} INFO - 26/08/21 04:01:53 INFO BlockManagerInfo: Added broadcast_2_piece0 in memory on 172.18.0.7:46177 (size: 34.9 KiB, free: 434.4 MiB)
[2026-08-21T04:01:54.016+0000] {spark_submit.py:571} INFO - 26/08/21 04:01:54 INFO TaskSetManager: Starting task 4.0 in stage 1.0 (TID 5) (172.18.0.6, executor 0, partition 4, PROCESS_LOCAL, 8210 bytes)
[2026-08-21T04:01:54.029+0000] {spark_submit.py:571} INFO - 26/08/21 04:01:54 INFO TaskSetManager: Finished task 1.0 in stage 1.0 (TID 2) in 5243 ms on 172.18.0.6 (executor 0) (1/7)
[2026-08-21T04:01:54.054+0000] {spark_submit.py:571} INFO - 26/08/21 04:01:54 INFO TaskSetManager: Starting task 5.0 in stage 1.0 (TID 6) (172.18.0.6, executor 0, partition 5, PROCESS_LOCAL, 8210 bytes)
[2026-08-21T04:01:54.061+0000] {spark_submit.py:571} INFO - 26/08/21 04:01:54 INFO TaskSetManager: Finished task 3.0 in stage 1.0 (TID 4) in 5274 ms on 172.18.0.6 (executor 0) (2/7)
[2026-08-21T04:01:56.658+0000] {spark_submit.py:571} INFO - 26/08/21 04:01:56 INFO TaskSetManager: Starting task 6.0 in stage 1.0 (TID 7) (172.18.0.6, executor 0, partition 6, PROCESS_LOCAL, 8210 bytes)
[2026-08-21T04:01:56.659+0000] {spark_submit.py:571} INFO - 26/08/21 04:01:56 INFO TaskSetManager: Finished task 5.0 in stage 1.0 (TID 6) in 2601 ms on 172.18.0.6 (executor 0) (3/7)
[2026-08-21T04:01:57.339+0000] {spark_submit.py:571} INFO - 26/08/21 04:01:57 INFO TaskSetManager: Finished task 4.0 in stage 1.0 (TID 5) in 3321 ms on 172.18.0.6 (executor 0) (4/7)
[2026-08-21T04:01:58.623+0000] {spark_submit.py:571} INFO - 26/08/21 04:01:58 INFO TaskSetManager: Finished task 6.0 in stage 1.0 (TID 7) in 1970 ms on 172.18.0.6 (executor 0) (5/7)
[2026-08-21T04:01:59.357+0000] {spark_submit.py:571} INFO - 26/08/21 04:01:59 INFO TaskSetManager: Finished task 0.0 in stage 1.0 (TID 1) in 10571 ms on 172.18.0.7 (executor 1) (6/7)
[2026-08-21T04:01:59.382+0000] {spark_submit.py:571} INFO - 26/08/21 04:01:59 INFO TaskSetManager: Finished task 2.0 in stage 1.0 (TID 3) in 10598 ms on 172.18.0.7 (executor 1) (7/7)
[2026-08-21T04:01:59.383+0000] {spark_submit.py:571} INFO - 26/08/21 04:01:59 INFO TaskSchedulerImpl: Removed TaskSet 1.0, whose tasks have all completed, from pool
[2026-08-21T04:01:59.385+0000] {spark_submit.py:571} INFO - 26/08/21 04:01:59 INFO DAGScheduler: ResultStage 1 (csv at NativeMethodAccessorImpl.java:0) finished in 10.634 s
[2026-08-21T04:01:59.385+0000] {spark_submit.py:571} INFO - 26/08/21 04:01:59 INFO DAGScheduler: Job 1 is finished. Cancelling potential speculative or zombie tasks for this job
[2026-08-21T04:01:59.385+0000] {spark_submit.py:571} INFO - 26/08/21 04:01:59 INFO TaskSchedulerImpl: Killing all running tasks in stage 1: Stage finished
[2026-08-21T04:01:59.385+0000] {spark_submit.py:571} INFO - 26/08/21 04:01:59 INFO DAGScheduler: Job 1 finished: csv at NativeMethodAccessorImpl.java:0, took 10.638987 s
[2026-08-21T04:01:59.710+0000] {spark_submit.py:571} INFO - Traceback (most recent call last):
[2026-08-21T04:01:59.712+0000] {spark_submit.py:571} INFO - File "/opt/spark_scripts/1_ingest_hourly.py", line 63, in <module>
[2026-08-21T04:01:59.712+0000] {spark_submit.py:571} INFO - main()
[2026-08-21T04:01:59.713+0000] {spark_submit.py:571} INFO - File "/opt/spark_scripts/1_ingest_hourly.py", line 33, in main
[2026-08-21T04:01:59.713+0000] {spark_submit.py:571} INFO - df_hourly = raw_df.filter(F.col("date_hour").cast("string") == args.target_date_hour)
[2026-08-21T04:01:59.713+0000] {spark_submit.py:571} INFO - File "/home/***/.local/lib/python3.10/site-packages/pyspark/python/lib/pyspark.zip/pyspark/sql/dataframe.py", line 3329, in filter
[2026-08-21T04:01:59.714+0000] {spark_submit.py:571} INFO - File "/home/***/.local/lib/python3.10/site-packages/pyspark/python/lib/py4j-0.10.9.7-src.zip/py4j/java_gateway.py", line 1322, in __call__
[2026-08-21T04:01:59.714+0000] {spark_submit.py:571} INFO - File "/home/***/.local/lib/python3.10/site-packages/pyspark/python/lib/pyspark.zip/pyspark/errors/exceptions/captured.py", line 185, in deco
[2026-08-21T04:01:59.719+0000] {spark_submit.py:571} INFO - pyspark.errors.exceptions.captured.AnalysisException: [UNRESOLVED_COLUMN.WITH_SUGGESTION] A column or function parameter with name `date_hour` cannot be resolved. Did you mean one of the following? [`"enb_name"|"cell_name"|"date_hour"|"dl_traffic_gb"|"ul_traffic_gb"|"total_traffic_gb"|"max_rrc_connected_user"|"ul_prb"|"ul_prb_used"|"ul_prb_available_total"|"dl_prb"|"dl_prb_used"|"dl_prb_available_total"|"sector"|"azimuth"|"cell_type"|"x"|"y"`].;
[2026-08-21T04:01:59.720+0000] {spark_submit.py:571} INFO - 'Filter (cast('date_hour as string) = 2025-06-01-02)
[2026-08-21T04:01:59.720+0000] {spark_submit.py:571} INFO - +- Relation ["enb_name"|"cell_name"|"date_hour"|"dl_traffic_gb"|"ul_traffic_gb"|"total_traffic_gb"|"max_rrc_connected_user"|"ul_prb"|"ul_prb_used"|"ul_prb_available_total"|"dl_prb"|"dl_prb_used"|"dl_prb_available_total"|"sector"|"azimuth"|"cell_type"|"x"|"y"#17] csv
[2026-08-21T04:01:59.720+0000] {spark_submit.py:571} INFO - 
[2026-08-21T04:01:59.780+0000] {spark_submit.py:571} INFO - 26/08/21 04:01:59 INFO SparkContext: Invoking stop() from shutdown hook
[2026-08-21T04:01:59.781+0000] {spark_submit.py:571} INFO - 26/08/21 04:01:59 INFO SparkContext: SparkContext is stopping with exitCode 0.
[2026-08-21T04:01:59.793+0000] {spark_submit.py:571} INFO - 26/08/21 04:01:59 INFO SparkUI: Stopped Spark web UI at http://c90a551abb73:4040
[2026-08-21T04:01:59.799+0000] {spark_submit.py:571} INFO - 26/08/21 04:01:59 INFO StandaloneSchedulerBackend: Shutting down all executors
[2026-08-21T04:01:59.799+0000] {spark_submit.py:571} INFO - 26/08/21 04:01:59 INFO StandaloneSchedulerBackend$StandaloneDriverEndpoint: Asking each executor to shut down
[2026-08-21T04:01:59.845+0000] {spark_submit.py:571} INFO - 26/08/21 04:01:59 INFO MapOutputTrackerMasterEndpoint: MapOutputTrackerMasterEndpoint stopped!
[2026-08-21T04:01:59.894+0000] {spark_submit.py:571} INFO - 26/08/21 04:01:59 INFO MemoryStore: MemoryStore cleared
[2026-08-21T04:01:59.895+0000] {spark_submit.py:571} INFO - 26/08/21 04:01:59 INFO BlockManager: BlockManager stopped
[2026-08-21T04:01:59.906+0000] {spark_submit.py:571} INFO - 26/08/21 04:01:59 INFO BlockManagerMaster: BlockManagerMaster stopped
[2026-08-21T04:01:59.921+0000] {spark_submit.py:571} INFO - 26/08/21 04:01:59 INFO OutputCommitCoordinator$OutputCommitCoordinatorEndpoint: OutputCommitCoordinator stopped!
[2026-08-21T04:01:59.969+0000] {spark_submit.py:571} INFO - 26/08/21 04:01:59 INFO SparkContext: Successfully stopped SparkContext
[2026-08-21T04:01:59.969+0000] {spark_submit.py:571} INFO - 26/08/21 04:01:59 INFO ShutdownHookManager: Shutdown hook called
[2026-08-21T04:01:59.971+0000] {spark_submit.py:571} INFO - 26/08/21 04:01:59 INFO ShutdownHookManager: Deleting directory /tmp/spark-45a7f01c-f9bc-448a-b427-b859efdb625a
[2026-08-21T04:01:59.993+0000] {spark_submit.py:571} INFO - 26/08/21 04:01:59 INFO ShutdownHookManager: Deleting directory /tmp/spark-6e3ce6e0-2f53-47ed-9ce8-2b2e577e6bf5
[2026-08-21T04:02:00.021+0000] {spark_submit.py:571} INFO - 26/08/21 04:02:00 INFO ShutdownHookManager: Deleting directory /tmp/spark-6e3ce6e0-2f53-47ed-9ce8-2b2e577e6bf5/pyspark-68258009-bc92-4b58-ae88-709742a27f54
[2026-08-21T04:02:00.045+0000] {spark_submit.py:571} INFO - 26/08/21 04:02:00 INFO MetricsSystemImpl: Stopping s3a-file-system metrics system...
[2026-08-21T04:02:00.053+0000] {spark_submit.py:571} INFO - 26/08/21 04:02:00 INFO MetricsSystemImpl: s3a-file-system metrics system stopped.
[2026-08-21T04:02:00.053+0000] {spark_submit.py:571} INFO - 26/08/21 04:02:00 INFO MetricsSystemImpl: s3a-file-system metrics system shutdown complete.
[2026-08-21T04:02:00.236+0000] {taskinstance.py:441} INFO - ::group::Post task execution logs
[2026-08-21T04:02:00.256+0000] {taskinstance.py:2905} ERROR - Task failed with exception
Traceback (most recent call last):
  File "/home/airflow/.local/lib/python3.10/site-packages/airflow/models/taskinstance.py", line 465, in _execute_task
    result = _execute_callable(context=context, **execute_callable_kwargs)
  File "/home/airflow/.local/lib/python3.10/site-packages/airflow/models/taskinstance.py", line 432, in _execute_callable
    return execute_callable(context=context, **execute_callable_kwargs)
  File "/home/airflow/.local/lib/python3.10/site-packages/airflow/models/baseoperator.py", line 400, in wrapper
    return func(self, *args, **kwargs)
  File "/home/airflow/.local/lib/python3.10/site-packages/airflow/providers/apache/spark/operators/spark_submit.py", line 174, in execute
    self._hook.submit(self.application)
  File "/home/airflow/.local/lib/python3.10/site-packages/airflow/providers/apache/spark/hooks/spark_submit.py", line 502, in submit
    raise AirflowException(
airflow.exceptions.AirflowException: Cannot execute: spark-submit --master spark://spark-master:7077 --name arrow-spark --deploy-mode client /opt/spark_scripts/1_ingest_hourly.py --input_path s3a://landingzone/202506.csv --target_date_hour 2025-06-01-02. Error code is: 1.
[2026-08-21T04:02:00.265+0000] {taskinstance.py:1206} INFO - Marking task as FAILED. dag_id=cell_kpi_hourly_anomaly_pipeline, task_id=1_ingest_hourly_bronze, run_id=scheduled__2025-05-31T19:00:00+00:00, execution_date=20250531T190000, start_date=20260821T040134, end_date=20260821T040200
[2026-08-21T04:02:00.288+0000] {standard_task_runner.py:110} ERROR - Failed to execute job 36 for task 1_ingest_hourly_bronze (Cannot execute: spark-submit --master spark://spark-master:7077 --name arrow-spark --deploy-mode client /opt/spark_scripts/1_ingest_hourly.py --input_path s3a://landingzone/202506.csv --target_date_hour 2025-06-01-02. Error code is: 1.; 3402)
[2026-08-21T04:02:00.330+0000] {local_task_job_runner.py:240} INFO - Task exited with return code 1
[2026-08-21T04:02:00.401+0000] {taskinstance.py:3498} INFO - 0 downstream tasks scheduled from follow-on schedule check
[2026-08-21T04:02:00.415+0000] {local_task_job_runner.py:222} INFO - ::endgroup::
