[2026-08-21T04:01:50.213+0000] {local_task_job_runner.py:120} INFO - ::group::Pre task execution logs
[2026-08-21T04:01:50.245+0000] {taskinstance.py:2076} INFO - Dependencies all met for dep_context=non-requeueable deps ti=<TaskInstance: cell_kpi_hourly_anomaly_pipeline.1_ingest_hourly_bronze scheduled__2025-05-31T20:00:00+00:00 [queued]>
[2026-08-21T04:01:50.259+0000] {taskinstance.py:2076} INFO - Dependencies all met for dep_context=requeueable deps ti=<TaskInstance: cell_kpi_hourly_anomaly_pipeline.1_ingest_hourly_bronze scheduled__2025-05-31T20:00:00+00:00 [queued]>
[2026-08-21T04:01:50.259+0000] {taskinstance.py:2306} INFO - Starting attempt 2 of 2
[2026-08-21T04:01:50.273+0000] {taskinstance.py:2330} INFO - Executing <Task(SparkSubmitOperator): 1_ingest_hourly_bronze> on 2025-05-31 20:00:00+00:00
[2026-08-21T04:01:50.306+0000] {standard_task_runner.py:63} INFO - Started process 3562 to run task
[2026-08-21T04:01:50.310+0000] {standard_task_runner.py:90} INFO - Running: ['***', 'tasks', 'run', 'cell_kpi_hourly_anomaly_pipeline', '1_ingest_hourly_bronze', 'scheduled__2025-05-31T20:00:00+00:00', '--job-id', '37', '--raw', '--subdir', 'DAGS_FOLDER/cell_kpi_hourly_anomaly.py', '--cfg-path', '/tmp/tmpuluwez6y']
[2026-08-21T04:01:50.313+0000] {standard_task_runner.py:91} INFO - Job 37: Subtask 1_ingest_hourly_bronze
[2026-08-21T04:01:50.422+0000] {task_command.py:426} INFO - Running <TaskInstance: cell_kpi_hourly_anomaly_pipeline.1_ingest_hourly_bronze scheduled__2025-05-31T20:00:00+00:00 [running]> on host c90a551abb73
[2026-08-21T04:01:50.533+0000] {logging_mixin.py:188} WARNING - /home/***/.local/lib/python3.10/site-packages/***/utils/context.py:212 AirflowContextDeprecationWarning: Accessing 'execution_date' from the template is deprecated and will be removed in a future version. Please use 'data_interval_start' or 'logical_date' instead.
[2026-08-21T04:01:50.595+0000] {taskinstance.py:2648} INFO - Exporting env vars: AIRFLOW_CTX_DAG_OWNER='data_engineer_team' AIRFLOW_CTX_DAG_ID='cell_kpi_hourly_anomaly_pipeline' AIRFLOW_CTX_TASK_ID='1_ingest_hourly_bronze' AIRFLOW_CTX_EXECUTION_DATE='2025-05-31T20:00:00+00:00' AIRFLOW_CTX_TRY_NUMBER='2' AIRFLOW_CTX_DAG_RUN_ID='scheduled__2025-05-31T20:00:00+00:00'
[2026-08-21T04:01:50.596+0000] {taskinstance.py:430} INFO - ::endgroup::
[2026-08-21T04:01:50.626+0000] {base.py:84} INFO - Using connection ID 'spark-master' for task execution.
[2026-08-21T04:01:50.628+0000] {spark_submit.py:401} INFO - Spark-Submit cmd: spark-submit --master spark://spark-master:7077 --name arrow-spark --deploy-mode client /opt/spark_scripts/1_ingest_hourly.py --input_path s3a://landingzone/202506.csv --target_date_hour 2025-06-01-03
[2026-08-21T04:01:50.815+0000] {spark_submit.py:571} INFO - /home/***/.local/lib/python3.10/site-packages/pyspark/bin/load-spark-env.sh: line 68: ps: command not found
[2026-08-21T04:01:56.524+0000] {spark_submit.py:571} INFO - 26/08/21 04:01:56 INFO SparkContext: Running Spark version 3.5.1
[2026-08-21T04:01:56.534+0000] {spark_submit.py:571} INFO - 26/08/21 04:01:56 INFO SparkContext: OS info Linux, 6.8.0-1052-azure, amd64
[2026-08-21T04:01:56.534+0000] {spark_submit.py:571} INFO - 26/08/21 04:01:56 INFO SparkContext: Java version 17.0.20
[2026-08-21T04:01:56.806+0000] {spark_submit.py:571} INFO - 26/08/21 04:01:56 WARN NativeCodeLoader: Unable to load native-hadoop library for your platform... using builtin-java classes where applicable
[2026-08-21T04:01:57.152+0000] {spark_submit.py:571} INFO - 26/08/21 04:01:57 INFO ResourceUtils: ==============================================================
[2026-08-21T04:01:57.153+0000] {spark_submit.py:571} INFO - 26/08/21 04:01:57 INFO ResourceUtils: No custom resources configured for spark.driver.
[2026-08-21T04:01:57.155+0000] {spark_submit.py:571} INFO - 26/08/21 04:01:57 INFO ResourceUtils: ==============================================================
[2026-08-21T04:01:57.161+0000] {spark_submit.py:571} INFO - 26/08/21 04:01:57 INFO SparkContext: Submitted application: Ingest_Bronze_2025-06-01-03
[2026-08-21T04:01:57.324+0000] {spark_submit.py:571} INFO - 26/08/21 04:01:57 INFO ResourceProfile: Default ResourceProfile created, executor resources: Map(memory -> name: memory, amount: 1024, script: , vendor: , offHeap -> name: offHeap, amount: 0, script: , vendor: ), task resources: Map(cpus -> name: cpus, amount: 1.0)
[2026-08-21T04:01:57.366+0000] {spark_submit.py:571} INFO - 26/08/21 04:01:57 INFO ResourceProfile: Limiting resource is cpu
[2026-08-21T04:01:57.381+0000] {spark_submit.py:571} INFO - 26/08/21 04:01:57 INFO ResourceProfileManager: Added ResourceProfile id: 0
[2026-08-21T04:01:57.650+0000] {spark_submit.py:571} INFO - 26/08/21 04:01:57 INFO SecurityManager: Changing view acls to: ***
[2026-08-21T04:01:57.660+0000] {spark_submit.py:571} INFO - 26/08/21 04:01:57 INFO SecurityManager: Changing modify acls to: ***
[2026-08-21T04:01:57.660+0000] {spark_submit.py:571} INFO - 26/08/21 04:01:57 INFO SecurityManager: Changing view acls groups to:
[2026-08-21T04:01:57.661+0000] {spark_submit.py:571} INFO - 26/08/21 04:01:57 INFO SecurityManager: Changing modify acls groups to:
[2026-08-21T04:01:57.661+0000] {spark_submit.py:571} INFO - 26/08/21 04:01:57 INFO SecurityManager: SecurityManager: authentication disabled; ui acls disabled; users with view permissions: ***; groups with view permissions: EMPTY; users with modify permissions: ***; groups with modify permissions: EMPTY
[2026-08-21T04:01:58.273+0000] {spark_submit.py:571} INFO - 26/08/21 04:01:58 INFO Utils: Successfully started service 'sparkDriver' on port 35937.
[2026-08-21T04:01:58.347+0000] {spark_submit.py:571} INFO - 26/08/21 04:01:58 INFO SparkEnv: Registering MapOutputTracker
[2026-08-21T04:01:58.411+0000] {spark_submit.py:571} INFO - 26/08/21 04:01:58 INFO SparkEnv: Registering BlockManagerMaster
[2026-08-21T04:01:58.436+0000] {spark_submit.py:571} INFO - 26/08/21 04:01:58 INFO BlockManagerMasterEndpoint: Using org.apache.spark.storage.DefaultTopologyMapper for getting topology information
[2026-08-21T04:01:58.442+0000] {spark_submit.py:571} INFO - 26/08/21 04:01:58 INFO BlockManagerMasterEndpoint: BlockManagerMasterEndpoint up
[2026-08-21T04:01:58.446+0000] {spark_submit.py:571} INFO - 26/08/21 04:01:58 INFO SparkEnv: Registering BlockManagerMasterHeartbeat
[2026-08-21T04:01:58.523+0000] {spark_submit.py:571} INFO - 26/08/21 04:01:58 INFO DiskBlockManager: Created local directory at /tmp/blockmgr-70da1bf9-f4fc-49cc-a14a-b39b12506b75
[2026-08-21T04:01:58.579+0000] {spark_submit.py:571} INFO - 26/08/21 04:01:58 INFO MemoryStore: MemoryStore started with capacity 434.4 MiB
[2026-08-21T04:01:58.621+0000] {spark_submit.py:571} INFO - 26/08/21 04:01:58 INFO SparkEnv: Registering OutputCommitCoordinator
[2026-08-21T04:01:58.793+0000] {spark_submit.py:571} INFO - 26/08/21 04:01:58 INFO JettyUtils: Start Jetty 0.0.0.0:4040 for SparkUI
[2026-08-21T04:01:58.876+0000] {spark_submit.py:571} INFO - 26/08/21 04:01:58 WARN Utils: Service 'SparkUI' could not bind on port 4040. Attempting port 4041.
[2026-08-21T04:01:58.890+0000] {spark_submit.py:571} INFO - 26/08/21 04:01:58 INFO Utils: Successfully started service 'SparkUI' on port 4041.
[2026-08-21T04:01:59.117+0000] {spark_submit.py:571} INFO - 26/08/21 04:01:59 INFO StandaloneAppClient$ClientEndpoint: Connecting to master spark://spark-master:7077...
[2026-08-21T04:01:59.190+0000] {spark_submit.py:571} INFO - 26/08/21 04:01:59 INFO TransportClientFactory: Successfully created connection to spark-master/172.18.0.4:7077 after 42 ms (0 ms spent in bootstraps)
[2026-08-21T04:01:59.326+0000] {spark_submit.py:571} INFO - 26/08/21 04:01:59 INFO StandaloneSchedulerBackend: Connected to Spark cluster with app ID app-20260821040159-0009
[2026-08-21T04:01:59.366+0000] {spark_submit.py:571} INFO - 26/08/21 04:01:59 INFO Utils: Successfully started service 'org.apache.spark.network.netty.NettyBlockTransferService' on port 35241.
[2026-08-21T04:01:59.367+0000] {spark_submit.py:571} INFO - 26/08/21 04:01:59 INFO NettyBlockTransferService: Server created on c90a551abb73:35241
[2026-08-21T04:01:59.372+0000] {spark_submit.py:571} INFO - 26/08/21 04:01:59 INFO BlockManager: Using org.apache.spark.storage.RandomBlockReplicationPolicy for block replication policy
[2026-08-21T04:01:59.389+0000] {spark_submit.py:571} INFO - 26/08/21 04:01:59 INFO BlockManagerMaster: Registering BlockManager BlockManagerId(driver, c90a551abb73, 35241, None)
[2026-08-21T04:01:59.394+0000] {spark_submit.py:571} INFO - 26/08/21 04:01:59 INFO BlockManagerMasterEndpoint: Registering block manager c90a551abb73:35241 with 434.4 MiB RAM, BlockManagerId(driver, c90a551abb73, 35241, None)
[2026-08-21T04:01:59.400+0000] {spark_submit.py:571} INFO - 26/08/21 04:01:59 INFO BlockManagerMaster: Registered BlockManager BlockManagerId(driver, c90a551abb73, 35241, None)
[2026-08-21T04:01:59.401+0000] {spark_submit.py:571} INFO - 26/08/21 04:01:59 INFO BlockManager: Initialized BlockManager: BlockManagerId(driver, c90a551abb73, 35241, None)
[2026-08-21T04:01:59.728+0000] {spark_submit.py:571} INFO - 26/08/21 04:01:59 INFO StandaloneSchedulerBackend: SchedulerBackend is ready for scheduling beginning after reached minRegisteredResourcesRatio: 0.0
[2026-08-21T04:01:59.883+0000] {spark_submit.py:571} INFO - 26/08/21 04:01:59 INFO StandaloneAppClient$ClientEndpoint: Executor added: app-20260821040159-0009/0 on worker-20260821021253-172.18.0.6-39045 (172.18.0.6:39045) with 2 core(s)
[2026-08-21T04:01:59.916+0000] {spark_submit.py:571} INFO - 26/08/21 04:01:59 INFO StandaloneSchedulerBackend: Granted executor ID app-20260821040159-0009/0 on hostPort 172.18.0.6:39045 with 2 core(s), 1024.0 MiB RAM
[2026-08-21T04:01:59.918+0000] {spark_submit.py:571} INFO - 26/08/21 04:01:59 INFO StandaloneAppClient$ClientEndpoint: Executor added: app-20260821040159-0009/1 on worker-20260821021253-172.18.0.7-44957 (172.18.0.7:44957) with 2 core(s)
[2026-08-21T04:01:59.920+0000] {spark_submit.py:571} INFO - 26/08/21 04:01:59 INFO StandaloneSchedulerBackend: Granted executor ID app-20260821040159-0009/1 on hostPort 172.18.0.7:44957 with 2 core(s), 1024.0 MiB RAM
[2026-08-21T04:01:59.982+0000] {spark_submit.py:571} INFO - 26/08/21 04:01:59 INFO StandaloneAppClient$ClientEndpoint: Executor updated: app-20260821040159-0009/1 is now RUNNING
[2026-08-21T04:01:59.985+0000] {spark_submit.py:571} INFO - 26/08/21 04:01:59 INFO StandaloneAppClient$ClientEndpoint: Executor updated: app-20260821040159-0009/0 is now RUNNING
[2026-08-21T04:02:00.143+0000] {spark_submit.py:571} INFO - Đang nạp s3a://landingzone/202506.csv và trích xuất dữ liệu ca: 2025-06-01-03...
[2026-08-21T04:02:00.210+0000] {spark_submit.py:571} INFO - 26/08/21 04:02:00 INFO SharedState: Setting hive.metastore.warehouse.dir ('null') to the value of spark.sql.warehouse.dir.
[2026-08-21T04:02:00.242+0000] {spark_submit.py:571} INFO - 26/08/21 04:02:00 INFO SharedState: Warehouse path is 'file:/opt/***/spark-warehouse'.
[2026-08-21T04:02:01.848+0000] {spark_submit.py:571} INFO - 26/08/21 04:02:01 WARN MetricsConfig: Cannot locate configuration: tried hadoop-metrics2-s3a-file-system.properties,hadoop-metrics2.properties
[2026-08-21T04:02:01.877+0000] {spark_submit.py:571} INFO - 26/08/21 04:02:01 INFO MetricsSystemImpl: Scheduled Metric snapshot period at 10 second(s).
[2026-08-21T04:02:01.878+0000] {spark_submit.py:571} INFO - 26/08/21 04:02:01 INFO MetricsSystemImpl: s3a-file-system metrics system started
[2026-08-21T04:02:03.940+0000] {spark_submit.py:571} INFO - 26/08/21 04:02:03 INFO InMemoryFileIndex: It took 231 ms to list leaf files for 1 paths.
[2026-08-21T04:02:04.172+0000] {spark_submit.py:571} INFO - 26/08/21 04:02:04 INFO InMemoryFileIndex: It took 17 ms to list leaf files for 1 paths.
[2026-08-21T04:02:05.822+0000] {spark_submit.py:571} INFO - 26/08/21 04:02:05 INFO StandaloneSchedulerBackend$StandaloneDriverEndpoint: Registered executor NettyRpcEndpointRef(spark-client://Executor) (172.18.0.6:54214) with ID 0,  ResourceProfileId 0
[2026-08-21T04:02:05.877+0000] {spark_submit.py:571} INFO - 26/08/21 04:02:05 INFO StandaloneSchedulerBackend$StandaloneDriverEndpoint: Registered executor NettyRpcEndpointRef(spark-client://Executor) (172.18.0.7:47076) with ID 1,  ResourceProfileId 0
[2026-08-21T04:02:06.001+0000] {spark_submit.py:571} INFO - 26/08/21 04:02:06 INFO BlockManagerMasterEndpoint: Registering block manager 172.18.0.6:35009 with 434.4 MiB RAM, BlockManagerId(0, 172.18.0.6, 35009, None)
[2026-08-21T04:02:06.046+0000] {spark_submit.py:571} INFO - 26/08/21 04:02:06 INFO BlockManagerMasterEndpoint: Registering block manager 172.18.0.7:34587 with 434.4 MiB RAM, BlockManagerId(1, 172.18.0.7, 34587, None)
[2026-08-21T04:02:08.138+0000] {spark_submit.py:571} INFO - 26/08/21 04:02:08 INFO FileSourceStrategy: Pushed Filters:
[2026-08-21T04:02:08.149+0000] {spark_submit.py:571} INFO - 26/08/21 04:02:08 INFO FileSourceStrategy: Post-Scan Filters: (length(trim(value#0, None)) > 0)
[2026-08-21T04:02:08.684+0000] {spark_submit.py:571} INFO - 26/08/21 04:02:08 INFO CodeGenerator: Code generated in 196.354187 ms
[2026-08-21T04:02:08.729+0000] {spark_submit.py:571} INFO - 26/08/21 04:02:08 INFO MemoryStore: Block broadcast_0 stored as values in memory (estimated size 201.7 KiB, free 434.2 MiB)
[2026-08-21T04:02:08.781+0000] {spark_submit.py:571} INFO - 26/08/21 04:02:08 INFO MemoryStore: Block broadcast_0_piece0 stored as bytes in memory (estimated size 34.9 KiB, free 434.2 MiB)
[2026-08-21T04:02:08.784+0000] {spark_submit.py:571} INFO - 26/08/21 04:02:08 INFO BlockManagerInfo: Added broadcast_0_piece0 in memory on c90a551abb73:35241 (size: 34.9 KiB, free: 434.4 MiB)
[2026-08-21T04:02:08.790+0000] {spark_submit.py:571} INFO - 26/08/21 04:02:08 INFO SparkContext: Created broadcast 0 from csv at NativeMethodAccessorImpl.java:0
[2026-08-21T04:02:08.798+0000] {spark_submit.py:571} INFO - 26/08/21 04:02:08 INFO FileSourceScanExec: Planning scan with bin packing, max size: 134217728 bytes, open cost is considered as scanning 4194304 bytes.
[2026-08-21T04:02:08.927+0000] {spark_submit.py:571} INFO - 26/08/21 04:02:08 INFO SparkContext: Starting job: csv at NativeMethodAccessorImpl.java:0
[2026-08-21T04:02:08.947+0000] {spark_submit.py:571} INFO - 26/08/21 04:02:08 INFO DAGScheduler: Got job 0 (csv at NativeMethodAccessorImpl.java:0) with 1 output partitions
[2026-08-21T04:02:08.947+0000] {spark_submit.py:571} INFO - 26/08/21 04:02:08 INFO DAGScheduler: Final stage: ResultStage 0 (csv at NativeMethodAccessorImpl.java:0)
[2026-08-21T04:02:08.948+0000] {spark_submit.py:571} INFO - 26/08/21 04:02:08 INFO DAGScheduler: Parents of final stage: List()
[2026-08-21T04:02:08.949+0000] {spark_submit.py:571} INFO - 26/08/21 04:02:08 INFO DAGScheduler: Missing parents: List()
[2026-08-21T04:02:08.952+0000] {spark_submit.py:571} INFO - 26/08/21 04:02:08 INFO DAGScheduler: Submitting ResultStage 0 (MapPartitionsRDD[3] at csv at NativeMethodAccessorImpl.java:0), which has no missing parents
[2026-08-21T04:02:09.057+0000] {spark_submit.py:571} INFO - 26/08/21 04:02:09 INFO MemoryStore: Block broadcast_1 stored as values in memory (estimated size 13.5 KiB, free 434.2 MiB)
[2026-08-21T04:02:09.082+0000] {spark_submit.py:571} INFO - 26/08/21 04:02:09 INFO MemoryStore: Block broadcast_1_piece0 stored as bytes in memory (estimated size 6.4 KiB, free 434.1 MiB)
[2026-08-21T04:02:09.083+0000] {spark_submit.py:571} INFO - 26/08/21 04:02:09 INFO BlockManagerInfo: Added broadcast_1_piece0 in memory on c90a551abb73:35241 (size: 6.4 KiB, free: 434.4 MiB)
[2026-08-21T04:02:09.083+0000] {spark_submit.py:571} INFO - 26/08/21 04:02:09 INFO SparkContext: Created broadcast 1 from broadcast at DAGScheduler.scala:1585
[2026-08-21T04:02:09.098+0000] {spark_submit.py:571} INFO - 26/08/21 04:02:09 INFO DAGScheduler: Submitting 1 missing tasks from ResultStage 0 (MapPartitionsRDD[3] at csv at NativeMethodAccessorImpl.java:0) (first 15 tasks are for partitions Vector(0))
[2026-08-21T04:02:09.099+0000] {spark_submit.py:571} INFO - 26/08/21 04:02:09 INFO TaskSchedulerImpl: Adding task set 0.0 with 1 tasks resource profile 0
[2026-08-21T04:02:09.130+0000] {spark_submit.py:571} INFO - 26/08/21 04:02:09 INFO TaskSetManager: Starting task 0.0 in stage 0.0 (TID 0) (172.18.0.6, executor 0, partition 0, PROCESS_LOCAL, 8210 bytes)
[2026-08-21T04:02:09.407+0000] {spark_submit.py:571} INFO - 26/08/21 04:02:09 INFO BlockManagerInfo: Added broadcast_1_piece0 in memory on 172.18.0.6:35009 (size: 6.4 KiB, free: 434.4 MiB)
[2026-08-21T04:02:10.480+0000] {spark_submit.py:571} INFO - 26/08/21 04:02:10 INFO BlockManagerInfo: Added broadcast_0_piece0 in memory on 172.18.0.6:35009 (size: 34.9 KiB, free: 434.4 MiB)
[2026-08-21T04:02:12.515+0000] {spark_submit.py:571} INFO - 26/08/21 04:02:12 INFO TaskSetManager: Finished task 0.0 in stage 0.0 (TID 0) in 3393 ms on 172.18.0.6 (executor 0) (1/1)
[2026-08-21T04:02:12.516+0000] {spark_submit.py:571} INFO - 26/08/21 04:02:12 INFO TaskSchedulerImpl: Removed TaskSet 0.0, whose tasks have all completed, from pool
[2026-08-21T04:02:12.530+0000] {spark_submit.py:571} INFO - 26/08/21 04:02:12 INFO DAGScheduler: ResultStage 0 (csv at NativeMethodAccessorImpl.java:0) finished in 3.539 s
[2026-08-21T04:02:12.531+0000] {spark_submit.py:571} INFO - 26/08/21 04:02:12 INFO DAGScheduler: Job 0 is finished. Cancelling potential speculative or zombie tasks for this job
[2026-08-21T04:02:12.533+0000] {spark_submit.py:571} INFO - 26/08/21 04:02:12 INFO TaskSchedulerImpl: Killing all running tasks in stage 0: Stage finished
[2026-08-21T04:02:12.537+0000] {spark_submit.py:571} INFO - 26/08/21 04:02:12 INFO DAGScheduler: Job 0 finished: csv at NativeMethodAccessorImpl.java:0, took 3.609397 s
[2026-08-21T04:02:12.570+0000] {spark_submit.py:571} INFO - 26/08/21 04:02:12 INFO CodeGenerator: Code generated in 12.583066 ms
[2026-08-21T04:02:12.694+0000] {spark_submit.py:571} INFO - 26/08/21 04:02:12 INFO BlockManagerInfo: Removed broadcast_1_piece0 on 172.18.0.6:35009 in memory (size: 6.4 KiB, free: 434.4 MiB)
[2026-08-21T04:02:12.694+0000] {spark_submit.py:571} INFO - 26/08/21 04:02:12 INFO FileSourceStrategy: Pushed Filters:
[2026-08-21T04:02:12.694+0000] {spark_submit.py:571} INFO - 26/08/21 04:02:12 INFO FileSourceStrategy: Post-Scan Filters:
[2026-08-21T04:02:12.700+0000] {spark_submit.py:571} INFO - 26/08/21 04:02:12 INFO BlockManagerInfo: Removed broadcast_1_piece0 on c90a551abb73:35241 in memory (size: 6.4 KiB, free: 434.4 MiB)
[2026-08-21T04:02:12.737+0000] {spark_submit.py:571} INFO - 26/08/21 04:02:12 INFO MemoryStore: Block broadcast_2 stored as values in memory (estimated size 201.7 KiB, free 434.0 MiB)
[2026-08-21T04:02:12.772+0000] {spark_submit.py:571} INFO - 26/08/21 04:02:12 INFO MemoryStore: Block broadcast_2_piece0 stored as bytes in memory (estimated size 34.9 KiB, free 433.9 MiB)
[2026-08-21T04:02:12.777+0000] {spark_submit.py:571} INFO - 26/08/21 04:02:12 INFO BlockManagerInfo: Added broadcast_2_piece0 in memory on c90a551abb73:35241 (size: 34.9 KiB, free: 434.3 MiB)
[2026-08-21T04:02:12.780+0000] {spark_submit.py:571} INFO - 26/08/21 04:02:12 INFO SparkContext: Created broadcast 2 from csv at NativeMethodAccessorImpl.java:0
[2026-08-21T04:02:12.793+0000] {spark_submit.py:571} INFO - 26/08/21 04:02:12 INFO FileSourceScanExec: Planning scan with bin packing, max size: 134217728 bytes, open cost is considered as scanning 4194304 bytes.
[2026-08-21T04:02:12.909+0000] {spark_submit.py:571} INFO - 26/08/21 04:02:12 INFO SparkContext: Starting job: csv at NativeMethodAccessorImpl.java:0
[2026-08-21T04:02:12.912+0000] {spark_submit.py:571} INFO - 26/08/21 04:02:12 INFO DAGScheduler: Got job 1 (csv at NativeMethodAccessorImpl.java:0) with 7 output partitions
[2026-08-21T04:02:12.913+0000] {spark_submit.py:571} INFO - 26/08/21 04:02:12 INFO DAGScheduler: Final stage: ResultStage 1 (csv at NativeMethodAccessorImpl.java:0)
[2026-08-21T04:02:12.913+0000] {spark_submit.py:571} INFO - 26/08/21 04:02:12 INFO DAGScheduler: Parents of final stage: List()
[2026-08-21T04:02:12.914+0000] {spark_submit.py:571} INFO - 26/08/21 04:02:12 INFO DAGScheduler: Missing parents: List()
[2026-08-21T04:02:12.914+0000] {spark_submit.py:571} INFO - 26/08/21 04:02:12 INFO DAGScheduler: Submitting ResultStage 1 (MapPartitionsRDD[9] at csv at NativeMethodAccessorImpl.java:0), which has no missing parents
[2026-08-21T04:02:12.955+0000] {spark_submit.py:571} INFO - 26/08/21 04:02:12 INFO MemoryStore: Block broadcast_3 stored as values in memory (estimated size 28.3 KiB, free 433.9 MiB)
[2026-08-21T04:02:12.979+0000] {spark_submit.py:571} INFO - 26/08/21 04:02:12 INFO MemoryStore: Block broadcast_3_piece0 stored as bytes in memory (estimated size 13.1 KiB, free 433.9 MiB)
[2026-08-21T04:02:12.982+0000] {spark_submit.py:571} INFO - 26/08/21 04:02:12 INFO BlockManagerInfo: Added broadcast_3_piece0 in memory on c90a551abb73:35241 (size: 13.1 KiB, free: 434.3 MiB)
[2026-08-21T04:02:12.986+0000] {spark_submit.py:571} INFO - 26/08/21 04:02:12 INFO SparkContext: Created broadcast 3 from broadcast at DAGScheduler.scala:1585
[2026-08-21T04:02:12.987+0000] {spark_submit.py:571} INFO - 26/08/21 04:02:12 INFO DAGScheduler: Submitting 7 missing tasks from ResultStage 1 (MapPartitionsRDD[9] at csv at NativeMethodAccessorImpl.java:0) (first 15 tasks are for partitions Vector(0, 1, 2, 3, 4, 5, 6))
[2026-08-21T04:02:12.987+0000] {spark_submit.py:571} INFO - 26/08/21 04:02:12 INFO TaskSchedulerImpl: Adding task set 1.0 with 7 tasks resource profile 0
[2026-08-21T04:02:12.991+0000] {spark_submit.py:571} INFO - 26/08/21 04:02:12 INFO TaskSetManager: Starting task 0.0 in stage 1.0 (TID 1) (172.18.0.6, executor 0, partition 0, PROCESS_LOCAL, 8210 bytes)
[2026-08-21T04:02:12.994+0000] {spark_submit.py:571} INFO - 26/08/21 04:02:12 INFO TaskSetManager: Starting task 1.0 in stage 1.0 (TID 2) (172.18.0.7, executor 1, partition 1, PROCESS_LOCAL, 8210 bytes)
[2026-08-21T04:02:12.994+0000] {spark_submit.py:571} INFO - 26/08/21 04:02:12 INFO TaskSetManager: Starting task 2.0 in stage 1.0 (TID 3) (172.18.0.6, executor 0, partition 2, PROCESS_LOCAL, 8210 bytes)
[2026-08-21T04:02:12.994+0000] {spark_submit.py:571} INFO - 26/08/21 04:02:12 INFO TaskSetManager: Starting task 3.0 in stage 1.0 (TID 4) (172.18.0.7, executor 1, partition 3, PROCESS_LOCAL, 8210 bytes)
[2026-08-21T04:02:13.089+0000] {spark_submit.py:571} INFO - 26/08/21 04:02:13 INFO BlockManagerInfo: Added broadcast_3_piece0 in memory on 172.18.0.6:35009 (size: 13.1 KiB, free: 434.4 MiB)
[2026-08-21T04:02:13.623+0000] {spark_submit.py:571} INFO - 26/08/21 04:02:13 INFO BlockManagerInfo: Added broadcast_3_piece0 in memory on 172.18.0.7:34587 (size: 13.1 KiB, free: 434.4 MiB)
[2026-08-21T04:02:15.304+0000] {spark_submit.py:571} INFO - 26/08/21 04:02:15 INFO BlockManagerInfo: Added broadcast_2_piece0 in memory on 172.18.0.6:35009 (size: 34.9 KiB, free: 434.3 MiB)
[2026-08-21T04:02:17.998+0000] {spark_submit.py:571} INFO - 26/08/21 04:02:17 INFO BlockManagerInfo: Added broadcast_2_piece0 in memory on 172.18.0.7:34587 (size: 34.9 KiB, free: 434.4 MiB)
[2026-08-21T04:02:18.948+0000] {spark_submit.py:571} INFO - 26/08/21 04:02:18 INFO TaskSetManager: Starting task 4.0 in stage 1.0 (TID 5) (172.18.0.6, executor 0, partition 4, PROCESS_LOCAL, 8210 bytes)
[2026-08-21T04:02:18.953+0000] {spark_submit.py:571} INFO - 26/08/21 04:02:18 INFO TaskSetManager: Finished task 0.0 in stage 1.0 (TID 1) in 5962 ms on 172.18.0.6 (executor 0) (1/7)
[2026-08-21T04:02:19.263+0000] {spark_submit.py:571} INFO - 26/08/21 04:02:19 INFO TaskSetManager: Starting task 5.0 in stage 1.0 (TID 6) (172.18.0.6, executor 0, partition 5, PROCESS_LOCAL, 8210 bytes)
[2026-08-21T04:02:19.264+0000] {spark_submit.py:571} INFO - 26/08/21 04:02:19 INFO TaskSetManager: Finished task 2.0 in stage 1.0 (TID 3) in 6259 ms on 172.18.0.6 (executor 0) (2/7)
[2026-08-21T04:02:21.660+0000] {spark_submit.py:571} INFO - 26/08/21 04:02:21 INFO TaskSetManager: Starting task 6.0 in stage 1.0 (TID 7) (172.18.0.6, executor 0, partition 6, PROCESS_LOCAL, 8210 bytes)
[2026-08-21T04:02:21.664+0000] {spark_submit.py:571} INFO - 26/08/21 04:02:21 INFO TaskSetManager: Finished task 4.0 in stage 1.0 (TID 5) in 2718 ms on 172.18.0.6 (executor 0) (3/7)
[2026-08-21T04:02:22.424+0000] {spark_submit.py:571} INFO - 26/08/21 04:02:22 INFO TaskSetManager: Finished task 5.0 in stage 1.0 (TID 6) in 3174 ms on 172.18.0.6 (executor 0) (4/7)
[2026-08-21T04:02:23.676+0000] {spark_submit.py:571} INFO - 26/08/21 04:02:23 INFO TaskSetManager: Finished task 6.0 in stage 1.0 (TID 7) in 2018 ms on 172.18.0.6 (executor 0) (5/7)
[2026-08-21T04:02:23.934+0000] {spark_submit.py:571} INFO - 26/08/21 04:02:23 INFO TaskSetManager: Finished task 1.0 in stage 1.0 (TID 2) in 10942 ms on 172.18.0.7 (executor 1) (6/7)
[2026-08-21T04:02:23.935+0000] {spark_submit.py:571} INFO - 26/08/21 04:02:23 INFO TaskSetManager: Finished task 3.0 in stage 1.0 (TID 4) in 10942 ms on 172.18.0.7 (executor 1) (7/7)
[2026-08-21T04:02:23.935+0000] {spark_submit.py:571} INFO - 26/08/21 04:02:23 INFO TaskSchedulerImpl: Removed TaskSet 1.0, whose tasks have all completed, from pool
[2026-08-21T04:02:23.937+0000] {spark_submit.py:571} INFO - 26/08/21 04:02:23 INFO DAGScheduler: ResultStage 1 (csv at NativeMethodAccessorImpl.java:0) finished in 11.020 s
[2026-08-21T04:02:23.937+0000] {spark_submit.py:571} INFO - 26/08/21 04:02:23 INFO DAGScheduler: Job 1 is finished. Cancelling potential speculative or zombie tasks for this job
[2026-08-21T04:02:23.937+0000] {spark_submit.py:571} INFO - 26/08/21 04:02:23 INFO TaskSchedulerImpl: Killing all running tasks in stage 1: Stage finished
[2026-08-21T04:02:23.938+0000] {spark_submit.py:571} INFO - 26/08/21 04:02:23 INFO DAGScheduler: Job 1 finished: csv at NativeMethodAccessorImpl.java:0, took 11.028813 s
[2026-08-21T04:02:24.096+0000] {spark_submit.py:571} INFO - Traceback (most recent call last):
[2026-08-21T04:02:24.098+0000] {spark_submit.py:571} INFO - File "/opt/spark_scripts/1_ingest_hourly.py", line 63, in <module>
[2026-08-21T04:02:24.099+0000] {spark_submit.py:571} INFO - main()
[2026-08-21T04:02:24.099+0000] {spark_submit.py:571} INFO - File "/opt/spark_scripts/1_ingest_hourly.py", line 33, in main
[2026-08-21T04:02:24.099+0000] {spark_submit.py:571} INFO - df_hourly = raw_df.filter(F.col("date_hour").cast("string") == args.target_date_hour)
[2026-08-21T04:02:24.099+0000] {spark_submit.py:571} INFO - File "/home/***/.local/lib/python3.10/site-packages/pyspark/python/lib/pyspark.zip/pyspark/sql/dataframe.py", line 3329, in filter
[2026-08-21T04:02:24.100+0000] {spark_submit.py:571} INFO - File "/home/***/.local/lib/python3.10/site-packages/pyspark/python/lib/py4j-0.10.9.7-src.zip/py4j/java_gateway.py", line 1322, in __call__
[2026-08-21T04:02:24.100+0000] {spark_submit.py:571} INFO - File "/home/***/.local/lib/python3.10/site-packages/pyspark/python/lib/pyspark.zip/pyspark/errors/exceptions/captured.py", line 185, in deco
[2026-08-21T04:02:24.102+0000] {spark_submit.py:571} INFO - pyspark.errors.exceptions.captured.AnalysisException: [UNRESOLVED_COLUMN.WITH_SUGGESTION] A column or function parameter with name `date_hour` cannot be resolved. Did you mean one of the following? [`"enb_name"|"cell_name"|"date_hour"|"dl_traffic_gb"|"ul_traffic_gb"|"total_traffic_gb"|"max_rrc_connected_user"|"ul_prb"|"ul_prb_used"|"ul_prb_available_total"|"dl_prb"|"dl_prb_used"|"dl_prb_available_total"|"sector"|"azimuth"|"cell_type"|"x"|"y"`].;
[2026-08-21T04:02:24.103+0000] {spark_submit.py:571} INFO - 'Filter (cast('date_hour as string) = 2025-06-01-03)
[2026-08-21T04:02:24.103+0000] {spark_submit.py:571} INFO - +- Relation ["enb_name"|"cell_name"|"date_hour"|"dl_traffic_gb"|"ul_traffic_gb"|"total_traffic_gb"|"max_rrc_connected_user"|"ul_prb"|"ul_prb_used"|"ul_prb_available_total"|"dl_prb"|"dl_prb_used"|"dl_prb_available_total"|"sector"|"azimuth"|"cell_type"|"x"|"y"#17] csv
[2026-08-21T04:02:24.103+0000] {spark_submit.py:571} INFO - 
[2026-08-21T04:02:24.138+0000] {spark_submit.py:571} INFO - 26/08/21 04:02:24 INFO SparkContext: Invoking stop() from shutdown hook
[2026-08-21T04:02:24.138+0000] {spark_submit.py:571} INFO - 26/08/21 04:02:24 INFO SparkContext: SparkContext is stopping with exitCode 0.
[2026-08-21T04:02:24.144+0000] {spark_submit.py:571} INFO - 26/08/21 04:02:24 INFO SparkUI: Stopped Spark web UI at http://c90a551abb73:4041
[2026-08-21T04:02:24.146+0000] {spark_submit.py:571} INFO - 26/08/21 04:02:24 INFO StandaloneSchedulerBackend: Shutting down all executors
[2026-08-21T04:02:24.146+0000] {spark_submit.py:571} INFO - 26/08/21 04:02:24 INFO StandaloneSchedulerBackend$StandaloneDriverEndpoint: Asking each executor to shut down
[2026-08-21T04:02:24.180+0000] {spark_submit.py:571} INFO - 26/08/21 04:02:24 INFO MapOutputTrackerMasterEndpoint: MapOutputTrackerMasterEndpoint stopped!
[2026-08-21T04:02:24.216+0000] {spark_submit.py:571} INFO - 26/08/21 04:02:24 INFO MemoryStore: MemoryStore cleared
[2026-08-21T04:02:24.220+0000] {spark_submit.py:571} INFO - 26/08/21 04:02:24 INFO BlockManager: BlockManager stopped
[2026-08-21T04:02:24.222+0000] {spark_submit.py:571} INFO - 26/08/21 04:02:24 INFO BlockManagerMaster: BlockManagerMaster stopped
[2026-08-21T04:02:24.225+0000] {spark_submit.py:571} INFO - 26/08/21 04:02:24 INFO OutputCommitCoordinator$OutputCommitCoordinatorEndpoint: OutputCommitCoordinator stopped!
[2026-08-21T04:02:24.264+0000] {spark_submit.py:571} INFO - 26/08/21 04:02:24 INFO SparkContext: Successfully stopped SparkContext
[2026-08-21T04:02:24.265+0000] {spark_submit.py:571} INFO - 26/08/21 04:02:24 INFO ShutdownHookManager: Shutdown hook called
[2026-08-21T04:02:24.265+0000] {spark_submit.py:571} INFO - 26/08/21 04:02:24 INFO ShutdownHookManager: Deleting directory /tmp/spark-e759b5f2-92ca-44d2-99bf-f292be5085df
[2026-08-21T04:02:24.286+0000] {spark_submit.py:571} INFO - 26/08/21 04:02:24 INFO ShutdownHookManager: Deleting directory /tmp/spark-e759b5f2-92ca-44d2-99bf-f292be5085df/pyspark-ffa09ff7-1273-460f-a57d-1fa077e7c139
[2026-08-21T04:02:24.303+0000] {spark_submit.py:571} INFO - 26/08/21 04:02:24 INFO ShutdownHookManager: Deleting directory /tmp/spark-00e685e1-7dbd-4d45-b824-bd6b54628e7f
[2026-08-21T04:02:24.315+0000] {spark_submit.py:571} INFO - 26/08/21 04:02:24 INFO MetricsSystemImpl: Stopping s3a-file-system metrics system...
[2026-08-21T04:02:24.316+0000] {spark_submit.py:571} INFO - 26/08/21 04:02:24 INFO MetricsSystemImpl: s3a-file-system metrics system stopped.
[2026-08-21T04:02:24.317+0000] {spark_submit.py:571} INFO - 26/08/21 04:02:24 INFO MetricsSystemImpl: s3a-file-system metrics system shutdown complete.
[2026-08-21T04:02:24.377+0000] {taskinstance.py:441} INFO - ::group::Post task execution logs
[2026-08-21T04:02:24.393+0000] {taskinstance.py:2905} ERROR - Task failed with exception
Traceback (most recent call last):
  File "/home/airflow/.local/lib/python3.10/site-packages/airflow/models/taskinstance.py", line 465, in _execute_task
    result = _execute_callable(context=context, **execute_callable_kwargs)
  File "/home/airflow/.local/lib/python3.10/site-packages/airflow/models/taskinstance.py", line 432, in _execute_callable
    return execute_callable(context=context, **execute_callable_kwargs)
  File "/home/airflow/.local/lib/python3.10/site-packages/airflow/models/baseoperator.py", line 400, in wrapper
    return func(self, *args, **kwargs)
  File "/home/airflow/.local/lib/python3.10/site-packages/airflow/providers/apache/spark/operators/spark_submit.py", line 174, in execute
    self._hook.submit(self.application)
  File "/home/airflow/.local/lib/python3.10/site-packages/airflow/providers/apache/spark/hooks/spark_submit.py", line 502, in submit
    raise AirflowException(
airflow.exceptions.AirflowException: Cannot execute: spark-submit --master spark://spark-master:7077 --name arrow-spark --deploy-mode client /opt/spark_scripts/1_ingest_hourly.py --input_path s3a://landingzone/202506.csv --target_date_hour 2025-06-01-03. Error code is: 1.
[2026-08-21T04:02:24.400+0000] {taskinstance.py:1206} INFO - Marking task as FAILED. dag_id=cell_kpi_hourly_anomaly_pipeline, task_id=1_ingest_hourly_bronze, run_id=scheduled__2025-05-31T20:00:00+00:00, execution_date=20250531T200000, start_date=20260821T040150, end_date=20260821T040224
[2026-08-21T04:02:24.419+0000] {standard_task_runner.py:110} ERROR - Failed to execute job 37 for task 1_ingest_hourly_bronze (Cannot execute: spark-submit --master spark://spark-master:7077 --name arrow-spark --deploy-mode client /opt/spark_scripts/1_ingest_hourly.py --input_path s3a://landingzone/202506.csv --target_date_hour 2025-06-01-03. Error code is: 1.; 3562)
[2026-08-21T04:02:24.475+0000] {local_task_job_runner.py:240} INFO - Task exited with return code 1
[2026-08-21T04:02:24.508+0000] {taskinstance.py:3498} INFO - 0 downstream tasks scheduled from follow-on schedule check
[2026-08-21T04:02:24.514+0000] {local_task_job_runner.py:222} INFO - ::endgroup::
