[2026-08-21T03:55:51.137+0000] {local_task_job_runner.py:120} INFO - ::group::Pre task execution logs
[2026-08-21T03:55:51.162+0000] {taskinstance.py:2076} INFO - Dependencies all met for dep_context=non-requeueable deps ti=<TaskInstance: cell_kpi_hourly_anomaly_pipeline.0_check_landing_file scheduled__2025-05-31T19:00:00+00:00 [queued]>
[2026-08-21T03:55:51.182+0000] {taskinstance.py:2076} INFO - Dependencies all met for dep_context=requeueable deps ti=<TaskInstance: cell_kpi_hourly_anomaly_pipeline.0_check_landing_file scheduled__2025-05-31T19:00:00+00:00 [queued]>
[2026-08-21T03:55:51.186+0000] {taskinstance.py:2306} INFO - Starting attempt 1 of 2
[2026-08-21T03:55:51.220+0000] {taskinstance.py:2330} INFO - Executing <Task(PythonOperator): 0_check_landing_file> on 2025-05-31 19:00:00+00:00
[2026-08-21T03:55:51.232+0000] {standard_task_runner.py:63} INFO - Started process 2919 to run task
[2026-08-21T03:55:51.237+0000] {standard_task_runner.py:90} INFO - Running: ['***', 'tasks', 'run', 'cell_kpi_hourly_anomaly_pipeline', '0_check_landing_file', 'scheduled__2025-05-31T19:00:00+00:00', '--job-id', '32', '--raw', '--subdir', 'DAGS_FOLDER/cell_kpi_hourly_anomaly.py', '--cfg-path', '/tmp/tmpmw404s9h']
[2026-08-21T03:55:51.240+0000] {standard_task_runner.py:91} INFO - Job 32: Subtask 0_check_landing_file
[2026-08-21T03:55:51.307+0000] {task_command.py:426} INFO - Running <TaskInstance: cell_kpi_hourly_anomaly_pipeline.0_check_landing_file scheduled__2025-05-31T19:00:00+00:00 [running]> on host c90a551abb73
[2026-08-21T03:55:51.446+0000] {taskinstance.py:2648} INFO - Exporting env vars: AIRFLOW_CTX_DAG_OWNER='data_engineer_team' AIRFLOW_CTX_DAG_ID='cell_kpi_hourly_anomaly_pipeline' AIRFLOW_CTX_TASK_ID='0_check_landing_file' AIRFLOW_CTX_EXECUTION_DATE='2025-05-31T19:00:00+00:00' AIRFLOW_CTX_TRY_NUMBER='1' AIRFLOW_CTX_DAG_RUN_ID='scheduled__2025-05-31T19:00:00+00:00'
[2026-08-21T03:55:51.449+0000] {taskinstance.py:430} INFO - ::endgroup::
[2026-08-21T03:55:51.481+0000] {logging_mixin.py:188} WARNING - /home/***/.local/lib/python3.10/site-packages/***/utils/context.py:320 AirflowContextDeprecationWarning: Accessing 'execution_date' from the template is deprecated and will be removed in a future version. Please use 'data_interval_start' or 'logical_date' instead.
[2026-08-21T03:55:51.515+0000] {base.py:84} INFO - Using connection ID 'minio_default' for task execution.
[2026-08-21T03:55:51.516+0000] {connection_wrapper.py:384} INFO - AWS Connection (conn_id='minio_default', conn_type='aws') credentials retrieved from login and ***.
[2026-08-21T03:55:52.415+0000] {logging_mixin.py:188} INFO -  File 202506.csv đã sẵn sàng trên Landing Zone.
[2026-08-21T03:55:52.422+0000] {python.py:237} INFO - Done. Returned value was: s3a://landingzone/202506.csv
[2026-08-21T03:55:52.422+0000] {taskinstance.py:441} INFO - ::group::Post task execution logs
[2026-08-21T03:55:52.482+0000] {taskinstance.py:1206} INFO - Marking task as SUCCESS. dag_id=cell_kpi_hourly_anomaly_pipeline, task_id=0_check_landing_file, run_id=scheduled__2025-05-31T19:00:00+00:00, execution_date=20250531T190000, start_date=20260821T035551, end_date=20260821T035552
[2026-08-21T03:55:52.605+0000] {local_task_job_runner.py:240} INFO - Task exited with return code 0
[2026-08-21T03:55:52.676+0000] {taskinstance.py:3498} INFO - 1 downstream tasks scheduled from follow-on schedule check
[2026-08-21T03:55:52.682+0000] {local_task_job_runner.py:222} INFO - ::endgroup::
[2026-08-21T04:35:08.031+0000] {local_task_job_runner.py:120} INFO - ::group::Pre task execution logs
[2026-08-21T04:35:08.059+0000] {taskinstance.py:2076} INFO - Dependencies all met for dep_context=non-requeueable deps ti=<TaskInstance: cell_kpi_hourly_anomaly_pipeline.0_check_landing_file scheduled__2025-05-31T19:00:00+00:00 [queued]>
[2026-08-21T04:35:08.070+0000] {taskinstance.py:2076} INFO - Dependencies all met for dep_context=requeueable deps ti=<TaskInstance: cell_kpi_hourly_anomaly_pipeline.0_check_landing_file scheduled__2025-05-31T19:00:00+00:00 [queued]>
[2026-08-21T04:35:08.070+0000] {taskinstance.py:2306} INFO - Starting attempt 1 of 2
[2026-08-21T04:35:08.086+0000] {taskinstance.py:2330} INFO - Executing <Task(PythonOperator): 0_check_landing_file> on 2025-05-31 19:00:00+00:00
[2026-08-21T04:35:08.096+0000] {standard_task_runner.py:63} INFO - Started process 7596 to run task
[2026-08-21T04:35:08.104+0000] {standard_task_runner.py:90} INFO - Running: ['***', 'tasks', 'run', 'cell_kpi_hourly_anomaly_pipeline', '0_check_landing_file', 'scheduled__2025-05-31T19:00:00+00:00', '--job-id', '63', '--raw', '--subdir', 'DAGS_FOLDER/cell_kpi_hourly_anomaly.py', '--cfg-path', '/tmp/tmp4xbfds3e']
[2026-08-21T04:35:08.107+0000] {standard_task_runner.py:91} INFO - Job 63: Subtask 0_check_landing_file
[2026-08-21T04:35:08.166+0000] {task_command.py:426} INFO - Running <TaskInstance: cell_kpi_hourly_anomaly_pipeline.0_check_landing_file scheduled__2025-05-31T19:00:00+00:00 [running]> on host c90a551abb73
[2026-08-21T04:35:08.321+0000] {taskinstance.py:2648} INFO - Exporting env vars: AIRFLOW_CTX_DAG_OWNER='data_engineer_team' AIRFLOW_CTX_DAG_ID='cell_kpi_hourly_anomaly_pipeline' AIRFLOW_CTX_TASK_ID='0_check_landing_file' AIRFLOW_CTX_EXECUTION_DATE='2025-05-31T19:00:00+00:00' AIRFLOW_CTX_TRY_NUMBER='1' AIRFLOW_CTX_DAG_RUN_ID='scheduled__2025-05-31T19:00:00+00:00'
[2026-08-21T04:35:08.321+0000] {taskinstance.py:430} INFO - ::endgroup::
[2026-08-21T04:35:08.346+0000] {logging_mixin.py:188} WARNING - /home/***/.local/lib/python3.10/site-packages/***/utils/context.py:320 AirflowContextDeprecationWarning: Accessing 'execution_date' from the template is deprecated and will be removed in a future version. Please use 'data_interval_start' or 'logical_date' instead.
[2026-08-21T04:35:08.375+0000] {base.py:84} INFO - Using connection ID 'minio_default' for task execution.
[2026-08-21T04:35:08.376+0000] {connection_wrapper.py:384} INFO - AWS Connection (conn_id='minio_default', conn_type='aws') credentials retrieved from login and ***.
[2026-08-21T04:35:08.936+0000] {logging_mixin.py:188} INFO -  File 202506.csv đã sẵn sàng trên Landing Zone.
[2026-08-21T04:35:08.937+0000] {python.py:237} INFO - Done. Returned value was: s3a://landingzone/202506.csv
[2026-08-21T04:35:08.937+0000] {taskinstance.py:441} INFO - ::group::Post task execution logs
[2026-08-21T04:35:08.978+0000] {taskinstance.py:1206} INFO - Marking task as SUCCESS. dag_id=cell_kpi_hourly_anomaly_pipeline, task_id=0_check_landing_file, run_id=scheduled__2025-05-31T19:00:00+00:00, execution_date=20250531T190000, start_date=20260821T043508, end_date=20260821T043508
[2026-08-21T04:35:09.006+0000] {local_task_job_runner.py:240} INFO - Task exited with return code 0
[2026-08-21T04:35:09.047+0000] {taskinstance.py:3498} INFO - 1 downstream tasks scheduled from follow-on schedule check
[2026-08-21T04:35:09.053+0000] {local_task_job_runner.py:222} INFO - ::endgroup::
