[2026-08-21T04:02:03.677+0000] {local_task_job_runner.py:120} INFO - ::group::Pre task execution logs
[2026-08-21T04:02:03.741+0000] {taskinstance.py:2076} INFO - Dependencies all met for dep_context=non-requeueable deps ti=<TaskInstance: cell_kpi_hourly_anomaly_pipeline.0_check_landing_file scheduled__2025-05-31T21:00:00+00:00 [queued]>
[2026-08-21T04:02:03.771+0000] {taskinstance.py:2076} INFO - Dependencies all met for dep_context=requeueable deps ti=<TaskInstance: cell_kpi_hourly_anomaly_pipeline.0_check_landing_file scheduled__2025-05-31T21:00:00+00:00 [queued]>
[2026-08-21T04:02:03.771+0000] {taskinstance.py:2306} INFO - Starting attempt 1 of 2
[2026-08-21T04:02:03.829+0000] {taskinstance.py:2330} INFO - Executing <Task(PythonOperator): 0_check_landing_file> on 2025-05-31 21:00:00+00:00
[2026-08-21T04:02:03.858+0000] {standard_task_runner.py:63} INFO - Started process 3706 to run task
[2026-08-21T04:02:03.871+0000] {standard_task_runner.py:90} INFO - Running: ['***', 'tasks', 'run', 'cell_kpi_hourly_anomaly_pipeline', '0_check_landing_file', 'scheduled__2025-05-31T21:00:00+00:00', '--job-id', '38', '--raw', '--subdir', 'DAGS_FOLDER/cell_kpi_hourly_anomaly.py', '--cfg-path', '/tmp/tmpyutjz7wp']
[2026-08-21T04:02:03.889+0000] {standard_task_runner.py:91} INFO - Job 38: Subtask 0_check_landing_file
[2026-08-21T04:02:03.999+0000] {task_command.py:426} INFO - Running <TaskInstance: cell_kpi_hourly_anomaly_pipeline.0_check_landing_file scheduled__2025-05-31T21:00:00+00:00 [running]> on host c90a551abb73
[2026-08-21T04:02:04.187+0000] {taskinstance.py:2648} INFO - Exporting env vars: AIRFLOW_CTX_DAG_OWNER='data_engineer_team' AIRFLOW_CTX_DAG_ID='cell_kpi_hourly_anomaly_pipeline' AIRFLOW_CTX_TASK_ID='0_check_landing_file' AIRFLOW_CTX_EXECUTION_DATE='2025-05-31T21:00:00+00:00' AIRFLOW_CTX_TRY_NUMBER='1' AIRFLOW_CTX_DAG_RUN_ID='scheduled__2025-05-31T21:00:00+00:00'
[2026-08-21T04:02:04.191+0000] {taskinstance.py:430} INFO - ::endgroup::
[2026-08-21T04:02:04.212+0000] {logging_mixin.py:188} WARNING - /home/***/.local/lib/python3.10/site-packages/***/utils/context.py:320 AirflowContextDeprecationWarning: Accessing 'execution_date' from the template is deprecated and will be removed in a future version. Please use 'data_interval_start' or 'logical_date' instead.
[2026-08-21T04:02:04.233+0000] {base.py:84} INFO - Using connection ID 'minio_default' for task execution.
[2026-08-21T04:02:04.234+0000] {connection_wrapper.py:384} INFO - AWS Connection (conn_id='minio_default', conn_type='aws') credentials retrieved from login and ***.
[2026-08-21T04:02:05.108+0000] {logging_mixin.py:188} INFO -  File 202506.csv đã sẵn sàng trên Landing Zone.
[2026-08-21T04:02:05.109+0000] {python.py:237} INFO - Done. Returned value was: s3a://landingzone/202506.csv
[2026-08-21T04:02:05.109+0000] {taskinstance.py:441} INFO - ::group::Post task execution logs
[2026-08-21T04:02:05.148+0000] {taskinstance.py:1206} INFO - Marking task as SUCCESS. dag_id=cell_kpi_hourly_anomaly_pipeline, task_id=0_check_landing_file, run_id=scheduled__2025-05-31T21:00:00+00:00, execution_date=20250531T210000, start_date=20260821T040203, end_date=20260821T040205
[2026-08-21T04:02:05.220+0000] {local_task_job_runner.py:240} INFO - Task exited with return code 0
[2026-08-21T04:02:05.255+0000] {local_task_job_runner.py:222} INFO - ::endgroup::
