[2026-08-21T02:35:56.231+0000] {local_task_job_runner.py:120} INFO - ::group::Pre task execution logs
[2026-08-21T02:35:56.259+0000] {taskinstance.py:2076} INFO - Dependencies all met for dep_context=non-requeueable deps ti=<TaskInstance: cell_kpi_spatial_analytics_pipeline.2_run_quality_check scheduled__2025-05-31T17:00:00+00:00 [queued]>
[2026-08-21T02:35:56.277+0000] {taskinstance.py:2076} INFO - Dependencies all met for dep_context=requeueable deps ti=<TaskInstance: cell_kpi_spatial_analytics_pipeline.2_run_quality_check scheduled__2025-05-31T17:00:00+00:00 [queued]>
[2026-08-21T02:35:56.280+0000] {taskinstance.py:2306} INFO - Starting attempt 1 of 2
[2026-08-21T02:35:56.306+0000] {taskinstance.py:2330} INFO - Executing <Task(SparkSubmitOperator): 2_run_quality_check> on 2025-05-31 17:00:00+00:00
[2026-08-21T02:35:56.318+0000] {standard_task_runner.py:63} INFO - Started process 244 to run task
[2026-08-21T02:35:56.365+0000] {standard_task_runner.py:90} INFO - Running: ['***', 'tasks', 'run', 'cell_kpi_spatial_analytics_pipeline', '2_run_quality_check', 'scheduled__2025-05-31T17:00:00+00:00', '--job-id', '6', '--raw', '--subdir', 'DAGS_FOLDER/kpi_hourly_dag.py', '--cfg-path', '/tmp/tmpzk0d0f41']
[2026-08-21T02:35:56.370+0000] {standard_task_runner.py:91} INFO - Job 6: Subtask 2_run_quality_check
[2026-08-21T02:35:56.598+0000] {task_command.py:426} INFO - Running <TaskInstance: cell_kpi_spatial_analytics_pipeline.2_run_quality_check scheduled__2025-05-31T17:00:00+00:00 [running]> on host c90a551abb73
[2026-08-21T02:35:56.839+0000] {taskinstance.py:2648} INFO - Exporting env vars: AIRFLOW_CTX_DAG_OWNER='data_engineer_team' AIRFLOW_CTX_DAG_ID='cell_kpi_spatial_analytics_pipeline' AIRFLOW_CTX_TASK_ID='2_run_quality_check' AIRFLOW_CTX_EXECUTION_DATE='2025-05-31T17:00:00+00:00' AIRFLOW_CTX_TRY_NUMBER='1' AIRFLOW_CTX_DAG_RUN_ID='scheduled__2025-05-31T17:00:00+00:00'
[2026-08-21T02:35:56.840+0000] {taskinstance.py:430} INFO - ::endgroup::
[2026-08-21T02:35:56.893+0000] {base.py:84} INFO - Using connection ID 'spark-master' for task execution.
[2026-08-21T02:35:56.894+0000] {spark_submit.py:401} INFO - Spark-Submit cmd: spark-submit --master spark://spark-master:7077 --name arrow-spark --deploy-mode client /opt/spark_scripts/2_quality_check.py --date 2025-05-31
[2026-08-21T02:35:57.082+0000] {spark_submit.py:571} INFO - /home/***/.local/lib/python3.10/site-packages/pyspark/bin/load-spark-env.sh: line 68: ps: command not found
[2026-08-21T02:36:02.571+0000] {spark_submit.py:571} INFO - python3: can't open file '/opt/spark_scripts/2_quality_check.py': [Errno 2] No such file or directory
[2026-08-21T02:36:02.591+0000] {spark_submit.py:571} INFO - 26/08/21 02:36:02 INFO ShutdownHookManager: Shutdown hook called
[2026-08-21T02:36:02.596+0000] {spark_submit.py:571} INFO - 26/08/21 02:36:02 INFO ShutdownHookManager: Deleting directory /tmp/spark-2c14f699-1d86-490d-9543-94c5283389ec
[2026-08-21T02:36:02.646+0000] {taskinstance.py:441} INFO - ::group::Post task execution logs
[2026-08-21T02:36:02.656+0000] {taskinstance.py:2905} ERROR - Task failed with exception
Traceback (most recent call last):
  File "/home/airflow/.local/lib/python3.10/site-packages/airflow/models/taskinstance.py", line 460, in _execute_task
    result = _execute_callable(context=context, **execute_callable_kwargs)
  File "/home/airflow/.local/lib/python3.10/site-packages/airflow/models/taskinstance.py", line 432, in _execute_callable
    return execute_callable(context=context, **execute_callable_kwargs)
  File "/home/airflow/.local/lib/python3.10/site-packages/airflow/models/baseoperator.py", line 400, in wrapper
    return func(self, *args, **kwargs)
  File "/home/airflow/.local/lib/python3.10/site-packages/airflow/providers/apache/spark/operators/spark_submit.py", line 174, in execute
    self._hook.submit(self.application)
  File "/home/airflow/.local/lib/python3.10/site-packages/airflow/providers/apache/spark/hooks/spark_submit.py", line 502, in submit
    raise AirflowException(
airflow.exceptions.AirflowException: Cannot execute: spark-submit --master spark://spark-master:7077 --name arrow-spark --deploy-mode client /opt/spark_scripts/2_quality_check.py --date 2025-05-31. Error code is: 2.
[2026-08-21T02:36:02.660+0000] {taskinstance.py:1206} INFO - Marking task as UP_FOR_RETRY. dag_id=cell_kpi_spatial_analytics_pipeline, task_id=2_run_quality_check, run_id=scheduled__2025-05-31T17:00:00+00:00, execution_date=20250531T170000, start_date=20260821T023556, end_date=20260821T023602
[2026-08-21T02:36:02.671+0000] {standard_task_runner.py:110} ERROR - Failed to execute job 6 for task 2_run_quality_check (Cannot execute: spark-submit --master spark://spark-master:7077 --name arrow-spark --deploy-mode client /opt/spark_scripts/2_quality_check.py --date 2025-05-31. Error code is: 2.; 244)
[2026-08-21T02:36:02.686+0000] {local_task_job_runner.py:240} INFO - Task exited with return code 1
[2026-08-21T02:36:02.701+0000] {taskinstance.py:3498} INFO - 0 downstream tasks scheduled from follow-on schedule check
[2026-08-21T02:36:02.702+0000] {local_task_job_runner.py:222} INFO - ::endgroup::
