[2026-08-21T04:02:27.192+0000] {local_task_job_runner.py:120} INFO - ::group::Pre task execution logs
[2026-08-21T04:02:27.245+0000] {taskinstance.py:2076} INFO - Dependencies all met for dep_context=non-requeueable deps ti=<TaskInstance: cell_kpi_hourly_anomaly_pipeline.0_check_landing_file scheduled__2025-05-31T22:00:00+00:00 [queued]>
[2026-08-21T04:02:27.262+0000] {taskinstance.py:2076} INFO - Dependencies all met for dep_context=requeueable deps ti=<TaskInstance: cell_kpi_hourly_anomaly_pipeline.0_check_landing_file scheduled__2025-05-31T22:00:00+00:00 [queued]>
[2026-08-21T04:02:27.263+0000] {taskinstance.py:2306} INFO - Starting attempt 1 of 2
[2026-08-21T04:02:27.281+0000] {taskinstance.py:2330} INFO - Executing <Task(PythonOperator): 0_check_landing_file> on 2025-05-31 22:00:00+00:00
[2026-08-21T04:02:27.288+0000] {standard_task_runner.py:63} INFO - Started process 3888 to run task
[2026-08-21T04:02:27.295+0000] {standard_task_runner.py:90} INFO - Running: ['***', 'tasks', 'run', 'cell_kpi_hourly_anomaly_pipeline', '0_check_landing_file', 'scheduled__2025-05-31T22:00:00+00:00', '--job-id', '40', '--raw', '--subdir', 'DAGS_FOLDER/cell_kpi_hourly_anomaly.py', '--cfg-path', '/tmp/tmpt3xvx3bg']
[2026-08-21T04:02:27.297+0000] {standard_task_runner.py:91} INFO - Job 40: Subtask 0_check_landing_file
[2026-08-21T04:02:27.377+0000] {task_command.py:426} INFO - Running <TaskInstance: cell_kpi_hourly_anomaly_pipeline.0_check_landing_file scheduled__2025-05-31T22:00:00+00:00 [running]> on host c90a551abb73
[2026-08-21T04:02:27.521+0000] {taskinstance.py:2648} INFO - Exporting env vars: AIRFLOW_CTX_DAG_OWNER='data_engineer_team' AIRFLOW_CTX_DAG_ID='cell_kpi_hourly_anomaly_pipeline' AIRFLOW_CTX_TASK_ID='0_check_landing_file' AIRFLOW_CTX_EXECUTION_DATE='2025-05-31T22:00:00+00:00' AIRFLOW_CTX_TRY_NUMBER='1' AIRFLOW_CTX_DAG_RUN_ID='scheduled__2025-05-31T22:00:00+00:00'
[2026-08-21T04:02:27.522+0000] {taskinstance.py:430} INFO - ::endgroup::
[2026-08-21T04:02:27.546+0000] {logging_mixin.py:188} WARNING - /home/***/.local/lib/python3.10/site-packages/***/utils/context.py:320 AirflowContextDeprecationWarning: Accessing 'execution_date' from the template is deprecated and will be removed in a future version. Please use 'data_interval_start' or 'logical_date' instead.
[2026-08-21T04:02:27.569+0000] {base.py:84} INFO - Using connection ID 'minio_default' for task execution.
[2026-08-21T04:02:27.571+0000] {connection_wrapper.py:384} INFO - AWS Connection (conn_id='minio_default', conn_type='aws') credentials retrieved from login and ***.
[2026-08-21T04:02:28.211+0000] {logging_mixin.py:188} INFO -  File 202506.csv đã sẵn sàng trên Landing Zone.
[2026-08-21T04:02:28.214+0000] {python.py:237} INFO - Done. Returned value was: s3a://landingzone/202506.csv
[2026-08-21T04:02:28.215+0000] {taskinstance.py:441} INFO - ::group::Post task execution logs
[2026-08-21T04:02:28.267+0000] {taskinstance.py:1206} INFO - Marking task as SUCCESS. dag_id=cell_kpi_hourly_anomaly_pipeline, task_id=0_check_landing_file, run_id=scheduled__2025-05-31T22:00:00+00:00, execution_date=20250531T220000, start_date=20260821T040227, end_date=20260821T040228
[2026-08-21T04:02:28.320+0000] {local_task_job_runner.py:240} INFO - Task exited with return code 0
[2026-08-21T04:02:28.364+0000] {taskinstance.py:3498} INFO - 1 downstream tasks scheduled from follow-on schedule check
[2026-08-21T04:02:28.367+0000] {local_task_job_runner.py:222} INFO - ::endgroup::
