[2026-08-21T03:27:52.979+0000] {local_task_job_runner.py:120} INFO - ::group::Pre task execution logs
[2026-08-21T03:27:52.993+0000] {taskinstance.py:2076} INFO - Dependencies all met for dep_context=non-requeueable deps ti=<TaskInstance: cell_kpi_hourly_anomaly_pipeline.0_check_landing_file scheduled__2025-05-31T18:00:00+00:00 [queued]>
[2026-08-21T03:27:52.999+0000] {taskinstance.py:2076} INFO - Dependencies all met for dep_context=requeueable deps ti=<TaskInstance: cell_kpi_hourly_anomaly_pipeline.0_check_landing_file scheduled__2025-05-31T18:00:00+00:00 [queued]>
[2026-08-21T03:27:52.999+0000] {taskinstance.py:2306} INFO - Starting attempt 1 of 2
[2026-08-21T03:27:53.009+0000] {taskinstance.py:2330} INFO - Executing <Task(PythonOperator): 0_check_landing_file> on 2025-05-31 18:00:00+00:00
[2026-08-21T03:27:53.013+0000] {standard_task_runner.py:63} INFO - Started process 1167 to run task
[2026-08-21T03:27:53.017+0000] {standard_task_runner.py:90} INFO - Running: ['***', 'tasks', 'run', 'cell_kpi_hourly_anomaly_pipeline', '0_check_landing_file', 'scheduled__2025-05-31T18:00:00+00:00', '--job-id', '15', '--raw', '--subdir', 'DAGS_FOLDER/cell_kpi_hourly_anomaly.py', '--cfg-path', '/tmp/tmpupaucyr5']
[2026-08-21T03:27:53.018+0000] {standard_task_runner.py:91} INFO - Job 15: Subtask 0_check_landing_file
[2026-08-21T03:27:53.058+0000] {task_command.py:426} INFO - Running <TaskInstance: cell_kpi_hourly_anomaly_pipeline.0_check_landing_file scheduled__2025-05-31T18:00:00+00:00 [running]> on host c90a551abb73
[2026-08-21T03:27:53.132+0000] {taskinstance.py:2648} INFO - Exporting env vars: AIRFLOW_CTX_DAG_OWNER='data_engineer_team' AIRFLOW_CTX_DAG_ID='cell_kpi_hourly_anomaly_pipeline' AIRFLOW_CTX_TASK_ID='0_check_landing_file' AIRFLOW_CTX_EXECUTION_DATE='2025-05-31T18:00:00+00:00' AIRFLOW_CTX_TRY_NUMBER='1' AIRFLOW_CTX_DAG_RUN_ID='scheduled__2025-05-31T18:00:00+00:00'
[2026-08-21T03:27:53.133+0000] {taskinstance.py:430} INFO - ::endgroup::
[2026-08-21T03:27:53.150+0000] {logging_mixin.py:188} WARNING - /home/***/.local/lib/python3.10/site-packages/***/utils/context.py:320 AirflowContextDeprecationWarning: Accessing 'execution_date' from the template is deprecated and will be removed in a future version. Please use 'data_interval_start' or 'logical_date' instead.
[2026-08-21T03:27:53.165+0000] {base.py:84} INFO - Using connection ID 'minio_default' for task execution.
[2026-08-21T03:27:53.166+0000] {connection_wrapper.py:384} INFO - AWS Connection (conn_id='minio_default', conn_type='aws') credentials retrieved from login and ***.
[2026-08-21T03:27:53.520+0000] {logging_mixin.py:188} INFO -  File 202506.csv đã sẵn sàng trên Landing Zone.
[2026-08-21T03:27:53.520+0000] {python.py:237} INFO - Done. Returned value was: s3a://landingzone/202506.csv
[2026-08-21T03:27:53.521+0000] {taskinstance.py:441} INFO - ::group::Post task execution logs
[2026-08-21T03:27:53.538+0000] {taskinstance.py:1206} INFO - Marking task as SUCCESS. dag_id=cell_kpi_hourly_anomaly_pipeline, task_id=0_check_landing_file, run_id=scheduled__2025-05-31T18:00:00+00:00, execution_date=20250531T180000, start_date=20260821T032752, end_date=20260821T032753
[2026-08-21T03:27:53.593+0000] {local_task_job_runner.py:240} INFO - Task exited with return code 0
[2026-08-21T03:27:53.605+0000] {local_task_job_runner.py:222} INFO - ::endgroup::
[2026-08-21T03:35:34.779+0000] {local_task_job_runner.py:120} INFO - ::group::Pre task execution logs
[2026-08-21T03:35:34.795+0000] {taskinstance.py:2076} INFO - Dependencies all met for dep_context=non-requeueable deps ti=<TaskInstance: cell_kpi_hourly_anomaly_pipeline.0_check_landing_file scheduled__2025-05-31T18:00:00+00:00 [queued]>
[2026-08-21T03:35:34.801+0000] {taskinstance.py:2076} INFO - Dependencies all met for dep_context=requeueable deps ti=<TaskInstance: cell_kpi_hourly_anomaly_pipeline.0_check_landing_file scheduled__2025-05-31T18:00:00+00:00 [queued]>
[2026-08-21T03:35:34.801+0000] {taskinstance.py:2306} INFO - Starting attempt 1 of 2
[2026-08-21T03:35:34.812+0000] {taskinstance.py:2330} INFO - Executing <Task(PythonOperator): 0_check_landing_file> on 2025-05-31 18:00:00+00:00
[2026-08-21T03:35:34.817+0000] {standard_task_runner.py:63} INFO - Started process 1449 to run task
[2026-08-21T03:35:34.820+0000] {standard_task_runner.py:90} INFO - Running: ['***', 'tasks', 'run', 'cell_kpi_hourly_anomaly_pipeline', '0_check_landing_file', 'scheduled__2025-05-31T18:00:00+00:00', '--job-id', '19', '--raw', '--subdir', 'DAGS_FOLDER/cell_kpi_hourly_anomaly.py', '--cfg-path', '/tmp/tmpze9mrxq6']
[2026-08-21T03:35:34.822+0000] {standard_task_runner.py:91} INFO - Job 19: Subtask 0_check_landing_file
[2026-08-21T03:35:34.867+0000] {task_command.py:426} INFO - Running <TaskInstance: cell_kpi_hourly_anomaly_pipeline.0_check_landing_file scheduled__2025-05-31T18:00:00+00:00 [running]> on host c90a551abb73
[2026-08-21T03:35:34.937+0000] {taskinstance.py:2648} INFO - Exporting env vars: AIRFLOW_CTX_DAG_OWNER='data_engineer_team' AIRFLOW_CTX_DAG_ID='cell_kpi_hourly_anomaly_pipeline' AIRFLOW_CTX_TASK_ID='0_check_landing_file' AIRFLOW_CTX_EXECUTION_DATE='2025-05-31T18:00:00+00:00' AIRFLOW_CTX_TRY_NUMBER='1' AIRFLOW_CTX_DAG_RUN_ID='scheduled__2025-05-31T18:00:00+00:00'
[2026-08-21T03:35:34.937+0000] {taskinstance.py:430} INFO - ::endgroup::
[2026-08-21T03:35:34.951+0000] {logging_mixin.py:188} WARNING - /home/***/.local/lib/python3.10/site-packages/***/utils/context.py:320 AirflowContextDeprecationWarning: Accessing 'execution_date' from the template is deprecated and will be removed in a future version. Please use 'data_interval_start' or 'logical_date' instead.
[2026-08-21T03:35:34.963+0000] {base.py:84} INFO - Using connection ID 'minio_default' for task execution.
[2026-08-21T03:35:34.963+0000] {connection_wrapper.py:384} INFO - AWS Connection (conn_id='minio_default', conn_type='aws') credentials retrieved from login and ***.
[2026-08-21T03:35:35.267+0000] {logging_mixin.py:188} INFO -  File 202506.csv đã sẵn sàng trên Landing Zone.
[2026-08-21T03:35:35.268+0000] {python.py:237} INFO - Done. Returned value was: s3a://landingzone/202506.csv
[2026-08-21T03:35:35.268+0000] {taskinstance.py:441} INFO - ::group::Post task execution logs
[2026-08-21T03:35:35.291+0000] {taskinstance.py:1206} INFO - Marking task as SUCCESS. dag_id=cell_kpi_hourly_anomaly_pipeline, task_id=0_check_landing_file, run_id=scheduled__2025-05-31T18:00:00+00:00, execution_date=20250531T180000, start_date=20260821T033534, end_date=20260821T033535
[2026-08-21T03:35:35.314+0000] {local_task_job_runner.py:240} INFO - Task exited with return code 0
[2026-08-21T03:35:35.334+0000] {taskinstance.py:3498} INFO - 1 downstream tasks scheduled from follow-on schedule check
[2026-08-21T03:35:35.335+0000] {local_task_job_runner.py:222} INFO - ::endgroup::
[2026-08-21T03:42:34.343+0000] {local_task_job_runner.py:120} INFO - ::group::Pre task execution logs
[2026-08-21T03:42:34.361+0000] {taskinstance.py:2076} INFO - Dependencies all met for dep_context=non-requeueable deps ti=<TaskInstance: cell_kpi_hourly_anomaly_pipeline.0_check_landing_file scheduled__2025-05-31T18:00:00+00:00 [queued]>
[2026-08-21T03:42:34.368+0000] {taskinstance.py:2076} INFO - Dependencies all met for dep_context=requeueable deps ti=<TaskInstance: cell_kpi_hourly_anomaly_pipeline.0_check_landing_file scheduled__2025-05-31T18:00:00+00:00 [queued]>
[2026-08-21T03:42:34.368+0000] {taskinstance.py:2306} INFO - Starting attempt 1 of 2
[2026-08-21T03:42:34.382+0000] {taskinstance.py:2330} INFO - Executing <Task(PythonOperator): 0_check_landing_file> on 2025-05-31 18:00:00+00:00
[2026-08-21T03:42:34.387+0000] {standard_task_runner.py:63} INFO - Started process 1713 to run task
[2026-08-21T03:42:34.390+0000] {standard_task_runner.py:90} INFO - Running: ['***', 'tasks', 'run', 'cell_kpi_hourly_anomaly_pipeline', '0_check_landing_file', 'scheduled__2025-05-31T18:00:00+00:00', '--job-id', '23', '--raw', '--subdir', 'DAGS_FOLDER/cell_kpi_hourly_anomaly.py', '--cfg-path', '/tmp/tmpekxohr2e']
[2026-08-21T03:42:34.392+0000] {standard_task_runner.py:91} INFO - Job 23: Subtask 0_check_landing_file
[2026-08-21T03:42:34.437+0000] {task_command.py:426} INFO - Running <TaskInstance: cell_kpi_hourly_anomaly_pipeline.0_check_landing_file scheduled__2025-05-31T18:00:00+00:00 [running]> on host c90a551abb73
[2026-08-21T03:42:34.516+0000] {taskinstance.py:2648} INFO - Exporting env vars: AIRFLOW_CTX_DAG_OWNER='data_engineer_team' AIRFLOW_CTX_DAG_ID='cell_kpi_hourly_anomaly_pipeline' AIRFLOW_CTX_TASK_ID='0_check_landing_file' AIRFLOW_CTX_EXECUTION_DATE='2025-05-31T18:00:00+00:00' AIRFLOW_CTX_TRY_NUMBER='1' AIRFLOW_CTX_DAG_RUN_ID='scheduled__2025-05-31T18:00:00+00:00'
[2026-08-21T03:42:34.517+0000] {taskinstance.py:430} INFO - ::endgroup::
[2026-08-21T03:42:34.534+0000] {logging_mixin.py:188} WARNING - /home/***/.local/lib/python3.10/site-packages/***/utils/context.py:320 AirflowContextDeprecationWarning: Accessing 'execution_date' from the template is deprecated and will be removed in a future version. Please use 'data_interval_start' or 'logical_date' instead.
[2026-08-21T03:42:34.547+0000] {base.py:84} INFO - Using connection ID 'minio_default' for task execution.
[2026-08-21T03:42:34.548+0000] {connection_wrapper.py:384} INFO - AWS Connection (conn_id='minio_default', conn_type='aws') credentials retrieved from login and ***.
[2026-08-21T03:42:34.882+0000] {logging_mixin.py:188} INFO -  File 202506.csv đã sẵn sàng trên Landing Zone.
[2026-08-21T03:42:34.883+0000] {python.py:237} INFO - Done. Returned value was: s3a://landingzone/202506.csv
[2026-08-21T03:42:34.883+0000] {taskinstance.py:441} INFO - ::group::Post task execution logs
[2026-08-21T03:42:34.899+0000] {taskinstance.py:1206} INFO - Marking task as SUCCESS. dag_id=cell_kpi_hourly_anomaly_pipeline, task_id=0_check_landing_file, run_id=scheduled__2025-05-31T18:00:00+00:00, execution_date=20250531T180000, start_date=20260821T034234, end_date=20260821T034234
[2026-08-21T03:42:34.924+0000] {local_task_job_runner.py:240} INFO - Task exited with return code 0
[2026-08-21T03:42:34.953+0000] {taskinstance.py:3498} INFO - 1 downstream tasks scheduled from follow-on schedule check
[2026-08-21T03:42:34.954+0000] {local_task_job_runner.py:222} INFO - ::endgroup::
[2026-08-21T03:49:49.643+0000] {local_task_job_runner.py:120} INFO - ::group::Pre task execution logs
[2026-08-21T03:49:49.662+0000] {taskinstance.py:2076} INFO - Dependencies all met for dep_context=non-requeueable deps ti=<TaskInstance: cell_kpi_hourly_anomaly_pipeline.0_check_landing_file scheduled__2025-05-31T18:00:00+00:00 [queued]>
[2026-08-21T03:49:49.672+0000] {taskinstance.py:2076} INFO - Dependencies all met for dep_context=requeueable deps ti=<TaskInstance: cell_kpi_hourly_anomaly_pipeline.0_check_landing_file scheduled__2025-05-31T18:00:00+00:00 [queued]>
[2026-08-21T03:49:49.672+0000] {taskinstance.py:2306} INFO - Starting attempt 1 of 2
[2026-08-21T03:49:49.692+0000] {taskinstance.py:2330} INFO - Executing <Task(PythonOperator): 0_check_landing_file> on 2025-05-31 18:00:00+00:00
[2026-08-21T03:49:49.698+0000] {standard_task_runner.py:63} INFO - Started process 2183 to run task
[2026-08-21T03:49:49.702+0000] {standard_task_runner.py:90} INFO - Running: ['***', 'tasks', 'run', 'cell_kpi_hourly_anomaly_pipeline', '0_check_landing_file', 'scheduled__2025-05-31T18:00:00+00:00', '--job-id', '27', '--raw', '--subdir', 'DAGS_FOLDER/cell_kpi_hourly_anomaly.py', '--cfg-path', '/tmp/tmpkip1vx36']
[2026-08-21T03:49:49.704+0000] {standard_task_runner.py:91} INFO - Job 27: Subtask 0_check_landing_file
[2026-08-21T03:49:49.760+0000] {task_command.py:426} INFO - Running <TaskInstance: cell_kpi_hourly_anomaly_pipeline.0_check_landing_file scheduled__2025-05-31T18:00:00+00:00 [running]> on host c90a551abb73
[2026-08-21T03:49:49.834+0000] {taskinstance.py:2648} INFO - Exporting env vars: AIRFLOW_CTX_DAG_OWNER='data_engineer_team' AIRFLOW_CTX_DAG_ID='cell_kpi_hourly_anomaly_pipeline' AIRFLOW_CTX_TASK_ID='0_check_landing_file' AIRFLOW_CTX_EXECUTION_DATE='2025-05-31T18:00:00+00:00' AIRFLOW_CTX_TRY_NUMBER='1' AIRFLOW_CTX_DAG_RUN_ID='scheduled__2025-05-31T18:00:00+00:00'
[2026-08-21T03:49:49.835+0000] {taskinstance.py:430} INFO - ::endgroup::
[2026-08-21T03:49:49.848+0000] {logging_mixin.py:188} WARNING - /home/***/.local/lib/python3.10/site-packages/***/utils/context.py:320 AirflowContextDeprecationWarning: Accessing 'execution_date' from the template is deprecated and will be removed in a future version. Please use 'data_interval_start' or 'logical_date' instead.
[2026-08-21T03:49:49.860+0000] {base.py:84} INFO - Using connection ID 'minio_default' for task execution.
[2026-08-21T03:49:49.861+0000] {connection_wrapper.py:384} INFO - AWS Connection (conn_id='minio_default', conn_type='aws') credentials retrieved from login and ***.
[2026-08-21T03:49:50.219+0000] {logging_mixin.py:188} INFO -  File 202506.csv đã sẵn sàng trên Landing Zone.
[2026-08-21T03:49:50.220+0000] {python.py:237} INFO - Done. Returned value was: s3a://landingzone/202506.csv
[2026-08-21T03:49:50.220+0000] {taskinstance.py:441} INFO - ::group::Post task execution logs
[2026-08-21T03:49:50.239+0000] {taskinstance.py:1206} INFO - Marking task as SUCCESS. dag_id=cell_kpi_hourly_anomaly_pipeline, task_id=0_check_landing_file, run_id=scheduled__2025-05-31T18:00:00+00:00, execution_date=20250531T180000, start_date=20260821T034949, end_date=20260821T034950
[2026-08-21T03:49:50.277+0000] {local_task_job_runner.py:240} INFO - Task exited with return code 0
[2026-08-21T03:49:50.306+0000] {taskinstance.py:3498} INFO - 1 downstream tasks scheduled from follow-on schedule check
[2026-08-21T03:49:50.308+0000] {local_task_job_runner.py:222} INFO - ::endgroup::
[2026-08-21T04:10:01.425+0000] {local_task_job_runner.py:120} INFO - ::group::Pre task execution logs
[2026-08-21T04:10:01.449+0000] {taskinstance.py:2076} INFO - Dependencies all met for dep_context=non-requeueable deps ti=<TaskInstance: cell_kpi_hourly_anomaly_pipeline.0_check_landing_file scheduled__2025-05-31T18:00:00+00:00 [queued]>
[2026-08-21T04:10:01.456+0000] {taskinstance.py:2076} INFO - Dependencies all met for dep_context=requeueable deps ti=<TaskInstance: cell_kpi_hourly_anomaly_pipeline.0_check_landing_file scheduled__2025-05-31T18:00:00+00:00 [queued]>
[2026-08-21T04:10:01.456+0000] {taskinstance.py:2306} INFO - Starting attempt 1 of 2
[2026-08-21T04:10:01.474+0000] {taskinstance.py:2330} INFO - Executing <Task(PythonOperator): 0_check_landing_file> on 2025-05-31 18:00:00+00:00
[2026-08-21T04:10:01.481+0000] {standard_task_runner.py:63} INFO - Started process 4261 to run task
[2026-08-21T04:10:01.486+0000] {standard_task_runner.py:90} INFO - Running: ['***', 'tasks', 'run', 'cell_kpi_hourly_anomaly_pipeline', '0_check_landing_file', 'scheduled__2025-05-31T18:00:00+00:00', '--job-id', '43', '--raw', '--subdir', 'DAGS_FOLDER/cell_kpi_hourly_anomaly.py', '--cfg-path', '/tmp/tmpjes6lwe6']
[2026-08-21T04:10:01.488+0000] {standard_task_runner.py:91} INFO - Job 43: Subtask 0_check_landing_file
[2026-08-21T04:10:01.530+0000] {task_command.py:426} INFO - Running <TaskInstance: cell_kpi_hourly_anomaly_pipeline.0_check_landing_file scheduled__2025-05-31T18:00:00+00:00 [running]> on host c90a551abb73
[2026-08-21T04:10:01.612+0000] {taskinstance.py:2648} INFO - Exporting env vars: AIRFLOW_CTX_DAG_OWNER='data_engineer_team' AIRFLOW_CTX_DAG_ID='cell_kpi_hourly_anomaly_pipeline' AIRFLOW_CTX_TASK_ID='0_check_landing_file' AIRFLOW_CTX_EXECUTION_DATE='2025-05-31T18:00:00+00:00' AIRFLOW_CTX_TRY_NUMBER='1' AIRFLOW_CTX_DAG_RUN_ID='scheduled__2025-05-31T18:00:00+00:00'
[2026-08-21T04:10:01.613+0000] {taskinstance.py:430} INFO - ::endgroup::
[2026-08-21T04:10:01.626+0000] {logging_mixin.py:188} WARNING - /home/***/.local/lib/python3.10/site-packages/***/utils/context.py:320 AirflowContextDeprecationWarning: Accessing 'execution_date' from the template is deprecated and will be removed in a future version. Please use 'data_interval_start' or 'logical_date' instead.
[2026-08-21T04:10:01.640+0000] {base.py:84} INFO - Using connection ID 'minio_default' for task execution.
[2026-08-21T04:10:01.640+0000] {connection_wrapper.py:384} INFO - AWS Connection (conn_id='minio_default', conn_type='aws') credentials retrieved from login and ***.
[2026-08-21T04:10:01.959+0000] {logging_mixin.py:188} INFO -  File 202506.csv đã sẵn sàng trên Landing Zone.
[2026-08-21T04:10:01.960+0000] {python.py:237} INFO - Done. Returned value was: s3a://landingzone/202506.csv
[2026-08-21T04:10:01.960+0000] {taskinstance.py:441} INFO - ::group::Post task execution logs
[2026-08-21T04:10:01.977+0000] {taskinstance.py:1206} INFO - Marking task as SUCCESS. dag_id=cell_kpi_hourly_anomaly_pipeline, task_id=0_check_landing_file, run_id=scheduled__2025-05-31T18:00:00+00:00, execution_date=20250531T180000, start_date=20260821T041001, end_date=20260821T041001
[2026-08-21T04:10:02.021+0000] {local_task_job_runner.py:240} INFO - Task exited with return code 0
[2026-08-21T04:10:02.045+0000] {taskinstance.py:3498} INFO - 1 downstream tasks scheduled from follow-on schedule check
[2026-08-21T04:10:02.046+0000] {local_task_job_runner.py:222} INFO - ::endgroup::
[2026-08-21T04:15:38.963+0000] {local_task_job_runner.py:120} INFO - ::group::Pre task execution logs
[2026-08-21T04:15:38.984+0000] {taskinstance.py:2076} INFO - Dependencies all met for dep_context=non-requeueable deps ti=<TaskInstance: cell_kpi_hourly_anomaly_pipeline.0_check_landing_file scheduled__2025-05-31T18:00:00+00:00 [queued]>
[2026-08-21T04:15:38.990+0000] {taskinstance.py:2076} INFO - Dependencies all met for dep_context=requeueable deps ti=<TaskInstance: cell_kpi_hourly_anomaly_pipeline.0_check_landing_file scheduled__2025-05-31T18:00:00+00:00 [queued]>
[2026-08-21T04:15:38.990+0000] {taskinstance.py:2306} INFO - Starting attempt 1 of 2
[2026-08-21T04:15:39.002+0000] {taskinstance.py:2330} INFO - Executing <Task(PythonOperator): 0_check_landing_file> on 2025-05-31 18:00:00+00:00
[2026-08-21T04:15:39.007+0000] {standard_task_runner.py:63} INFO - Started process 4671 to run task
[2026-08-21T04:15:39.011+0000] {standard_task_runner.py:90} INFO - Running: ['***', 'tasks', 'run', 'cell_kpi_hourly_anomaly_pipeline', '0_check_landing_file', 'scheduled__2025-05-31T18:00:00+00:00', '--job-id', '47', '--raw', '--subdir', 'DAGS_FOLDER/cell_kpi_hourly_anomaly.py', '--cfg-path', '/tmp/tmpq8ouu89a']
[2026-08-21T04:15:39.013+0000] {standard_task_runner.py:91} INFO - Job 47: Subtask 0_check_landing_file
[2026-08-21T04:15:39.050+0000] {task_command.py:426} INFO - Running <TaskInstance: cell_kpi_hourly_anomaly_pipeline.0_check_landing_file scheduled__2025-05-31T18:00:00+00:00 [running]> on host c90a551abb73
[2026-08-21T04:15:39.127+0000] {taskinstance.py:2648} INFO - Exporting env vars: AIRFLOW_CTX_DAG_OWNER='data_engineer_team' AIRFLOW_CTX_DAG_ID='cell_kpi_hourly_anomaly_pipeline' AIRFLOW_CTX_TASK_ID='0_check_landing_file' AIRFLOW_CTX_EXECUTION_DATE='2025-05-31T18:00:00+00:00' AIRFLOW_CTX_TRY_NUMBER='1' AIRFLOW_CTX_DAG_RUN_ID='scheduled__2025-05-31T18:00:00+00:00'
[2026-08-21T04:15:39.128+0000] {taskinstance.py:430} INFO - ::endgroup::
[2026-08-21T04:15:39.141+0000] {logging_mixin.py:188} WARNING - /home/***/.local/lib/python3.10/site-packages/***/utils/context.py:320 AirflowContextDeprecationWarning: Accessing 'execution_date' from the template is deprecated and will be removed in a future version. Please use 'data_interval_start' or 'logical_date' instead.
[2026-08-21T04:15:39.155+0000] {base.py:84} INFO - Using connection ID 'minio_default' for task execution.
[2026-08-21T04:15:39.156+0000] {connection_wrapper.py:384} INFO - AWS Connection (conn_id='minio_default', conn_type='aws') credentials retrieved from login and ***.
[2026-08-21T04:15:39.478+0000] {logging_mixin.py:188} INFO -  File 202506.csv đã sẵn sàng trên Landing Zone.
[2026-08-21T04:15:39.479+0000] {python.py:237} INFO - Done. Returned value was: s3a://landingzone/202506.csv
[2026-08-21T04:15:39.479+0000] {taskinstance.py:441} INFO - ::group::Post task execution logs
[2026-08-21T04:15:39.497+0000] {taskinstance.py:1206} INFO - Marking task as SUCCESS. dag_id=cell_kpi_hourly_anomaly_pipeline, task_id=0_check_landing_file, run_id=scheduled__2025-05-31T18:00:00+00:00, execution_date=20250531T180000, start_date=20260821T041538, end_date=20260821T041539
[2026-08-21T04:15:39.545+0000] {local_task_job_runner.py:240} INFO - Task exited with return code 0
[2026-08-21T04:15:39.565+0000] {taskinstance.py:3498} INFO - 1 downstream tasks scheduled from follow-on schedule check
[2026-08-21T04:15:39.566+0000] {local_task_job_runner.py:222} INFO - ::endgroup::
[2026-08-21T04:26:16.751+0000] {local_task_job_runner.py:120} INFO - ::group::Pre task execution logs
[2026-08-21T04:26:16.772+0000] {taskinstance.py:2076} INFO - Dependencies all met for dep_context=non-requeueable deps ti=<TaskInstance: cell_kpi_hourly_anomaly_pipeline.0_check_landing_file scheduled__2025-05-31T18:00:00+00:00 [queued]>
[2026-08-21T04:26:16.781+0000] {taskinstance.py:2076} INFO - Dependencies all met for dep_context=requeueable deps ti=<TaskInstance: cell_kpi_hourly_anomaly_pipeline.0_check_landing_file scheduled__2025-05-31T18:00:00+00:00 [queued]>
[2026-08-21T04:26:16.782+0000] {taskinstance.py:2306} INFO - Starting attempt 1 of 2
[2026-08-21T04:26:16.795+0000] {taskinstance.py:2330} INFO - Executing <Task(PythonOperator): 0_check_landing_file> on 2025-05-31 18:00:00+00:00
[2026-08-21T04:26:16.802+0000] {standard_task_runner.py:63} INFO - Started process 5581 to run task
[2026-08-21T04:26:16.806+0000] {standard_task_runner.py:90} INFO - Running: ['***', 'tasks', 'run', 'cell_kpi_hourly_anomaly_pipeline', '0_check_landing_file', 'scheduled__2025-05-31T18:00:00+00:00', '--job-id', '52', '--raw', '--subdir', 'DAGS_FOLDER/cell_kpi_hourly_anomaly.py', '--cfg-path', '/tmp/tmp6umdsoxs']
[2026-08-21T04:26:16.809+0000] {standard_task_runner.py:91} INFO - Job 52: Subtask 0_check_landing_file
[2026-08-21T04:26:16.852+0000] {task_command.py:426} INFO - Running <TaskInstance: cell_kpi_hourly_anomaly_pipeline.0_check_landing_file scheduled__2025-05-31T18:00:00+00:00 [running]> on host c90a551abb73
[2026-08-21T04:26:16.931+0000] {taskinstance.py:2648} INFO - Exporting env vars: AIRFLOW_CTX_DAG_OWNER='data_engineer_team' AIRFLOW_CTX_DAG_ID='cell_kpi_hourly_anomaly_pipeline' AIRFLOW_CTX_TASK_ID='0_check_landing_file' AIRFLOW_CTX_EXECUTION_DATE='2025-05-31T18:00:00+00:00' AIRFLOW_CTX_TRY_NUMBER='1' AIRFLOW_CTX_DAG_RUN_ID='scheduled__2025-05-31T18:00:00+00:00'
[2026-08-21T04:26:16.931+0000] {taskinstance.py:430} INFO - ::endgroup::
[2026-08-21T04:26:16.947+0000] {logging_mixin.py:188} WARNING - /home/***/.local/lib/python3.10/site-packages/***/utils/context.py:320 AirflowContextDeprecationWarning: Accessing 'execution_date' from the template is deprecated and will be removed in a future version. Please use 'data_interval_start' or 'logical_date' instead.
[2026-08-21T04:26:16.962+0000] {base.py:84} INFO - Using connection ID 'minio_default' for task execution.
[2026-08-21T04:26:16.962+0000] {connection_wrapper.py:384} INFO - AWS Connection (conn_id='minio_default', conn_type='aws') credentials retrieved from login and ***.
[2026-08-21T04:26:17.251+0000] {logging_mixin.py:188} INFO -  File 202506.csv đã sẵn sàng trên Landing Zone.
[2026-08-21T04:26:17.252+0000] {python.py:237} INFO - Done. Returned value was: s3a://landingzone/202506.csv
[2026-08-21T04:26:17.252+0000] {taskinstance.py:441} INFO - ::group::Post task execution logs
[2026-08-21T04:26:17.275+0000] {taskinstance.py:1206} INFO - Marking task as SUCCESS. dag_id=cell_kpi_hourly_anomaly_pipeline, task_id=0_check_landing_file, run_id=scheduled__2025-05-31T18:00:00+00:00, execution_date=20250531T180000, start_date=20260821T042616, end_date=20260821T042617
[2026-08-21T04:26:17.301+0000] {local_task_job_runner.py:240} INFO - Task exited with return code 0
[2026-08-21T04:26:17.324+0000] {taskinstance.py:3498} INFO - 1 downstream tasks scheduled from follow-on schedule check
[2026-08-21T04:26:17.326+0000] {local_task_job_runner.py:222} INFO - ::endgroup::
[2026-08-21T04:32:21.738+0000] {local_task_job_runner.py:120} INFO - ::group::Pre task execution logs
[2026-08-21T04:32:21.757+0000] {taskinstance.py:2076} INFO - Dependencies all met for dep_context=non-requeueable deps ti=<TaskInstance: cell_kpi_hourly_anomaly_pipeline.0_check_landing_file scheduled__2025-05-31T18:00:00+00:00 [queued]>
[2026-08-21T04:32:21.765+0000] {taskinstance.py:2076} INFO - Dependencies all met for dep_context=requeueable deps ti=<TaskInstance: cell_kpi_hourly_anomaly_pipeline.0_check_landing_file scheduled__2025-05-31T18:00:00+00:00 [queued]>
[2026-08-21T04:32:21.765+0000] {taskinstance.py:2306} INFO - Starting attempt 1 of 2
[2026-08-21T04:32:21.779+0000] {taskinstance.py:2330} INFO - Executing <Task(PythonOperator): 0_check_landing_file> on 2025-05-31 18:00:00+00:00
[2026-08-21T04:32:21.785+0000] {standard_task_runner.py:63} INFO - Started process 6464 to run task
[2026-08-21T04:32:21.789+0000] {standard_task_runner.py:90} INFO - Running: ['***', 'tasks', 'run', 'cell_kpi_hourly_anomaly_pipeline', '0_check_landing_file', 'scheduled__2025-05-31T18:00:00+00:00', '--job-id', '58', '--raw', '--subdir', 'DAGS_FOLDER/cell_kpi_hourly_anomaly.py', '--cfg-path', '/tmp/tmpwhnj1eac']
[2026-08-21T04:32:21.791+0000] {standard_task_runner.py:91} INFO - Job 58: Subtask 0_check_landing_file
[2026-08-21T04:32:21.830+0000] {task_command.py:426} INFO - Running <TaskInstance: cell_kpi_hourly_anomaly_pipeline.0_check_landing_file scheduled__2025-05-31T18:00:00+00:00 [running]> on host c90a551abb73
[2026-08-21T04:32:21.938+0000] {taskinstance.py:2648} INFO - Exporting env vars: AIRFLOW_CTX_DAG_OWNER='data_engineer_team' AIRFLOW_CTX_DAG_ID='cell_kpi_hourly_anomaly_pipeline' AIRFLOW_CTX_TASK_ID='0_check_landing_file' AIRFLOW_CTX_EXECUTION_DATE='2025-05-31T18:00:00+00:00' AIRFLOW_CTX_TRY_NUMBER='1' AIRFLOW_CTX_DAG_RUN_ID='scheduled__2025-05-31T18:00:00+00:00'
[2026-08-21T04:32:21.939+0000] {taskinstance.py:430} INFO - ::endgroup::
[2026-08-21T04:32:21.953+0000] {logging_mixin.py:188} WARNING - /home/***/.local/lib/python3.10/site-packages/***/utils/context.py:320 AirflowContextDeprecationWarning: Accessing 'execution_date' from the template is deprecated and will be removed in a future version. Please use 'data_interval_start' or 'logical_date' instead.
[2026-08-21T04:32:21.967+0000] {base.py:84} INFO - Using connection ID 'minio_default' for task execution.
[2026-08-21T04:32:21.968+0000] {connection_wrapper.py:384} INFO - AWS Connection (conn_id='minio_default', conn_type='aws') credentials retrieved from login and ***.
[2026-08-21T04:32:22.424+0000] {logging_mixin.py:188} INFO -  File 202506.csv đã sẵn sàng trên Landing Zone.
[2026-08-21T04:32:22.424+0000] {python.py:237} INFO - Done. Returned value was: s3a://landingzone/202506.csv
[2026-08-21T04:32:22.424+0000] {taskinstance.py:441} INFO - ::group::Post task execution logs
[2026-08-21T04:32:22.446+0000] {taskinstance.py:1206} INFO - Marking task as SUCCESS. dag_id=cell_kpi_hourly_anomaly_pipeline, task_id=0_check_landing_file, run_id=scheduled__2025-05-31T18:00:00+00:00, execution_date=20250531T180000, start_date=20260821T043221, end_date=20260821T043222
[2026-08-21T04:32:22.486+0000] {local_task_job_runner.py:240} INFO - Task exited with return code 0
[2026-08-21T04:32:22.508+0000] {taskinstance.py:3498} INFO - 1 downstream tasks scheduled from follow-on schedule check
[2026-08-21T04:32:22.510+0000] {local_task_job_runner.py:222} INFO - ::endgroup::
