[2026-08-21T02:59:22.725+0000] {local_task_job_runner.py:120} INFO - ::group::Pre task execution logs
[2026-08-21T02:59:22.736+0000] {taskinstance.py:2076} INFO - Dependencies all met for dep_context=non-requeueable deps ti=<TaskInstance: cell_kpi_spatial_analytics_pipeline.0_fetch_sftp_to_minio scheduled__2025-08-31T17:00:00+00:00 [queued]>
[2026-08-21T02:59:22.742+0000] {taskinstance.py:2076} INFO - Dependencies all met for dep_context=requeueable deps ti=<TaskInstance: cell_kpi_spatial_analytics_pipeline.0_fetch_sftp_to_minio scheduled__2025-08-31T17:00:00+00:00 [queued]>
[2026-08-21T02:59:22.742+0000] {taskinstance.py:2306} INFO - Starting attempt 1 of 2
[2026-08-21T02:59:22.752+0000] {taskinstance.py:2330} INFO - Executing <Task(PythonOperator): 0_fetch_sftp_to_minio> on 2025-08-31 17:00:00+00:00
[2026-08-21T02:59:22.758+0000] {standard_task_runner.py:63} INFO - Started process 759 to run task
[2026-08-21T02:59:22.762+0000] {standard_task_runner.py:90} INFO - Running: ['***', 'tasks', 'run', 'cell_kpi_spatial_analytics_pipeline', '0_fetch_sftp_to_minio', 'scheduled__2025-08-31T17:00:00+00:00', '--job-id', '13', '--raw', '--subdir', 'DAGS_FOLDER/kpi_hourly_dag.py', '--cfg-path', '/tmp/tmp3iu5snvm']
[2026-08-21T02:59:22.764+0000] {standard_task_runner.py:91} INFO - Job 13: Subtask 0_fetch_sftp_to_minio
[2026-08-21T02:59:22.800+0000] {task_command.py:426} INFO - Running <TaskInstance: cell_kpi_spatial_analytics_pipeline.0_fetch_sftp_to_minio scheduled__2025-08-31T17:00:00+00:00 [running]> on host c90a551abb73
[2026-08-21T02:59:22.874+0000] {taskinstance.py:2648} INFO - Exporting env vars: AIRFLOW_CTX_DAG_OWNER='data_engineer_team' AIRFLOW_CTX_DAG_ID='cell_kpi_spatial_analytics_pipeline' AIRFLOW_CTX_TASK_ID='0_fetch_sftp_to_minio' AIRFLOW_CTX_EXECUTION_DATE='2025-08-31T17:00:00+00:00' AIRFLOW_CTX_TRY_NUMBER='1' AIRFLOW_CTX_DAG_RUN_ID='scheduled__2025-08-31T17:00:00+00:00'
[2026-08-21T02:59:22.874+0000] {taskinstance.py:430} INFO - ::endgroup::
[2026-08-21T02:59:22.889+0000] {logging_mixin.py:188} WARNING - /home/***/.local/lib/python3.10/site-packages/***/utils/context.py:320 AirflowContextDeprecationWarning: Accessing 'execution_date' from the template is deprecated and will be removed in a future version. Please use 'data_interval_start' or 'logical_date' instead.
[2026-08-21T02:59:22.890+0000] {logging_mixin.py:188} INFO -  Đang đọc cấu hình 'sftp_server' từ Airflow...
[2026-08-21T02:59:22.897+0000] {base.py:84} INFO - Using connection ID 'sftp_server' for task execution.
[2026-08-21T02:59:22.902+0000] {logging_mixin.py:188} INFO -  Bắt đầu kéo dữ liệu từ duymt@anhvhn.duckdns.org:2222...
[2026-08-21T02:59:22.902+0000] {logging_mixin.py:188} INFO -   -> File Nguồn: /u01/vdt-data-de/cell-kpi/202509.csv
[2026-08-21T02:59:23.739+0000] {transport.py:1909} INFO - Connected (version 2.0, client OpenSSH_10.2p1)
[2026-08-21T02:59:25.027+0000] {transport.py:1909} INFO - Authentication (password) successful!
[2026-08-21T02:59:25.878+0000] {sftp.py:169} INFO - [chan 0] Opened sftp connection (server version 3)
[2026-08-21T02:59:26.076+0000] {logging_mixin.py:188} INFO -  Đang tải 202509.csv... 
[2026-08-21T03:00:10.232+0000] {logging_mixin.py:188} INFO -  (44.156s)
[2026-08-21T03:00:10.232+0000] {sftp.py:169} INFO - [chan 0] sftp session closed.
[2026-08-21T03:00:10.233+0000] {logging_mixin.py:188} INFO -  Đang upload file lên MinIO: s3a://landingzone/202509.csv...
[2026-08-21T03:00:10.239+0000] {base.py:84} INFO - Using connection ID 'minio_default' for task execution.
[2026-08-21T03:00:10.239+0000] {connection_wrapper.py:384} INFO - AWS Connection (conn_id='minio_default', conn_type='aws') credentials retrieved from login and ***.
[2026-08-21T03:00:27.475+0000] {logging_mixin.py:188} INFO - 
=======================================================
[2026-08-21T03:00:27.475+0000] {logging_mixin.py:188} INFO -  BÁO CÁO HIỆU NĂNG TẢI DỮ LIỆU THÁNG 202509
[2026-08-21T03:00:27.476+0000] {logging_mixin.py:188} INFO - =======================================================
[2026-08-21T03:00:27.476+0000] {logging_mixin.py:188} INFO -  Thời gian tải (SFTP -> Worker)  : 44.156 giây
[2026-08-21T03:00:27.476+0000] {logging_mixin.py:188} INFO -  Thời gian lưu (Worker -> MinIO) : 17.111 giây
[2026-08-21T03:00:27.477+0000] {logging_mixin.py:188} INFO -  Tổng thời gian Ingestion        : 61.266 giây
[2026-08-21T03:00:27.477+0000] {logging_mixin.py:188} INFO -  Dữ liệu đích sẵn sàng tại       : s3a://landingzone/202509.csv
[2026-08-21T03:00:27.477+0000] {logging_mixin.py:188} INFO - =======================================================
[2026-08-21T03:00:27.478+0000] {python.py:237} INFO - Done. Returned value was: s3a://landingzone/202509.csv
[2026-08-21T03:00:27.478+0000] {taskinstance.py:441} INFO - ::group::Post task execution logs
[2026-08-21T03:00:27.496+0000] {taskinstance.py:1206} INFO - Marking task as SUCCESS. dag_id=cell_kpi_spatial_analytics_pipeline, task_id=0_fetch_sftp_to_minio, run_id=scheduled__2025-08-31T17:00:00+00:00, execution_date=20250831T170000, start_date=20260821T025922, end_date=20260821T030027
[2026-08-21T03:00:27.549+0000] {local_task_job_runner.py:240} INFO - Task exited with return code 0
[2026-08-21T03:00:27.562+0000] {taskinstance.py:3498} INFO - 0 downstream tasks scheduled from follow-on schedule check
[2026-08-21T03:00:27.563+0000] {local_task_job_runner.py:222} INFO - ::endgroup::
