[2026-08-21T02:35:56.090+0000] {local_task_job_runner.py:120} INFO - ::group::Pre task execution logs
[2026-08-21T02:35:56.123+0000] {taskinstance.py:2076} INFO - Dependencies all met for dep_context=non-requeueable deps ti=<TaskInstance: cell_kpi_spatial_analytics_pipeline.3_build_fact_model scheduled__2025-05-31T17:00:00+00:00 [queued]>
[2026-08-21T02:35:56.146+0000] {taskinstance.py:2076} INFO - Dependencies all met for dep_context=requeueable deps ti=<TaskInstance: cell_kpi_spatial_analytics_pipeline.3_build_fact_model scheduled__2025-05-31T17:00:00+00:00 [queued]>
[2026-08-21T02:35:56.147+0000] {taskinstance.py:2306} INFO - Starting attempt 1 of 2
[2026-08-21T02:35:56.188+0000] {taskinstance.py:2330} INFO - Executing <Task(SparkSubmitOperator): 3_build_fact_model> on 2025-05-31 17:00:00+00:00
[2026-08-21T02:35:56.200+0000] {standard_task_runner.py:63} INFO - Started process 242 to run task
[2026-08-21T02:35:56.208+0000] {standard_task_runner.py:90} INFO - Running: ['***', 'tasks', 'run', 'cell_kpi_spatial_analytics_pipeline', '3_build_fact_model', 'scheduled__2025-05-31T17:00:00+00:00', '--job-id', '4', '--raw', '--subdir', 'DAGS_FOLDER/kpi_hourly_dag.py', '--cfg-path', '/tmp/tmp292j3ooc']
[2026-08-21T02:35:56.212+0000] {standard_task_runner.py:91} INFO - Job 4: Subtask 3_build_fact_model
[2026-08-21T02:35:56.476+0000] {task_command.py:426} INFO - Running <TaskInstance: cell_kpi_spatial_analytics_pipeline.3_build_fact_model scheduled__2025-05-31T17:00:00+00:00 [running]> on host c90a551abb73
[2026-08-21T02:35:56.881+0000] {taskinstance.py:2648} INFO - Exporting env vars: AIRFLOW_CTX_DAG_OWNER='data_engineer_team' AIRFLOW_CTX_DAG_ID='cell_kpi_spatial_analytics_pipeline' AIRFLOW_CTX_TASK_ID='3_build_fact_model' AIRFLOW_CTX_EXECUTION_DATE='2025-05-31T17:00:00+00:00' AIRFLOW_CTX_TRY_NUMBER='1' AIRFLOW_CTX_DAG_RUN_ID='scheduled__2025-05-31T17:00:00+00:00'
[2026-08-21T02:35:56.883+0000] {taskinstance.py:430} INFO - ::endgroup::
[2026-08-21T02:35:56.925+0000] {base.py:84} INFO - Using connection ID 'spark-master' for task execution.
[2026-08-21T02:35:56.926+0000] {spark_submit.py:401} INFO - Spark-Submit cmd: spark-submit --master spark://spark-master:7077 --name arrow-spark --deploy-mode client /opt/spark_scripts/3_h3_enrichment.py --date 2025-05-31
[2026-08-21T02:35:57.161+0000] {spark_submit.py:571} INFO - /home/***/.local/lib/python3.10/site-packages/pyspark/bin/load-spark-env.sh: line 68: ps: command not found
[2026-08-21T02:36:02.608+0000] {spark_submit.py:571} INFO - python3: can't open file '/opt/spark_scripts/3_h3_enrichment.py': [Errno 2] No such file or directory
[2026-08-21T02:36:02.619+0000] {spark_submit.py:571} INFO - 26/08/21 02:36:02 INFO ShutdownHookManager: Shutdown hook called
[2026-08-21T02:36:02.621+0000] {spark_submit.py:571} INFO - 26/08/21 02:36:02 INFO ShutdownHookManager: Deleting directory /tmp/spark-5626107b-3b72-4c6f-8c75-d0aa7b7c7a00
[2026-08-21T02:36:02.670+0000] {taskinstance.py:441} INFO - ::group::Post task execution logs
[2026-08-21T02:36:02.680+0000] {taskinstance.py:2905} ERROR - Task failed with exception
Traceback (most recent call last):
  File "/home/airflow/.local/lib/python3.10/site-packages/airflow/models/taskinstance.py", line 465, in _execute_task
    result = _execute_callable(context=context, **execute_callable_kwargs)
  File "/home/airflow/.local/lib/python3.10/site-packages/airflow/models/taskinstance.py", line 432, in _execute_callable
    return execute_callable(context=context, **execute_callable_kwargs)
  File "/home/airflow/.local/lib/python3.10/site-packages/airflow/models/baseoperator.py", line 400, in wrapper
    return func(self, *args, **kwargs)
  File "/home/airflow/.local/lib/python3.10/site-packages/airflow/providers/apache/spark/operators/spark_submit.py", line 174, in execute
    self._hook.submit(self.application)
  File "/home/airflow/.local/lib/python3.10/site-packages/airflow/providers/apache/spark/hooks/spark_submit.py", line 502, in submit
    raise AirflowException(
airflow.exceptions.AirflowException: Cannot execute: spark-submit --master spark://spark-master:7077 --name arrow-spark --deploy-mode client /opt/spark_scripts/3_h3_enrichment.py --date 2025-05-31. Error code is: 2.
[2026-08-21T02:36:02.683+0000] {taskinstance.py:1206} INFO - Marking task as UP_FOR_RETRY. dag_id=cell_kpi_spatial_analytics_pipeline, task_id=3_build_fact_model, run_id=scheduled__2025-05-31T17:00:00+00:00, execution_date=20250531T170000, start_date=20260821T023556, end_date=20260821T023602
[2026-08-21T02:36:02.695+0000] {standard_task_runner.py:110} ERROR - Failed to execute job 4 for task 3_build_fact_model (Cannot execute: spark-submit --master spark://spark-master:7077 --name arrow-spark --deploy-mode client /opt/spark_scripts/3_h3_enrichment.py --date 2025-05-31. Error code is: 2.; 242)
[2026-08-21T02:36:02.712+0000] {local_task_job_runner.py:240} INFO - Task exited with return code 1
[2026-08-21T02:36:02.725+0000] {taskinstance.py:3498} INFO - 0 downstream tasks scheduled from follow-on schedule check
[2026-08-21T02:36:02.727+0000] {local_task_job_runner.py:222} INFO - ::endgroup::
