[2026-08-21T03:55:21.639+0000] {local_task_job_runner.py:120} INFO - ::group::Pre task execution logs
[2026-08-21T03:55:21.652+0000] {taskinstance.py:2076} INFO - Dependencies all met for dep_context=non-requeueable deps ti=<TaskInstance: cell_kpi_hourly_anomaly_pipeline.1_ingest_hourly_bronze scheduled__2025-05-31T18:00:00+00:00 [queued]>
[2026-08-21T03:55:21.658+0000] {taskinstance.py:2076} INFO - Dependencies all met for dep_context=requeueable deps ti=<TaskInstance: cell_kpi_hourly_anomaly_pipeline.1_ingest_hourly_bronze scheduled__2025-05-31T18:00:00+00:00 [queued]>
[2026-08-21T03:55:21.659+0000] {taskinstance.py:2306} INFO - Starting attempt 2 of 2
[2026-08-21T03:55:21.670+0000] {taskinstance.py:2330} INFO - Executing <Task(SparkSubmitOperator): 1_ingest_hourly_bronze> on 2025-05-31 18:00:00+00:00
[2026-08-21T03:55:21.677+0000] {standard_task_runner.py:63} INFO - Started process 2629 to run task
[2026-08-21T03:55:21.680+0000] {standard_task_runner.py:90} INFO - Running: ['***', 'tasks', 'run', 'cell_kpi_hourly_anomaly_pipeline', '1_ingest_hourly_bronze', 'scheduled__2025-05-31T18:00:00+00:00', '--job-id', '30', '--raw', '--subdir', 'DAGS_FOLDER/cell_kpi_hourly_anomaly.py', '--cfg-path', '/tmp/tmp7xrx5c1b']
[2026-08-21T03:55:21.682+0000] {standard_task_runner.py:91} INFO - Job 30: Subtask 1_ingest_hourly_bronze
[2026-08-21T03:55:21.726+0000] {task_command.py:426} INFO - Running <TaskInstance: cell_kpi_hourly_anomaly_pipeline.1_ingest_hourly_bronze scheduled__2025-05-31T18:00:00+00:00 [running]> on host c90a551abb73
[2026-08-21T03:55:21.775+0000] {logging_mixin.py:188} WARNING - /home/***/.local/lib/python3.10/site-packages/***/utils/context.py:212 AirflowContextDeprecationWarning: Accessing 'execution_date' from the template is deprecated and will be removed in a future version. Please use 'data_interval_start' or 'logical_date' instead.
[2026-08-21T03:55:21.799+0000] {taskinstance.py:2648} INFO - Exporting env vars: AIRFLOW_CTX_DAG_OWNER='data_engineer_team' AIRFLOW_CTX_DAG_ID='cell_kpi_hourly_anomaly_pipeline' AIRFLOW_CTX_TASK_ID='1_ingest_hourly_bronze' AIRFLOW_CTX_EXECUTION_DATE='2025-05-31T18:00:00+00:00' AIRFLOW_CTX_TRY_NUMBER='2' AIRFLOW_CTX_DAG_RUN_ID='scheduled__2025-05-31T18:00:00+00:00'
[2026-08-21T03:55:21.800+0000] {taskinstance.py:430} INFO - ::endgroup::
[2026-08-21T03:55:21.815+0000] {base.py:84} INFO - Using connection ID 'spark-master' for task execution.
[2026-08-21T03:55:21.816+0000] {spark_submit.py:401} INFO - Spark-Submit cmd: spark-submit --master spark://spark-master:7077 --name arrow-spark --deploy-mode client /opt/spark_scripts/1_ingest_hourly.py --input_path s3a://landingzone/202506.csv --target_date_hour 2025-06-01-01
[2026-08-21T03:55:21.902+0000] {spark_submit.py:571} INFO - /home/***/.local/lib/python3.10/site-packages/pyspark/bin/load-spark-env.sh: line 68: ps: command not found
[2026-08-21T03:55:24.868+0000] {spark_submit.py:571} INFO - 26/08/21 03:55:24 INFO SparkContext: Running Spark version 3.5.1
[2026-08-21T03:55:24.869+0000] {spark_submit.py:571} INFO - 26/08/21 03:55:24 INFO SparkContext: OS info Linux, 6.8.0-1052-azure, amd64
[2026-08-21T03:55:24.869+0000] {spark_submit.py:571} INFO - 26/08/21 03:55:24 INFO SparkContext: Java version 17.0.20
[2026-08-21T03:55:24.941+0000] {spark_submit.py:571} INFO - 26/08/21 03:55:24 WARN NativeCodeLoader: Unable to load native-hadoop library for your platform... using builtin-java classes where applicable
[2026-08-21T03:55:25.039+0000] {spark_submit.py:571} INFO - 26/08/21 03:55:25 INFO ResourceUtils: ==============================================================
[2026-08-21T03:55:25.039+0000] {spark_submit.py:571} INFO - 26/08/21 03:55:25 INFO ResourceUtils: No custom resources configured for spark.driver.
[2026-08-21T03:55:25.040+0000] {spark_submit.py:571} INFO - 26/08/21 03:55:25 INFO ResourceUtils: ==============================================================
[2026-08-21T03:55:25.040+0000] {spark_submit.py:571} INFO - 26/08/21 03:55:25 INFO SparkContext: Submitted application: Ingest_Bronze_2025-06-01-01
[2026-08-21T03:55:25.137+0000] {spark_submit.py:571} INFO - 26/08/21 03:55:25 INFO ResourceProfile: Default ResourceProfile created, executor resources: Map(memory -> name: memory, amount: 1024, script: , vendor: , offHeap -> name: offHeap, amount: 0, script: , vendor: ), task resources: Map(cpus -> name: cpus, amount: 1.0)
[2026-08-21T03:55:25.143+0000] {spark_submit.py:571} INFO - 26/08/21 03:55:25 INFO ResourceProfile: Limiting resource is cpu
[2026-08-21T03:55:25.143+0000] {spark_submit.py:571} INFO - 26/08/21 03:55:25 INFO ResourceProfileManager: Added ResourceProfile id: 0
[2026-08-21T03:55:25.198+0000] {spark_submit.py:571} INFO - 26/08/21 03:55:25 INFO SecurityManager: Changing view acls to: ***
[2026-08-21T03:55:25.198+0000] {spark_submit.py:571} INFO - 26/08/21 03:55:25 INFO SecurityManager: Changing modify acls to: ***
[2026-08-21T03:55:25.198+0000] {spark_submit.py:571} INFO - 26/08/21 03:55:25 INFO SecurityManager: Changing view acls groups to:
[2026-08-21T03:55:25.199+0000] {spark_submit.py:571} INFO - 26/08/21 03:55:25 INFO SecurityManager: Changing modify acls groups to:
[2026-08-21T03:55:25.199+0000] {spark_submit.py:571} INFO - 26/08/21 03:55:25 INFO SecurityManager: SecurityManager: authentication disabled; ui acls disabled; users with view permissions: ***; groups with view permissions: EMPTY; users with modify permissions: ***; groups with modify permissions: EMPTY
[2026-08-21T03:55:25.408+0000] {spark_submit.py:571} INFO - 26/08/21 03:55:25 INFO Utils: Successfully started service 'sparkDriver' on port 43841.
[2026-08-21T03:55:25.442+0000] {spark_submit.py:571} INFO - 26/08/21 03:55:25 INFO SparkEnv: Registering MapOutputTracker
[2026-08-21T03:55:25.478+0000] {spark_submit.py:571} INFO - 26/08/21 03:55:25 INFO SparkEnv: Registering BlockManagerMaster
[2026-08-21T03:55:25.507+0000] {spark_submit.py:571} INFO - 26/08/21 03:55:25 INFO BlockManagerMasterEndpoint: Using org.apache.spark.storage.DefaultTopologyMapper for getting topology information
[2026-08-21T03:55:25.508+0000] {spark_submit.py:571} INFO - 26/08/21 03:55:25 INFO BlockManagerMasterEndpoint: BlockManagerMasterEndpoint up
[2026-08-21T03:55:25.511+0000] {spark_submit.py:571} INFO - 26/08/21 03:55:25 INFO SparkEnv: Registering BlockManagerMasterHeartbeat
[2026-08-21T03:55:25.535+0000] {spark_submit.py:571} INFO - 26/08/21 03:55:25 INFO DiskBlockManager: Created local directory at /tmp/blockmgr-ea021a1d-56aa-4d43-b224-e6c36023d243
[2026-08-21T03:55:25.548+0000] {spark_submit.py:571} INFO - 26/08/21 03:55:25 INFO MemoryStore: MemoryStore started with capacity 434.4 MiB
[2026-08-21T03:55:25.565+0000] {spark_submit.py:571} INFO - 26/08/21 03:55:25 INFO SparkEnv: Registering OutputCommitCoordinator
[2026-08-21T03:55:25.685+0000] {spark_submit.py:571} INFO - 26/08/21 03:55:25 INFO JettyUtils: Start Jetty 0.0.0.0:4040 for SparkUI
[2026-08-21T03:55:25.733+0000] {spark_submit.py:571} INFO - 26/08/21 03:55:25 INFO Utils: Successfully started service 'SparkUI' on port 4040.
[2026-08-21T03:55:25.858+0000] {spark_submit.py:571} INFO - 26/08/21 03:55:25 INFO StandaloneAppClient$ClientEndpoint: Connecting to master spark://spark-master:7077...
[2026-08-21T03:55:25.901+0000] {spark_submit.py:571} INFO - 26/08/21 03:55:25 INFO TransportClientFactory: Successfully created connection to spark-master/172.18.0.4:7077 after 22 ms (0 ms spent in bootstraps)
[2026-08-21T03:55:25.971+0000] {spark_submit.py:571} INFO - 26/08/21 03:55:25 INFO StandaloneSchedulerBackend: Connected to Spark cluster with app ID app-20260821035525-0004
[2026-08-21T03:55:25.981+0000] {spark_submit.py:571} INFO - 26/08/21 03:55:25 INFO StandaloneAppClient$ClientEndpoint: Executor added: app-20260821035525-0004/0 on worker-20260821021253-172.18.0.6-39045 (172.18.0.6:39045) with 2 core(s)
[2026-08-21T03:55:25.991+0000] {spark_submit.py:571} INFO - 26/08/21 03:55:25 INFO Utils: Successfully started service 'org.apache.spark.network.netty.NettyBlockTransferService' on port 32917.
[2026-08-21T03:55:25.991+0000] {spark_submit.py:571} INFO - 26/08/21 03:55:25 INFO NettyBlockTransferService: Server created on c90a551abb73:32917
[2026-08-21T03:55:25.994+0000] {spark_submit.py:571} INFO - 26/08/21 03:55:25 INFO StandaloneSchedulerBackend: Granted executor ID app-20260821035525-0004/0 on hostPort 172.18.0.6:39045 with 2 core(s), 1024.0 MiB RAM
[2026-08-21T03:55:25.994+0000] {spark_submit.py:571} INFO - 26/08/21 03:55:25 INFO StandaloneAppClient$ClientEndpoint: Executor added: app-20260821035525-0004/1 on worker-20260821021253-172.18.0.7-44957 (172.18.0.7:44957) with 2 core(s)
[2026-08-21T03:55:25.995+0000] {spark_submit.py:571} INFO - 26/08/21 03:55:25 INFO StandaloneSchedulerBackend: Granted executor ID app-20260821035525-0004/1 on hostPort 172.18.0.7:44957 with 2 core(s), 1024.0 MiB RAM
[2026-08-21T03:55:25.996+0000] {spark_submit.py:571} INFO - 26/08/21 03:55:25 INFO BlockManager: Using org.apache.spark.storage.RandomBlockReplicationPolicy for block replication policy
[2026-08-21T03:55:26.016+0000] {spark_submit.py:571} INFO - 26/08/21 03:55:26 INFO BlockManagerMaster: Registering BlockManager BlockManagerId(driver, c90a551abb73, 32917, None)
[2026-08-21T03:55:26.020+0000] {spark_submit.py:571} INFO - 26/08/21 03:55:26 INFO BlockManagerMasterEndpoint: Registering block manager c90a551abb73:32917 with 434.4 MiB RAM, BlockManagerId(driver, c90a551abb73, 32917, None)
[2026-08-21T03:55:26.034+0000] {spark_submit.py:571} INFO - 26/08/21 03:55:26 INFO BlockManagerMaster: Registered BlockManager BlockManagerId(driver, c90a551abb73, 32917, None)
[2026-08-21T03:55:26.036+0000] {spark_submit.py:571} INFO - 26/08/21 03:55:26 INFO BlockManager: Initialized BlockManager: BlockManagerId(driver, c90a551abb73, 32917, None)
[2026-08-21T03:55:26.058+0000] {spark_submit.py:571} INFO - 26/08/21 03:55:26 INFO StandaloneAppClient$ClientEndpoint: Executor updated: app-20260821035525-0004/0 is now RUNNING
[2026-08-21T03:55:26.075+0000] {spark_submit.py:571} INFO - 26/08/21 03:55:26 INFO StandaloneAppClient$ClientEndpoint: Executor updated: app-20260821035525-0004/1 is now RUNNING
[2026-08-21T03:55:26.448+0000] {spark_submit.py:571} INFO - 26/08/21 03:55:26 INFO StandaloneSchedulerBackend: SchedulerBackend is ready for scheduling beginning after reached minRegisteredResourcesRatio: 0.0
[2026-08-21T03:55:26.825+0000] {spark_submit.py:571} INFO - Đang nạp s3a://landingzone/202506.csv và trích xuất dữ liệu ca: 2025-06-01-01...
[2026-08-21T03:55:26.915+0000] {spark_submit.py:571} INFO - 26/08/21 03:55:26 INFO SharedState: Setting hive.metastore.warehouse.dir ('null') to the value of spark.sql.warehouse.dir.
[2026-08-21T03:55:26.926+0000] {spark_submit.py:571} INFO - 26/08/21 03:55:26 INFO SharedState: Warehouse path is 'file:/opt/***/spark-warehouse'.
[2026-08-21T03:55:28.404+0000] {spark_submit.py:571} INFO - 26/08/21 03:55:28 WARN MetricsConfig: Cannot locate configuration: tried hadoop-metrics2-s3a-file-system.properties,hadoop-metrics2.properties
[2026-08-21T03:55:28.424+0000] {spark_submit.py:571} INFO - 26/08/21 03:55:28 INFO MetricsSystemImpl: Scheduled Metric snapshot period at 10 second(s).
[2026-08-21T03:55:28.426+0000] {spark_submit.py:571} INFO - 26/08/21 03:55:28 INFO MetricsSystemImpl: s3a-file-system metrics system started
[2026-08-21T03:55:30.308+0000] {spark_submit.py:571} INFO - 26/08/21 03:55:30 INFO InMemoryFileIndex: It took 122 ms to list leaf files for 1 paths.
[2026-08-21T03:55:30.438+0000] {spark_submit.py:571} INFO - 26/08/21 03:55:30 INFO InMemoryFileIndex: It took 23 ms to list leaf files for 1 paths.
[2026-08-21T03:55:31.556+0000] {spark_submit.py:571} INFO - 26/08/21 03:55:31 INFO StandaloneSchedulerBackend$StandaloneDriverEndpoint: Registered executor NettyRpcEndpointRef(spark-client://Executor) (172.18.0.7:47694) with ID 1,  ResourceProfileId 0
[2026-08-21T03:55:31.747+0000] {spark_submit.py:571} INFO - 26/08/21 03:55:31 INFO BlockManagerMasterEndpoint: Registering block manager 172.18.0.7:43427 with 434.4 MiB RAM, BlockManagerId(1, 172.18.0.7, 43427, None)
[2026-08-21T03:55:31.809+0000] {spark_submit.py:571} INFO - 26/08/21 03:55:31 INFO StandaloneSchedulerBackend$StandaloneDriverEndpoint: Registered executor NettyRpcEndpointRef(spark-client://Executor) (172.18.0.6:59800) with ID 0,  ResourceProfileId 0
[2026-08-21T03:55:32.008+0000] {spark_submit.py:571} INFO - 26/08/21 03:55:32 INFO BlockManagerMasterEndpoint: Registering block manager 172.18.0.6:43483 with 434.4 MiB RAM, BlockManagerId(0, 172.18.0.6, 43483, None)
[2026-08-21T03:55:33.355+0000] {spark_submit.py:571} INFO - 26/08/21 03:55:33 INFO FileSourceStrategy: Pushed Filters:
[2026-08-21T03:55:33.357+0000] {spark_submit.py:571} INFO - 26/08/21 03:55:33 INFO FileSourceStrategy: Post-Scan Filters: (length(trim(value#0, None)) > 0)
[2026-08-21T03:55:33.737+0000] {spark_submit.py:571} INFO - 26/08/21 03:55:33 INFO CodeGenerator: Code generated in 166.114828 ms
[2026-08-21T03:55:33.782+0000] {spark_submit.py:571} INFO - 26/08/21 03:55:33 INFO MemoryStore: Block broadcast_0 stored as values in memory (estimated size 201.7 KiB, free 434.2 MiB)
[2026-08-21T03:55:33.822+0000] {spark_submit.py:571} INFO - 26/08/21 03:55:33 INFO MemoryStore: Block broadcast_0_piece0 stored as bytes in memory (estimated size 35.0 KiB, free 434.2 MiB)
[2026-08-21T03:55:33.824+0000] {spark_submit.py:571} INFO - 26/08/21 03:55:33 INFO BlockManagerInfo: Added broadcast_0_piece0 in memory on c90a551abb73:32917 (size: 35.0 KiB, free: 434.4 MiB)
[2026-08-21T03:55:33.830+0000] {spark_submit.py:571} INFO - 26/08/21 03:55:33 INFO SparkContext: Created broadcast 0 from csv at NativeMethodAccessorImpl.java:0
[2026-08-21T03:55:33.835+0000] {spark_submit.py:571} INFO - 26/08/21 03:55:33 INFO FileSourceScanExec: Planning scan with bin packing, max size: 134217728 bytes, open cost is considered as scanning 4194304 bytes.
[2026-08-21T03:55:33.911+0000] {spark_submit.py:571} INFO - 26/08/21 03:55:33 INFO SparkContext: Starting job: csv at NativeMethodAccessorImpl.java:0
[2026-08-21T03:55:33.925+0000] {spark_submit.py:571} INFO - 26/08/21 03:55:33 INFO DAGScheduler: Got job 0 (csv at NativeMethodAccessorImpl.java:0) with 1 output partitions
[2026-08-21T03:55:33.926+0000] {spark_submit.py:571} INFO - 26/08/21 03:55:33 INFO DAGScheduler: Final stage: ResultStage 0 (csv at NativeMethodAccessorImpl.java:0)
[2026-08-21T03:55:33.926+0000] {spark_submit.py:571} INFO - 26/08/21 03:55:33 INFO DAGScheduler: Parents of final stage: List()
[2026-08-21T03:55:33.927+0000] {spark_submit.py:571} INFO - 26/08/21 03:55:33 INFO DAGScheduler: Missing parents: List()
[2026-08-21T03:55:33.930+0000] {spark_submit.py:571} INFO - 26/08/21 03:55:33 INFO DAGScheduler: Submitting ResultStage 0 (MapPartitionsRDD[3] at csv at NativeMethodAccessorImpl.java:0), which has no missing parents
[2026-08-21T03:55:33.978+0000] {spark_submit.py:571} INFO - 26/08/21 03:55:33 INFO MemoryStore: Block broadcast_1 stored as values in memory (estimated size 13.5 KiB, free 434.2 MiB)
[2026-08-21T03:55:33.986+0000] {spark_submit.py:571} INFO - 26/08/21 03:55:33 INFO MemoryStore: Block broadcast_1_piece0 stored as bytes in memory (estimated size 6.4 KiB, free 434.1 MiB)
[2026-08-21T03:55:33.987+0000] {spark_submit.py:571} INFO - 26/08/21 03:55:33 INFO BlockManagerInfo: Added broadcast_1_piece0 in memory on c90a551abb73:32917 (size: 6.4 KiB, free: 434.4 MiB)
[2026-08-21T03:55:33.989+0000] {spark_submit.py:571} INFO - 26/08/21 03:55:33 INFO SparkContext: Created broadcast 1 from broadcast at DAGScheduler.scala:1585
[2026-08-21T03:55:34.001+0000] {spark_submit.py:571} INFO - 26/08/21 03:55:34 INFO DAGScheduler: Submitting 1 missing tasks from ResultStage 0 (MapPartitionsRDD[3] at csv at NativeMethodAccessorImpl.java:0) (first 15 tasks are for partitions Vector(0))
[2026-08-21T03:55:34.002+0000] {spark_submit.py:571} INFO - 26/08/21 03:55:34 INFO TaskSchedulerImpl: Adding task set 0.0 with 1 tasks resource profile 0
[2026-08-21T03:55:34.022+0000] {spark_submit.py:571} INFO - 26/08/21 03:55:34 INFO TaskSetManager: Starting task 0.0 in stage 0.0 (TID 0) (172.18.0.7, executor 1, partition 0, PROCESS_LOCAL, 8210 bytes)
[2026-08-21T03:55:34.208+0000] {spark_submit.py:571} INFO - 26/08/21 03:55:34 INFO BlockManagerInfo: Added broadcast_1_piece0 in memory on 172.18.0.7:43427 (size: 6.4 KiB, free: 434.4 MiB)
[2026-08-21T03:55:34.984+0000] {spark_submit.py:571} INFO - 26/08/21 03:55:34 INFO BlockManagerInfo: Added broadcast_0_piece0 in memory on 172.18.0.7:43427 (size: 35.0 KiB, free: 434.4 MiB)
[2026-08-21T03:55:36.129+0000] {spark_submit.py:571} INFO - 26/08/21 03:55:36 INFO TaskSetManager: Finished task 0.0 in stage 0.0 (TID 0) in 2113 ms on 172.18.0.7 (executor 1) (1/1)
[2026-08-21T03:55:36.130+0000] {spark_submit.py:571} INFO - 26/08/21 03:55:36 INFO TaskSchedulerImpl: Removed TaskSet 0.0, whose tasks have all completed, from pool
[2026-08-21T03:55:36.135+0000] {spark_submit.py:571} INFO - 26/08/21 03:55:36 INFO DAGScheduler: ResultStage 0 (csv at NativeMethodAccessorImpl.java:0) finished in 2.197 s
[2026-08-21T03:55:36.138+0000] {spark_submit.py:571} INFO - 26/08/21 03:55:36 INFO DAGScheduler: Job 0 is finished. Cancelling potential speculative or zombie tasks for this job
[2026-08-21T03:55:36.139+0000] {spark_submit.py:571} INFO - 26/08/21 03:55:36 INFO TaskSchedulerImpl: Killing all running tasks in stage 0: Stage finished
[2026-08-21T03:55:36.141+0000] {spark_submit.py:571} INFO - 26/08/21 03:55:36 INFO DAGScheduler: Job 0 finished: csv at NativeMethodAccessorImpl.java:0, took 2.231944 s
[2026-08-21T03:55:36.165+0000] {spark_submit.py:571} INFO - 26/08/21 03:55:36 INFO CodeGenerator: Code generated in 11.903098 ms
[2026-08-21T03:55:36.229+0000] {spark_submit.py:571} INFO - 26/08/21 03:55:36 INFO BlockManagerInfo: Removed broadcast_1_piece0 on c90a551abb73:32917 in memory (size: 6.4 KiB, free: 434.4 MiB)
[2026-08-21T03:55:36.229+0000] {spark_submit.py:571} INFO - 26/08/21 03:55:36 INFO BlockManagerInfo: Removed broadcast_1_piece0 on 172.18.0.7:43427 in memory (size: 6.4 KiB, free: 434.4 MiB)
[2026-08-21T03:55:36.231+0000] {spark_submit.py:571} INFO - 26/08/21 03:55:36 INFO FileSourceStrategy: Pushed Filters:
[2026-08-21T03:55:36.231+0000] {spark_submit.py:571} INFO - 26/08/21 03:55:36 INFO FileSourceStrategy: Post-Scan Filters:
[2026-08-21T03:55:36.244+0000] {spark_submit.py:571} INFO - 26/08/21 03:55:36 INFO MemoryStore: Block broadcast_2 stored as values in memory (estimated size 201.7 KiB, free 434.0 MiB)
[2026-08-21T03:55:36.269+0000] {spark_submit.py:571} INFO - 26/08/21 03:55:36 INFO MemoryStore: Block broadcast_2_piece0 stored as bytes in memory (estimated size 35.0 KiB, free 433.9 MiB)
[2026-08-21T03:55:36.271+0000] {spark_submit.py:571} INFO - 26/08/21 03:55:36 INFO BlockManagerInfo: Added broadcast_2_piece0 in memory on c90a551abb73:32917 (size: 35.0 KiB, free: 434.3 MiB)
[2026-08-21T03:55:36.276+0000] {spark_submit.py:571} INFO - 26/08/21 03:55:36 INFO SparkContext: Created broadcast 2 from csv at NativeMethodAccessorImpl.java:0
[2026-08-21T03:55:36.280+0000] {spark_submit.py:571} INFO - 26/08/21 03:55:36 INFO FileSourceScanExec: Planning scan with bin packing, max size: 134217728 bytes, open cost is considered as scanning 4194304 bytes.
[2026-08-21T03:55:36.349+0000] {spark_submit.py:571} INFO - 26/08/21 03:55:36 INFO SparkContext: Starting job: csv at NativeMethodAccessorImpl.java:0
[2026-08-21T03:55:36.351+0000] {spark_submit.py:571} INFO - 26/08/21 03:55:36 INFO DAGScheduler: Got job 1 (csv at NativeMethodAccessorImpl.java:0) with 7 output partitions
[2026-08-21T03:55:36.351+0000] {spark_submit.py:571} INFO - 26/08/21 03:55:36 INFO DAGScheduler: Final stage: ResultStage 1 (csv at NativeMethodAccessorImpl.java:0)
[2026-08-21T03:55:36.351+0000] {spark_submit.py:571} INFO - 26/08/21 03:55:36 INFO DAGScheduler: Parents of final stage: List()
[2026-08-21T03:55:36.351+0000] {spark_submit.py:571} INFO - 26/08/21 03:55:36 INFO DAGScheduler: Missing parents: List()
[2026-08-21T03:55:36.355+0000] {spark_submit.py:571} INFO - 26/08/21 03:55:36 INFO DAGScheduler: Submitting ResultStage 1 (MapPartitionsRDD[9] at csv at NativeMethodAccessorImpl.java:0), which has no missing parents
[2026-08-21T03:55:36.381+0000] {spark_submit.py:571} INFO - 26/08/21 03:55:36 INFO MemoryStore: Block broadcast_3 stored as values in memory (estimated size 28.3 KiB, free 433.9 MiB)
[2026-08-21T03:55:36.383+0000] {spark_submit.py:571} INFO - 26/08/21 03:55:36 INFO MemoryStore: Block broadcast_3_piece0 stored as bytes in memory (estimated size 13.1 KiB, free 433.9 MiB)
[2026-08-21T03:55:36.384+0000] {spark_submit.py:571} INFO - 26/08/21 03:55:36 INFO BlockManagerInfo: Added broadcast_3_piece0 in memory on c90a551abb73:32917 (size: 13.1 KiB, free: 434.3 MiB)
[2026-08-21T03:55:36.385+0000] {spark_submit.py:571} INFO - 26/08/21 03:55:36 INFO SparkContext: Created broadcast 3 from broadcast at DAGScheduler.scala:1585
[2026-08-21T03:55:36.387+0000] {spark_submit.py:571} INFO - 26/08/21 03:55:36 INFO DAGScheduler: Submitting 7 missing tasks from ResultStage 1 (MapPartitionsRDD[9] at csv at NativeMethodAccessorImpl.java:0) (first 15 tasks are for partitions Vector(0, 1, 2, 3, 4, 5, 6))
[2026-08-21T03:55:36.390+0000] {spark_submit.py:571} INFO - 26/08/21 03:55:36 INFO TaskSchedulerImpl: Adding task set 1.0 with 7 tasks resource profile 0
[2026-08-21T03:55:36.390+0000] {spark_submit.py:571} INFO - 26/08/21 03:55:36 INFO TaskSetManager: Starting task 0.0 in stage 1.0 (TID 1) (172.18.0.6, executor 0, partition 0, PROCESS_LOCAL, 8210 bytes)
[2026-08-21T03:55:36.390+0000] {spark_submit.py:571} INFO - 26/08/21 03:55:36 INFO TaskSetManager: Starting task 1.0 in stage 1.0 (TID 2) (172.18.0.7, executor 1, partition 1, PROCESS_LOCAL, 8210 bytes)
[2026-08-21T03:55:36.390+0000] {spark_submit.py:571} INFO - 26/08/21 03:55:36 INFO TaskSetManager: Starting task 2.0 in stage 1.0 (TID 3) (172.18.0.6, executor 0, partition 2, PROCESS_LOCAL, 8210 bytes)
[2026-08-21T03:55:36.391+0000] {spark_submit.py:571} INFO - 26/08/21 03:55:36 INFO TaskSetManager: Starting task 3.0 in stage 1.0 (TID 4) (172.18.0.7, executor 1, partition 3, PROCESS_LOCAL, 8210 bytes)
[2026-08-21T03:55:36.459+0000] {spark_submit.py:571} INFO - 26/08/21 03:55:36 INFO BlockManagerInfo: Added broadcast_3_piece0 in memory on 172.18.0.7:43427 (size: 13.1 KiB, free: 434.4 MiB)
[2026-08-21T03:55:36.809+0000] {spark_submit.py:571} INFO - 26/08/21 03:55:36 INFO BlockManagerInfo: Added broadcast_3_piece0 in memory on 172.18.0.6:43483 (size: 13.1 KiB, free: 434.4 MiB)
[2026-08-21T03:55:38.656+0000] {spark_submit.py:571} INFO - 26/08/21 03:55:38 INFO BlockManagerInfo: Added broadcast_2_piece0 in memory on 172.18.0.7:43427 (size: 35.0 KiB, free: 434.3 MiB)
[2026-08-21T03:55:41.774+0000] {spark_submit.py:571} INFO - 26/08/21 03:55:41 INFO BlockManagerInfo: Added broadcast_2_piece0 in memory on 172.18.0.6:43483 (size: 35.0 KiB, free: 434.4 MiB)
[2026-08-21T03:55:42.435+0000] {spark_submit.py:571} INFO - 26/08/21 03:55:42 INFO TaskSetManager: Starting task 4.0 in stage 1.0 (TID 5) (172.18.0.7, executor 1, partition 4, PROCESS_LOCAL, 8210 bytes)
[2026-08-21T03:55:42.436+0000] {spark_submit.py:571} INFO - 26/08/21 03:55:42 INFO TaskSetManager: Finished task 1.0 in stage 1.0 (TID 2) in 6047 ms on 172.18.0.7 (executor 1) (1/7)
[2026-08-21T03:55:42.547+0000] {spark_submit.py:571} INFO - 26/08/21 03:55:42 INFO TaskSetManager: Starting task 5.0 in stage 1.0 (TID 6) (172.18.0.7, executor 1, partition 5, PROCESS_LOCAL, 8210 bytes)
[2026-08-21T03:55:42.550+0000] {spark_submit.py:571} INFO - 26/08/21 03:55:42 INFO TaskSetManager: Finished task 3.0 in stage 1.0 (TID 4) in 6160 ms on 172.18.0.7 (executor 1) (2/7)
[2026-08-21T03:55:45.454+0000] {spark_submit.py:571} INFO - 26/08/21 03:55:45 INFO TaskSetManager: Starting task 6.0 in stage 1.0 (TID 7) (172.18.0.7, executor 1, partition 6, PROCESS_LOCAL, 8210 bytes)
[2026-08-21T03:55:45.462+0000] {spark_submit.py:571} INFO - 26/08/21 03:55:45 INFO TaskSetManager: Finished task 4.0 in stage 1.0 (TID 5) in 3025 ms on 172.18.0.7 (executor 1) (3/7)
[2026-08-21T03:55:45.744+0000] {spark_submit.py:571} INFO - 26/08/21 03:55:45 INFO TaskSetManager: Finished task 5.0 in stage 1.0 (TID 6) in 3196 ms on 172.18.0.7 (executor 1) (4/7)
[2026-08-21T03:55:47.425+0000] {spark_submit.py:571} INFO - 26/08/21 03:55:47 INFO TaskSetManager: Finished task 6.0 in stage 1.0 (TID 7) in 1979 ms on 172.18.0.7 (executor 1) (5/7)
[2026-08-21T03:55:47.777+0000] {spark_submit.py:571} INFO - 26/08/21 03:55:47 INFO TaskSetManager: Finished task 2.0 in stage 1.0 (TID 3) in 11387 ms on 172.18.0.6 (executor 0) (6/7)
[2026-08-21T03:55:47.852+0000] {spark_submit.py:571} INFO - 26/08/21 03:55:47 INFO TaskSetManager: Finished task 0.0 in stage 1.0 (TID 1) in 11462 ms on 172.18.0.6 (executor 0) (7/7)
[2026-08-21T03:55:47.853+0000] {spark_submit.py:571} INFO - 26/08/21 03:55:47 INFO TaskSchedulerImpl: Removed TaskSet 1.0, whose tasks have all completed, from pool
[2026-08-21T03:55:47.853+0000] {spark_submit.py:571} INFO - 26/08/21 03:55:47 INFO DAGScheduler: ResultStage 1 (csv at NativeMethodAccessorImpl.java:0) finished in 11.495 s
[2026-08-21T03:55:47.853+0000] {spark_submit.py:571} INFO - 26/08/21 03:55:47 INFO DAGScheduler: Job 1 is finished. Cancelling potential speculative or zombie tasks for this job
[2026-08-21T03:55:47.854+0000] {spark_submit.py:571} INFO - 26/08/21 03:55:47 INFO TaskSchedulerImpl: Killing all running tasks in stage 1: Stage finished
[2026-08-21T03:55:47.856+0000] {spark_submit.py:571} INFO - 26/08/21 03:55:47 INFO DAGScheduler: Job 1 finished: csv at NativeMethodAccessorImpl.java:0, took 11.506178 s
[2026-08-21T03:55:48.079+0000] {spark_submit.py:571} INFO - Traceback (most recent call last):
[2026-08-21T03:55:48.080+0000] {spark_submit.py:571} INFO - File "/opt/spark_scripts/1_ingest_hourly.py", line 63, in <module>
[2026-08-21T03:55:48.080+0000] {spark_submit.py:571} INFO - main()
[2026-08-21T03:55:48.080+0000] {spark_submit.py:571} INFO - File "/opt/spark_scripts/1_ingest_hourly.py", line 33, in main
[2026-08-21T03:55:48.081+0000] {spark_submit.py:571} INFO - df_hourly = raw_df.filter(F.col("date_hour").cast("string") == args.target_date_hour)
[2026-08-21T03:55:48.081+0000] {spark_submit.py:571} INFO - File "/home/***/.local/lib/python3.10/site-packages/pyspark/python/lib/pyspark.zip/pyspark/sql/dataframe.py", line 3329, in filter
[2026-08-21T03:55:48.081+0000] {spark_submit.py:571} INFO - File "/home/***/.local/lib/python3.10/site-packages/pyspark/python/lib/py4j-0.10.9.7-src.zip/py4j/java_gateway.py", line 1322, in __call__
[2026-08-21T03:55:48.081+0000] {spark_submit.py:571} INFO - File "/home/***/.local/lib/python3.10/site-packages/pyspark/python/lib/pyspark.zip/pyspark/errors/exceptions/captured.py", line 185, in deco
[2026-08-21T03:55:48.082+0000] {spark_submit.py:571} INFO - pyspark.errors.exceptions.captured.AnalysisException: [UNRESOLVED_COLUMN.WITH_SUGGESTION] A column or function parameter with name `date_hour` cannot be resolved. Did you mean one of the following? [`"enb_name"|"cell_name"|"date_hour"|"dl_traffic_gb"|"ul_traffic_gb"|"total_traffic_gb"|"max_rrc_connected_user"|"ul_prb"|"ul_prb_used"|"ul_prb_available_total"|"dl_prb"|"dl_prb_used"|"dl_prb_available_total"|"sector"|"azimuth"|"cell_type"|"x"|"y"`].;
[2026-08-21T03:55:48.082+0000] {spark_submit.py:571} INFO - 'Filter (cast('date_hour as string) = 2025-06-01-01)
[2026-08-21T03:55:48.082+0000] {spark_submit.py:571} INFO - +- Relation ["enb_name"|"cell_name"|"date_hour"|"dl_traffic_gb"|"ul_traffic_gb"|"total_traffic_gb"|"max_rrc_connected_user"|"ul_prb"|"ul_prb_used"|"ul_prb_available_total"|"dl_prb"|"dl_prb_used"|"dl_prb_available_total"|"sector"|"azimuth"|"cell_type"|"x"|"y"#17] csv
[2026-08-21T03:55:48.085+0000] {spark_submit.py:571} INFO - 
[2026-08-21T03:55:48.137+0000] {spark_submit.py:571} INFO - 26/08/21 03:55:48 INFO SparkContext: Invoking stop() from shutdown hook
[2026-08-21T03:55:48.137+0000] {spark_submit.py:571} INFO - 26/08/21 03:55:48 INFO SparkContext: SparkContext is stopping with exitCode 0.
[2026-08-21T03:55:48.150+0000] {spark_submit.py:571} INFO - 26/08/21 03:55:48 INFO SparkUI: Stopped Spark web UI at http://c90a551abb73:4040
[2026-08-21T03:55:48.161+0000] {spark_submit.py:571} INFO - 26/08/21 03:55:48 INFO StandaloneSchedulerBackend: Shutting down all executors
[2026-08-21T03:55:48.162+0000] {spark_submit.py:571} INFO - 26/08/21 03:55:48 INFO StandaloneSchedulerBackend$StandaloneDriverEndpoint: Asking each executor to shut down
[2026-08-21T03:55:48.240+0000] {spark_submit.py:571} INFO - 26/08/21 03:55:48 INFO MapOutputTrackerMasterEndpoint: MapOutputTrackerMasterEndpoint stopped!
[2026-08-21T03:55:48.304+0000] {spark_submit.py:571} INFO - 26/08/21 03:55:48 INFO MemoryStore: MemoryStore cleared
[2026-08-21T03:55:48.308+0000] {spark_submit.py:571} INFO - 26/08/21 03:55:48 INFO BlockManager: BlockManager stopped
[2026-08-21T03:55:48.321+0000] {spark_submit.py:571} INFO - 26/08/21 03:55:48 INFO BlockManagerMaster: BlockManagerMaster stopped
[2026-08-21T03:55:48.323+0000] {spark_submit.py:571} INFO - 26/08/21 03:55:48 INFO OutputCommitCoordinator$OutputCommitCoordinatorEndpoint: OutputCommitCoordinator stopped!
[2026-08-21T03:55:48.383+0000] {spark_submit.py:571} INFO - 26/08/21 03:55:48 INFO SparkContext: Successfully stopped SparkContext
[2026-08-21T03:55:48.386+0000] {spark_submit.py:571} INFO - 26/08/21 03:55:48 INFO ShutdownHookManager: Shutdown hook called
[2026-08-21T03:55:48.387+0000] {spark_submit.py:571} INFO - 26/08/21 03:55:48 INFO ShutdownHookManager: Deleting directory /tmp/spark-6ea1d224-5cd5-4e40-bef4-c04350ce0df5/pyspark-7e4bfdb0-d730-444f-ba3c-c682e3392669
[2026-08-21T03:55:48.401+0000] {spark_submit.py:571} INFO - 26/08/21 03:55:48 INFO ShutdownHookManager: Deleting directory /tmp/spark-ffaf7694-e615-4f11-9897-a98642366f13
[2026-08-21T03:55:48.420+0000] {spark_submit.py:571} INFO - 26/08/21 03:55:48 INFO ShutdownHookManager: Deleting directory /tmp/spark-6ea1d224-5cd5-4e40-bef4-c04350ce0df5
[2026-08-21T03:55:48.446+0000] {spark_submit.py:571} INFO - 26/08/21 03:55:48 INFO MetricsSystemImpl: Stopping s3a-file-system metrics system...
[2026-08-21T03:55:48.448+0000] {spark_submit.py:571} INFO - 26/08/21 03:55:48 INFO MetricsSystemImpl: s3a-file-system metrics system stopped.
[2026-08-21T03:55:48.449+0000] {spark_submit.py:571} INFO - 26/08/21 03:55:48 INFO MetricsSystemImpl: s3a-file-system metrics system shutdown complete.
[2026-08-21T03:55:48.585+0000] {taskinstance.py:441} INFO - ::group::Post task execution logs
[2026-08-21T03:55:48.596+0000] {taskinstance.py:2905} ERROR - Task failed with exception
Traceback (most recent call last):
  File "/home/airflow/.local/lib/python3.10/site-packages/airflow/models/taskinstance.py", line 465, in _execute_task
    result = _execute_callable(context=context, **execute_callable_kwargs)
  File "/home/airflow/.local/lib/python3.10/site-packages/airflow/models/taskinstance.py", line 432, in _execute_callable
    return execute_callable(context=context, **execute_callable_kwargs)
  File "/home/airflow/.local/lib/python3.10/site-packages/airflow/models/baseoperator.py", line 400, in wrapper
    return func(self, *args, **kwargs)
  File "/home/airflow/.local/lib/python3.10/site-packages/airflow/providers/apache/spark/operators/spark_submit.py", line 174, in execute
    self._hook.submit(self.application)
  File "/home/airflow/.local/lib/python3.10/site-packages/airflow/providers/apache/spark/hooks/spark_submit.py", line 502, in submit
    raise AirflowException(
airflow.exceptions.AirflowException: Cannot execute: spark-submit --master spark://spark-master:7077 --name arrow-spark --deploy-mode client /opt/spark_scripts/1_ingest_hourly.py --input_path s3a://landingzone/202506.csv --target_date_hour 2025-06-01-01. Error code is: 1.
[2026-08-21T03:55:48.600+0000] {taskinstance.py:1206} INFO - Marking task as FAILED. dag_id=cell_kpi_hourly_anomaly_pipeline, task_id=1_ingest_hourly_bronze, run_id=scheduled__2025-05-31T18:00:00+00:00, execution_date=20250531T180000, start_date=20260821T035521, end_date=20260821T035548
[2026-08-21T03:55:48.616+0000] {standard_task_runner.py:110} ERROR - Failed to execute job 30 for task 1_ingest_hourly_bronze (Cannot execute: spark-submit --master spark://spark-master:7077 --name arrow-spark --deploy-mode client /opt/spark_scripts/1_ingest_hourly.py --input_path s3a://landingzone/202506.csv --target_date_hour 2025-06-01-01. Error code is: 1.; 2629)
[2026-08-21T03:55:48.640+0000] {local_task_job_runner.py:240} INFO - Task exited with return code 1
[2026-08-21T03:55:48.694+0000] {taskinstance.py:3498} INFO - 0 downstream tasks scheduled from follow-on schedule check
[2026-08-21T03:55:48.701+0000] {local_task_job_runner.py:222} INFO - ::endgroup::
