[2026-08-21T04:02:05.794+0000] {local_task_job_runner.py:120} INFO - ::group::Pre task execution logs
[2026-08-21T04:02:05.836+0000] {taskinstance.py:2076} INFO - Dependencies all met for dep_context=non-requeueable deps ti=<TaskInstance: cell_kpi_hourly_anomaly_pipeline.1_ingest_hourly_bronze scheduled__2025-05-31T21:00:00+00:00 [queued]>
[2026-08-21T04:02:05.859+0000] {taskinstance.py:2076} INFO - Dependencies all met for dep_context=requeueable deps ti=<TaskInstance: cell_kpi_hourly_anomaly_pipeline.1_ingest_hourly_bronze scheduled__2025-05-31T21:00:00+00:00 [queued]>
[2026-08-21T04:02:05.861+0000] {taskinstance.py:2306} INFO - Starting attempt 1 of 2
[2026-08-21T04:02:05.885+0000] {taskinstance.py:2330} INFO - Executing <Task(SparkSubmitOperator): 1_ingest_hourly_bronze> on 2025-05-31 21:00:00+00:00
[2026-08-21T04:02:05.906+0000] {standard_task_runner.py:63} INFO - Started process 3714 to run task
[2026-08-21T04:02:05.912+0000] {standard_task_runner.py:90} INFO - Running: ['***', 'tasks', 'run', 'cell_kpi_hourly_anomaly_pipeline', '1_ingest_hourly_bronze', 'scheduled__2025-05-31T21:00:00+00:00', '--job-id', '39', '--raw', '--subdir', 'DAGS_FOLDER/cell_kpi_hourly_anomaly.py', '--cfg-path', '/tmp/tmpjbbsx5ml']
[2026-08-21T04:02:05.917+0000] {standard_task_runner.py:91} INFO - Job 39: Subtask 1_ingest_hourly_bronze
[2026-08-21T04:02:05.984+0000] {task_command.py:426} INFO - Running <TaskInstance: cell_kpi_hourly_anomaly_pipeline.1_ingest_hourly_bronze scheduled__2025-05-31T21:00:00+00:00 [running]> on host c90a551abb73
[2026-08-21T04:02:06.150+0000] {logging_mixin.py:188} WARNING - /home/***/.local/lib/python3.10/site-packages/***/utils/context.py:212 AirflowContextDeprecationWarning: Accessing 'execution_date' from the template is deprecated and will be removed in a future version. Please use 'data_interval_start' or 'logical_date' instead.
[2026-08-21T04:02:06.236+0000] {taskinstance.py:2648} INFO - Exporting env vars: AIRFLOW_CTX_DAG_OWNER='data_engineer_team' AIRFLOW_CTX_DAG_ID='cell_kpi_hourly_anomaly_pipeline' AIRFLOW_CTX_TASK_ID='1_ingest_hourly_bronze' AIRFLOW_CTX_EXECUTION_DATE='2025-05-31T21:00:00+00:00' AIRFLOW_CTX_TRY_NUMBER='1' AIRFLOW_CTX_DAG_RUN_ID='scheduled__2025-05-31T21:00:00+00:00'
[2026-08-21T04:02:06.240+0000] {taskinstance.py:430} INFO - ::endgroup::
[2026-08-21T04:02:06.271+0000] {base.py:84} INFO - Using connection ID 'spark-master' for task execution.
[2026-08-21T04:02:06.273+0000] {spark_submit.py:401} INFO - Spark-Submit cmd: spark-submit --master spark://spark-master:7077 --name arrow-spark --deploy-mode client /opt/spark_scripts/1_ingest_hourly.py --input_path s3a://landingzone/202506.csv --target_date_hour 2025-06-01-04
[2026-08-21T04:02:06.410+0000] {spark_submit.py:571} INFO - /home/***/.local/lib/python3.10/site-packages/pyspark/bin/load-spark-env.sh: line 68: ps: command not found
[2026-08-21T04:02:10.518+0000] {spark_submit.py:571} INFO - 26/08/21 04:02:10 INFO SparkContext: Running Spark version 3.5.1
[2026-08-21T04:02:10.526+0000] {spark_submit.py:571} INFO - 26/08/21 04:02:10 INFO SparkContext: OS info Linux, 6.8.0-1052-azure, amd64
[2026-08-21T04:02:10.526+0000] {spark_submit.py:571} INFO - 26/08/21 04:02:10 INFO SparkContext: Java version 17.0.20
[2026-08-21T04:02:10.677+0000] {spark_submit.py:571} INFO - 26/08/21 04:02:10 WARN NativeCodeLoader: Unable to load native-hadoop library for your platform... using builtin-java classes where applicable
[2026-08-21T04:02:10.778+0000] {spark_submit.py:571} INFO - 26/08/21 04:02:10 INFO ResourceUtils: ==============================================================
[2026-08-21T04:02:10.779+0000] {spark_submit.py:571} INFO - 26/08/21 04:02:10 INFO ResourceUtils: No custom resources configured for spark.driver.
[2026-08-21T04:02:10.779+0000] {spark_submit.py:571} INFO - 26/08/21 04:02:10 INFO ResourceUtils: ==============================================================
[2026-08-21T04:02:10.779+0000] {spark_submit.py:571} INFO - 26/08/21 04:02:10 INFO SparkContext: Submitted application: Ingest_Bronze_2025-06-01-04
[2026-08-21T04:02:10.810+0000] {spark_submit.py:571} INFO - 26/08/21 04:02:10 INFO ResourceProfile: Default ResourceProfile created, executor resources: Map(memory -> name: memory, amount: 1024, script: , vendor: , offHeap -> name: offHeap, amount: 0, script: , vendor: ), task resources: Map(cpus -> name: cpus, amount: 1.0)
[2026-08-21T04:02:10.825+0000] {spark_submit.py:571} INFO - 26/08/21 04:02:10 INFO ResourceProfile: Limiting resource is cpu
[2026-08-21T04:02:10.830+0000] {spark_submit.py:571} INFO - 26/08/21 04:02:10 INFO ResourceProfileManager: Added ResourceProfile id: 0
[2026-08-21T04:02:10.911+0000] {spark_submit.py:571} INFO - 26/08/21 04:02:10 INFO SecurityManager: Changing view acls to: ***
[2026-08-21T04:02:10.912+0000] {spark_submit.py:571} INFO - 26/08/21 04:02:10 INFO SecurityManager: Changing modify acls to: ***
[2026-08-21T04:02:10.913+0000] {spark_submit.py:571} INFO - 26/08/21 04:02:10 INFO SecurityManager: Changing view acls groups to:
[2026-08-21T04:02:10.913+0000] {spark_submit.py:571} INFO - 26/08/21 04:02:10 INFO SecurityManager: Changing modify acls groups to:
[2026-08-21T04:02:10.913+0000] {spark_submit.py:571} INFO - 26/08/21 04:02:10 INFO SecurityManager: SecurityManager: authentication disabled; ui acls disabled; users with view permissions: ***; groups with view permissions: EMPTY; users with modify permissions: ***; groups with modify permissions: EMPTY
[2026-08-21T04:02:11.183+0000] {spark_submit.py:571} INFO - 26/08/21 04:02:11 INFO Utils: Successfully started service 'sparkDriver' on port 45809.
[2026-08-21T04:02:11.221+0000] {spark_submit.py:571} INFO - 26/08/21 04:02:11 INFO SparkEnv: Registering MapOutputTracker
[2026-08-21T04:02:11.268+0000] {spark_submit.py:571} INFO - 26/08/21 04:02:11 INFO SparkEnv: Registering BlockManagerMaster
[2026-08-21T04:02:11.288+0000] {spark_submit.py:571} INFO - 26/08/21 04:02:11 INFO BlockManagerMasterEndpoint: Using org.apache.spark.storage.DefaultTopologyMapper for getting topology information
[2026-08-21T04:02:11.289+0000] {spark_submit.py:571} INFO - 26/08/21 04:02:11 INFO BlockManagerMasterEndpoint: BlockManagerMasterEndpoint up
[2026-08-21T04:02:11.293+0000] {spark_submit.py:571} INFO - 26/08/21 04:02:11 INFO SparkEnv: Registering BlockManagerMasterHeartbeat
[2026-08-21T04:02:11.314+0000] {spark_submit.py:571} INFO - 26/08/21 04:02:11 INFO DiskBlockManager: Created local directory at /tmp/blockmgr-38cdd4d1-6c19-459e-868d-4cff471462d4
[2026-08-21T04:02:11.328+0000] {spark_submit.py:571} INFO - 26/08/21 04:02:11 INFO MemoryStore: MemoryStore started with capacity 434.4 MiB
[2026-08-21T04:02:11.343+0000] {spark_submit.py:571} INFO - 26/08/21 04:02:11 INFO SparkEnv: Registering OutputCommitCoordinator
[2026-08-21T04:02:11.483+0000] {spark_submit.py:571} INFO - 26/08/21 04:02:11 INFO JettyUtils: Start Jetty 0.0.0.0:4040 for SparkUI
[2026-08-21T04:02:11.560+0000] {spark_submit.py:571} INFO - 26/08/21 04:02:11 INFO Utils: Successfully started service 'SparkUI' on port 4040.
[2026-08-21T04:02:11.885+0000] {spark_submit.py:571} INFO - 26/08/21 04:02:11 INFO StandaloneAppClient$ClientEndpoint: Connecting to master spark://spark-master:7077...
[2026-08-21T04:02:11.976+0000] {spark_submit.py:571} INFO - 26/08/21 04:02:11 INFO TransportClientFactory: Successfully created connection to spark-master/172.18.0.4:7077 after 48 ms (0 ms spent in bootstraps)
[2026-08-21T04:02:12.134+0000] {spark_submit.py:571} INFO - 26/08/21 04:02:12 INFO StandaloneSchedulerBackend: Connected to Spark cluster with app ID app-20260821040212-0010
[2026-08-21T04:02:12.156+0000] {spark_submit.py:571} INFO - 26/08/21 04:02:12 INFO Utils: Successfully started service 'org.apache.spark.network.netty.NettyBlockTransferService' on port 40027.
[2026-08-21T04:02:12.157+0000] {spark_submit.py:571} INFO - 26/08/21 04:02:12 INFO NettyBlockTransferService: Server created on c90a551abb73:40027
[2026-08-21T04:02:12.158+0000] {spark_submit.py:571} INFO - 26/08/21 04:02:12 INFO BlockManager: Using org.apache.spark.storage.RandomBlockReplicationPolicy for block replication policy
[2026-08-21T04:02:12.173+0000] {spark_submit.py:571} INFO - 26/08/21 04:02:12 INFO BlockManagerMaster: Registering BlockManager BlockManagerId(driver, c90a551abb73, 40027, None)
[2026-08-21T04:02:12.177+0000] {spark_submit.py:571} INFO - 26/08/21 04:02:12 INFO BlockManagerMasterEndpoint: Registering block manager c90a551abb73:40027 with 434.4 MiB RAM, BlockManagerId(driver, c90a551abb73, 40027, None)
[2026-08-21T04:02:12.183+0000] {spark_submit.py:571} INFO - 26/08/21 04:02:12 INFO BlockManagerMaster: Registered BlockManager BlockManagerId(driver, c90a551abb73, 40027, None)
[2026-08-21T04:02:12.186+0000] {spark_submit.py:571} INFO - 26/08/21 04:02:12 INFO BlockManager: Initialized BlockManager: BlockManagerId(driver, c90a551abb73, 40027, None)
[2026-08-21T04:02:12.519+0000] {spark_submit.py:571} INFO - 26/08/21 04:02:12 INFO StandaloneSchedulerBackend: SchedulerBackend is ready for scheduling beginning after reached minRegisteredResourcesRatio: 0.0
[2026-08-21T04:02:12.898+0000] {spark_submit.py:571} INFO - Đang nạp s3a://landingzone/202506.csv và trích xuất dữ liệu ca: 2025-06-01-04...
[2026-08-21T04:02:12.975+0000] {spark_submit.py:571} INFO - 26/08/21 04:02:12 INFO SharedState: Setting hive.metastore.warehouse.dir ('null') to the value of spark.sql.warehouse.dir.
[2026-08-21T04:02:13.000+0000] {spark_submit.py:571} INFO - 26/08/21 04:02:12 INFO SharedState: Warehouse path is 'file:/opt/***/spark-warehouse'.
[2026-08-21T04:02:14.516+0000] {spark_submit.py:571} INFO - 26/08/21 04:02:14 WARN MetricsConfig: Cannot locate configuration: tried hadoop-metrics2-s3a-file-system.properties,hadoop-metrics2.properties
[2026-08-21T04:02:14.534+0000] {spark_submit.py:571} INFO - 26/08/21 04:02:14 INFO MetricsSystemImpl: Scheduled Metric snapshot period at 10 second(s).
[2026-08-21T04:02:14.534+0000] {spark_submit.py:571} INFO - 26/08/21 04:02:14 INFO MetricsSystemImpl: s3a-file-system metrics system started
[2026-08-21T04:02:16.983+0000] {spark_submit.py:571} INFO - 26/08/21 04:02:16 INFO InMemoryFileIndex: It took 173 ms to list leaf files for 1 paths.
[2026-08-21T04:02:17.291+0000] {spark_submit.py:571} INFO - 26/08/21 04:02:17 INFO InMemoryFileIndex: It took 11 ms to list leaf files for 1 paths.
[2026-08-21T04:02:21.701+0000] {spark_submit.py:571} INFO - 26/08/21 04:02:21 INFO FileSourceStrategy: Pushed Filters:
[2026-08-21T04:02:21.731+0000] {spark_submit.py:571} INFO - 26/08/21 04:02:21 INFO FileSourceStrategy: Post-Scan Filters: (length(trim(value#0, None)) > 0)
[2026-08-21T04:02:22.617+0000] {spark_submit.py:571} INFO - 26/08/21 04:02:22 INFO CodeGenerator: Code generated in 379.685061 ms
[2026-08-21T04:02:22.718+0000] {spark_submit.py:571} INFO - 26/08/21 04:02:22 INFO MemoryStore: Block broadcast_0 stored as values in memory (estimated size 201.7 KiB, free 434.2 MiB)
[2026-08-21T04:02:22.817+0000] {spark_submit.py:571} INFO - 26/08/21 04:02:22 INFO MemoryStore: Block broadcast_0_piece0 stored as bytes in memory (estimated size 34.9 KiB, free 434.2 MiB)
[2026-08-21T04:02:22.819+0000] {spark_submit.py:571} INFO - 26/08/21 04:02:22 INFO BlockManagerInfo: Added broadcast_0_piece0 in memory on c90a551abb73:40027 (size: 34.9 KiB, free: 434.4 MiB)
[2026-08-21T04:02:22.826+0000] {spark_submit.py:571} INFO - 26/08/21 04:02:22 INFO SparkContext: Created broadcast 0 from csv at NativeMethodAccessorImpl.java:0
[2026-08-21T04:02:22.840+0000] {spark_submit.py:571} INFO - 26/08/21 04:02:22 INFO FileSourceScanExec: Planning scan with bin packing, max size: 134217728 bytes, open cost is considered as scanning 4194304 bytes.
[2026-08-21T04:02:22.989+0000] {spark_submit.py:571} INFO - 26/08/21 04:02:22 INFO SparkContext: Starting job: csv at NativeMethodAccessorImpl.java:0
[2026-08-21T04:02:23.015+0000] {spark_submit.py:571} INFO - 26/08/21 04:02:23 INFO DAGScheduler: Got job 0 (csv at NativeMethodAccessorImpl.java:0) with 1 output partitions
[2026-08-21T04:02:23.016+0000] {spark_submit.py:571} INFO - 26/08/21 04:02:23 INFO DAGScheduler: Final stage: ResultStage 0 (csv at NativeMethodAccessorImpl.java:0)
[2026-08-21T04:02:23.016+0000] {spark_submit.py:571} INFO - 26/08/21 04:02:23 INFO DAGScheduler: Parents of final stage: List()
[2026-08-21T04:02:23.017+0000] {spark_submit.py:571} INFO - 26/08/21 04:02:23 INFO DAGScheduler: Missing parents: List()
[2026-08-21T04:02:23.029+0000] {spark_submit.py:571} INFO - 26/08/21 04:02:23 INFO DAGScheduler: Submitting ResultStage 0 (MapPartitionsRDD[3] at csv at NativeMethodAccessorImpl.java:0), which has no missing parents
[2026-08-21T04:02:23.272+0000] {spark_submit.py:571} INFO - 26/08/21 04:02:23 INFO MemoryStore: Block broadcast_1 stored as values in memory (estimated size 13.5 KiB, free 434.2 MiB)
[2026-08-21T04:02:23.315+0000] {spark_submit.py:571} INFO - 26/08/21 04:02:23 INFO MemoryStore: Block broadcast_1_piece0 stored as bytes in memory (estimated size 6.4 KiB, free 434.1 MiB)
[2026-08-21T04:02:23.316+0000] {spark_submit.py:571} INFO - 26/08/21 04:02:23 INFO BlockManagerInfo: Added broadcast_1_piece0 in memory on c90a551abb73:40027 (size: 6.4 KiB, free: 434.4 MiB)
[2026-08-21T04:02:23.318+0000] {spark_submit.py:571} INFO - 26/08/21 04:02:23 INFO SparkContext: Created broadcast 1 from broadcast at DAGScheduler.scala:1585
[2026-08-21T04:02:23.399+0000] {spark_submit.py:571} INFO - 26/08/21 04:02:23 INFO DAGScheduler: Submitting 1 missing tasks from ResultStage 0 (MapPartitionsRDD[3] at csv at NativeMethodAccessorImpl.java:0) (first 15 tasks are for partitions Vector(0))
[2026-08-21T04:02:23.402+0000] {spark_submit.py:571} INFO - 26/08/21 04:02:23 INFO TaskSchedulerImpl: Adding task set 0.0 with 1 tasks resource profile 0
[2026-08-21T04:02:24.170+0000] {spark_submit.py:571} INFO - 26/08/21 04:02:24 INFO StandaloneAppClient$ClientEndpoint: Executor added: app-20260821040212-0010/0 on worker-20260821021253-172.18.0.6-39045 (172.18.0.6:39045) with 2 core(s)
[2026-08-21T04:02:24.171+0000] {spark_submit.py:571} INFO - 26/08/21 04:02:24 INFO StandaloneSchedulerBackend: Granted executor ID app-20260821040212-0010/0 on hostPort 172.18.0.6:39045 with 2 core(s), 1024.0 MiB RAM
[2026-08-21T04:02:24.173+0000] {spark_submit.py:571} INFO - 26/08/21 04:02:24 INFO StandaloneAppClient$ClientEndpoint: Executor added: app-20260821040212-0010/1 on worker-20260821021253-172.18.0.7-44957 (172.18.0.7:44957) with 2 core(s)
[2026-08-21T04:02:24.174+0000] {spark_submit.py:571} INFO - 26/08/21 04:02:24 INFO StandaloneSchedulerBackend: Granted executor ID app-20260821040212-0010/1 on hostPort 172.18.0.7:44957 with 2 core(s), 1024.0 MiB RAM
[2026-08-21T04:02:24.255+0000] {spark_submit.py:571} INFO - 26/08/21 04:02:24 INFO StandaloneAppClient$ClientEndpoint: Executor updated: app-20260821040212-0010/0 is now RUNNING
[2026-08-21T04:02:24.272+0000] {spark_submit.py:571} INFO - 26/08/21 04:02:24 INFO StandaloneAppClient$ClientEndpoint: Executor updated: app-20260821040212-0010/1 is now RUNNING
[2026-08-21T04:02:28.682+0000] {spark_submit.py:571} INFO - 26/08/21 04:02:28 INFO StandaloneSchedulerBackend$StandaloneDriverEndpoint: Registered executor NettyRpcEndpointRef(spark-client://Executor) (172.18.0.7:39030) with ID 1,  ResourceProfileId 0
[2026-08-21T04:02:28.838+0000] {spark_submit.py:571} INFO - 26/08/21 04:02:28 INFO BlockManagerMasterEndpoint: Registering block manager 172.18.0.7:42881 with 434.4 MiB RAM, BlockManagerId(1, 172.18.0.7, 42881, None)
[2026-08-21T04:02:28.886+0000] {spark_submit.py:571} INFO - 26/08/21 04:02:28 INFO StandaloneSchedulerBackend$StandaloneDriverEndpoint: Registered executor NettyRpcEndpointRef(spark-client://Executor) (172.18.0.6:35350) with ID 0,  ResourceProfileId 0
[2026-08-21T04:02:28.975+0000] {spark_submit.py:571} INFO - 26/08/21 04:02:28 INFO TaskSetManager: Starting task 0.0 in stage 0.0 (TID 0) (172.18.0.7, executor 1, partition 0, PROCESS_LOCAL, 8210 bytes)
[2026-08-21T04:02:29.022+0000] {spark_submit.py:571} INFO - 26/08/21 04:02:29 INFO BlockManagerMasterEndpoint: Registering block manager 172.18.0.6:36865 with 434.4 MiB RAM, BlockManagerId(0, 172.18.0.6, 36865, None)
[2026-08-21T04:02:29.358+0000] {spark_submit.py:571} INFO - 26/08/21 04:02:29 INFO BlockManagerInfo: Added broadcast_1_piece0 in memory on 172.18.0.7:42881 (size: 6.4 KiB, free: 434.4 MiB)
[2026-08-21T04:02:30.536+0000] {spark_submit.py:571} INFO - 26/08/21 04:02:30 INFO BlockManagerInfo: Added broadcast_0_piece0 in memory on 172.18.0.7:42881 (size: 34.9 KiB, free: 434.4 MiB)
[2026-08-21T04:02:32.297+0000] {spark_submit.py:571} INFO - 26/08/21 04:02:32 INFO TaskSetManager: Finished task 0.0 in stage 0.0 (TID 0) in 3341 ms on 172.18.0.7 (executor 1) (1/1)
[2026-08-21T04:02:32.299+0000] {spark_submit.py:571} INFO - 26/08/21 04:02:32 INFO TaskSchedulerImpl: Removed TaskSet 0.0, whose tasks have all completed, from pool
[2026-08-21T04:02:32.304+0000] {spark_submit.py:571} INFO - 26/08/21 04:02:32 INFO DAGScheduler: ResultStage 0 (csv at NativeMethodAccessorImpl.java:0) finished in 9.225 s
[2026-08-21T04:02:32.306+0000] {spark_submit.py:571} INFO - 26/08/21 04:02:32 INFO DAGScheduler: Job 0 is finished. Cancelling potential speculative or zombie tasks for this job
[2026-08-21T04:02:32.306+0000] {spark_submit.py:571} INFO - 26/08/21 04:02:32 INFO TaskSchedulerImpl: Killing all running tasks in stage 0: Stage finished
[2026-08-21T04:02:32.308+0000] {spark_submit.py:571} INFO - 26/08/21 04:02:32 INFO DAGScheduler: Job 0 finished: csv at NativeMethodAccessorImpl.java:0, took 9.320474 s
[2026-08-21T04:02:32.331+0000] {spark_submit.py:571} INFO - 26/08/21 04:02:32 INFO CodeGenerator: Code generated in 11.935479 ms
[2026-08-21T04:02:32.403+0000] {spark_submit.py:571} INFO - 26/08/21 04:02:32 INFO BlockManagerInfo: Removed broadcast_1_piece0 on c90a551abb73:40027 in memory (size: 6.4 KiB, free: 434.4 MiB)
[2026-08-21T04:02:32.424+0000] {spark_submit.py:571} INFO - 26/08/21 04:02:32 INFO FileSourceStrategy: Pushed Filters:
[2026-08-21T04:02:32.425+0000] {spark_submit.py:571} INFO - 26/08/21 04:02:32 INFO FileSourceStrategy: Post-Scan Filters:
[2026-08-21T04:02:32.425+0000] {spark_submit.py:571} INFO - 26/08/21 04:02:32 INFO BlockManagerInfo: Removed broadcast_1_piece0 on 172.18.0.7:42881 in memory (size: 6.4 KiB, free: 434.4 MiB)
[2026-08-21T04:02:32.431+0000] {spark_submit.py:571} INFO - 26/08/21 04:02:32 INFO MemoryStore: Block broadcast_2 stored as values in memory (estimated size 201.7 KiB, free 434.0 MiB)
[2026-08-21T04:02:32.473+0000] {spark_submit.py:571} INFO - 26/08/21 04:02:32 INFO MemoryStore: Block broadcast_2_piece0 stored as bytes in memory (estimated size 34.9 KiB, free 433.9 MiB)
[2026-08-21T04:02:32.475+0000] {spark_submit.py:571} INFO - 26/08/21 04:02:32 INFO BlockManagerInfo: Added broadcast_2_piece0 in memory on c90a551abb73:40027 (size: 34.9 KiB, free: 434.3 MiB)
[2026-08-21T04:02:32.477+0000] {spark_submit.py:571} INFO - 26/08/21 04:02:32 INFO SparkContext: Created broadcast 2 from csv at NativeMethodAccessorImpl.java:0
[2026-08-21T04:02:32.479+0000] {spark_submit.py:571} INFO - 26/08/21 04:02:32 INFO FileSourceScanExec: Planning scan with bin packing, max size: 134217728 bytes, open cost is considered as scanning 4194304 bytes.
[2026-08-21T04:02:32.573+0000] {spark_submit.py:571} INFO - 26/08/21 04:02:32 INFO SparkContext: Starting job: csv at NativeMethodAccessorImpl.java:0
[2026-08-21T04:02:32.578+0000] {spark_submit.py:571} INFO - 26/08/21 04:02:32 INFO DAGScheduler: Got job 1 (csv at NativeMethodAccessorImpl.java:0) with 7 output partitions
[2026-08-21T04:02:32.578+0000] {spark_submit.py:571} INFO - 26/08/21 04:02:32 INFO DAGScheduler: Final stage: ResultStage 1 (csv at NativeMethodAccessorImpl.java:0)
[2026-08-21T04:02:32.578+0000] {spark_submit.py:571} INFO - 26/08/21 04:02:32 INFO DAGScheduler: Parents of final stage: List()
[2026-08-21T04:02:32.578+0000] {spark_submit.py:571} INFO - 26/08/21 04:02:32 INFO DAGScheduler: Missing parents: List()
[2026-08-21T04:02:32.579+0000] {spark_submit.py:571} INFO - 26/08/21 04:02:32 INFO DAGScheduler: Submitting ResultStage 1 (MapPartitionsRDD[9] at csv at NativeMethodAccessorImpl.java:0), which has no missing parents
[2026-08-21T04:02:32.610+0000] {spark_submit.py:571} INFO - 26/08/21 04:02:32 INFO MemoryStore: Block broadcast_3 stored as values in memory (estimated size 28.3 KiB, free 433.9 MiB)
[2026-08-21T04:02:32.619+0000] {spark_submit.py:571} INFO - 26/08/21 04:02:32 INFO MemoryStore: Block broadcast_3_piece0 stored as bytes in memory (estimated size 13.1 KiB, free 433.9 MiB)
[2026-08-21T04:02:32.623+0000] {spark_submit.py:571} INFO - 26/08/21 04:02:32 INFO BlockManagerInfo: Added broadcast_3_piece0 in memory on c90a551abb73:40027 (size: 13.1 KiB, free: 434.3 MiB)
[2026-08-21T04:02:32.623+0000] {spark_submit.py:571} INFO - 26/08/21 04:02:32 INFO SparkContext: Created broadcast 3 from broadcast at DAGScheduler.scala:1585
[2026-08-21T04:02:32.624+0000] {spark_submit.py:571} INFO - 26/08/21 04:02:32 INFO DAGScheduler: Submitting 7 missing tasks from ResultStage 1 (MapPartitionsRDD[9] at csv at NativeMethodAccessorImpl.java:0) (first 15 tasks are for partitions Vector(0, 1, 2, 3, 4, 5, 6))
[2026-08-21T04:02:32.624+0000] {spark_submit.py:571} INFO - 26/08/21 04:02:32 INFO TaskSchedulerImpl: Adding task set 1.0 with 7 tasks resource profile 0
[2026-08-21T04:02:32.627+0000] {spark_submit.py:571} INFO - 26/08/21 04:02:32 INFO TaskSetManager: Starting task 0.0 in stage 1.0 (TID 1) (172.18.0.6, executor 0, partition 0, PROCESS_LOCAL, 8210 bytes)
[2026-08-21T04:02:32.628+0000] {spark_submit.py:571} INFO - 26/08/21 04:02:32 INFO TaskSetManager: Starting task 1.0 in stage 1.0 (TID 2) (172.18.0.7, executor 1, partition 1, PROCESS_LOCAL, 8210 bytes)
[2026-08-21T04:02:32.628+0000] {spark_submit.py:571} INFO - 26/08/21 04:02:32 INFO TaskSetManager: Starting task 2.0 in stage 1.0 (TID 3) (172.18.0.6, executor 0, partition 2, PROCESS_LOCAL, 8210 bytes)
[2026-08-21T04:02:32.628+0000] {spark_submit.py:571} INFO - 26/08/21 04:02:32 INFO TaskSetManager: Starting task 3.0 in stage 1.0 (TID 4) (172.18.0.7, executor 1, partition 3, PROCESS_LOCAL, 8210 bytes)
[2026-08-21T04:02:32.776+0000] {spark_submit.py:571} INFO - 26/08/21 04:02:32 INFO BlockManagerInfo: Removed broadcast_0_piece0 on c90a551abb73:40027 in memory (size: 34.9 KiB, free: 434.4 MiB)
[2026-08-21T04:02:32.787+0000] {spark_submit.py:571} INFO - 26/08/21 04:02:32 INFO BlockManagerInfo: Added broadcast_3_piece0 in memory on 172.18.0.7:42881 (size: 13.1 KiB, free: 434.4 MiB)
[2026-08-21T04:02:32.808+0000] {spark_submit.py:571} INFO - 26/08/21 04:02:32 INFO BlockManagerInfo: Removed broadcast_0_piece0 on 172.18.0.7:42881 in memory (size: 34.9 KiB, free: 434.4 MiB)
[2026-08-21T04:02:33.255+0000] {spark_submit.py:571} INFO - 26/08/21 04:02:33 INFO BlockManagerInfo: Added broadcast_3_piece0 in memory on 172.18.0.6:36865 (size: 13.1 KiB, free: 434.4 MiB)
[2026-08-21T04:02:35.395+0000] {spark_submit.py:571} INFO - 26/08/21 04:02:35 INFO BlockManagerInfo: Added broadcast_2_piece0 in memory on 172.18.0.7:42881 (size: 34.9 KiB, free: 434.4 MiB)
[2026-08-21T04:02:37.943+0000] {spark_submit.py:571} INFO - 26/08/21 04:02:37 INFO BlockManagerInfo: Added broadcast_2_piece0 in memory on 172.18.0.6:36865 (size: 34.9 KiB, free: 434.4 MiB)
[2026-08-21T04:02:39.451+0000] {spark_submit.py:571} INFO - 26/08/21 04:02:39 INFO TaskSetManager: Starting task 4.0 in stage 1.0 (TID 5) (172.18.0.7, executor 1, partition 4, PROCESS_LOCAL, 8210 bytes)
[2026-08-21T04:02:39.456+0000] {spark_submit.py:571} INFO - 26/08/21 04:02:39 INFO TaskSetManager: Finished task 1.0 in stage 1.0 (TID 2) in 6828 ms on 172.18.0.7 (executor 1) (1/7)
[2026-08-21T04:02:39.462+0000] {spark_submit.py:571} INFO - 26/08/21 04:02:39 INFO TaskSetManager: Starting task 5.0 in stage 1.0 (TID 6) (172.18.0.7, executor 1, partition 5, PROCESS_LOCAL, 8210 bytes)
[2026-08-21T04:02:39.470+0000] {spark_submit.py:571} INFO - 26/08/21 04:02:39 INFO TaskSetManager: Finished task 3.0 in stage 1.0 (TID 4) in 6842 ms on 172.18.0.7 (executor 1) (2/7)
[2026-08-21T04:02:43.010+0000] {spark_submit.py:571} INFO - 26/08/21 04:02:43 INFO TaskSetManager: Starting task 6.0 in stage 1.0 (TID 7) (172.18.0.7, executor 1, partition 6, PROCESS_LOCAL, 8210 bytes)
[2026-08-21T04:02:43.014+0000] {spark_submit.py:571} INFO - 26/08/21 04:02:43 INFO TaskSetManager: Finished task 4.0 in stage 1.0 (TID 5) in 3562 ms on 172.18.0.7 (executor 1) (3/7)
[2026-08-21T04:02:43.034+0000] {spark_submit.py:571} INFO - 26/08/21 04:02:43 INFO TaskSetManager: Finished task 5.0 in stage 1.0 (TID 6) in 3563 ms on 172.18.0.7 (executor 1) (4/7)
[2026-08-21T04:02:44.748+0000] {spark_submit.py:571} INFO - 26/08/21 04:02:44 INFO TaskSetManager: Finished task 0.0 in stage 1.0 (TID 1) in 12122 ms on 172.18.0.6 (executor 0) (5/7)
[2026-08-21T04:02:44.750+0000] {spark_submit.py:571} INFO - 26/08/21 04:02:44 INFO TaskSetManager: Finished task 2.0 in stage 1.0 (TID 3) in 12122 ms on 172.18.0.6 (executor 0) (6/7)
[2026-08-21T04:02:45.079+0000] {spark_submit.py:571} INFO - 26/08/21 04:02:45 INFO TaskSetManager: Finished task 6.0 in stage 1.0 (TID 7) in 2067 ms on 172.18.0.7 (executor 1) (7/7)
[2026-08-21T04:02:45.082+0000] {spark_submit.py:571} INFO - 26/08/21 04:02:45 INFO TaskSchedulerImpl: Removed TaskSet 1.0, whose tasks have all completed, from pool
[2026-08-21T04:02:45.083+0000] {spark_submit.py:571} INFO - 26/08/21 04:02:45 INFO DAGScheduler: ResultStage 1 (csv at NativeMethodAccessorImpl.java:0) finished in 12.498 s
[2026-08-21T04:02:45.085+0000] {spark_submit.py:571} INFO - 26/08/21 04:02:45 INFO DAGScheduler: Job 1 is finished. Cancelling potential speculative or zombie tasks for this job
[2026-08-21T04:02:45.086+0000] {spark_submit.py:571} INFO - 26/08/21 04:02:45 INFO TaskSchedulerImpl: Killing all running tasks in stage 1: Stage finished
[2026-08-21T04:02:45.090+0000] {spark_submit.py:571} INFO - 26/08/21 04:02:45 INFO DAGScheduler: Job 1 finished: csv at NativeMethodAccessorImpl.java:0, took 12.513014 s
[2026-08-21T04:02:45.392+0000] {spark_submit.py:571} INFO - Traceback (most recent call last):
[2026-08-21T04:02:45.392+0000] {spark_submit.py:571} INFO - File "/opt/spark_scripts/1_ingest_hourly.py", line 63, in <module>
[2026-08-21T04:02:45.393+0000] {spark_submit.py:571} INFO - main()
[2026-08-21T04:02:45.393+0000] {spark_submit.py:571} INFO - File "/opt/spark_scripts/1_ingest_hourly.py", line 33, in main
[2026-08-21T04:02:45.393+0000] {spark_submit.py:571} INFO - df_hourly = raw_df.filter(F.col("date_hour").cast("string") == args.target_date_hour)
[2026-08-21T04:02:45.393+0000] {spark_submit.py:571} INFO - File "/home/***/.local/lib/python3.10/site-packages/pyspark/python/lib/pyspark.zip/pyspark/sql/dataframe.py", line 3329, in filter
[2026-08-21T04:02:45.394+0000] {spark_submit.py:571} INFO - File "/home/***/.local/lib/python3.10/site-packages/pyspark/python/lib/py4j-0.10.9.7-src.zip/py4j/java_gateway.py", line 1322, in __call__
[2026-08-21T04:02:45.394+0000] {spark_submit.py:571} INFO - File "/home/***/.local/lib/python3.10/site-packages/pyspark/python/lib/pyspark.zip/pyspark/errors/exceptions/captured.py", line 185, in deco
[2026-08-21T04:02:45.398+0000] {spark_submit.py:571} INFO - pyspark.errors.exceptions.captured.AnalysisException: [UNRESOLVED_COLUMN.WITH_SUGGESTION] A column or function parameter with name `date_hour` cannot be resolved. Did you mean one of the following? [`"enb_name"|"cell_name"|"date_hour"|"dl_traffic_gb"|"ul_traffic_gb"|"total_traffic_gb"|"max_rrc_connected_user"|"ul_prb"|"ul_prb_used"|"ul_prb_available_total"|"dl_prb"|"dl_prb_used"|"dl_prb_available_total"|"sector"|"azimuth"|"cell_type"|"x"|"y"`].;
[2026-08-21T04:02:45.398+0000] {spark_submit.py:571} INFO - 'Filter (cast('date_hour as string) = 2025-06-01-04)
[2026-08-21T04:02:45.398+0000] {spark_submit.py:571} INFO - +- Relation ["enb_name"|"cell_name"|"date_hour"|"dl_traffic_gb"|"ul_traffic_gb"|"total_traffic_gb"|"max_rrc_connected_user"|"ul_prb"|"ul_prb_used"|"ul_prb_available_total"|"dl_prb"|"dl_prb_used"|"dl_prb_available_total"|"sector"|"azimuth"|"cell_type"|"x"|"y"#17] csv
[2026-08-21T04:02:45.398+0000] {spark_submit.py:571} INFO - 
[2026-08-21T04:02:45.446+0000] {spark_submit.py:571} INFO - 26/08/21 04:02:45 INFO SparkContext: Invoking stop() from shutdown hook
[2026-08-21T04:02:45.446+0000] {spark_submit.py:571} INFO - 26/08/21 04:02:45 INFO SparkContext: SparkContext is stopping with exitCode 0.
[2026-08-21T04:02:45.459+0000] {spark_submit.py:571} INFO - 26/08/21 04:02:45 INFO SparkUI: Stopped Spark web UI at http://c90a551abb73:4040
[2026-08-21T04:02:45.463+0000] {spark_submit.py:571} INFO - 26/08/21 04:02:45 INFO StandaloneSchedulerBackend: Shutting down all executors
[2026-08-21T04:02:45.464+0000] {spark_submit.py:571} INFO - 26/08/21 04:02:45 INFO StandaloneSchedulerBackend$StandaloneDriverEndpoint: Asking each executor to shut down
[2026-08-21T04:02:45.508+0000] {spark_submit.py:571} INFO - 26/08/21 04:02:45 INFO MapOutputTrackerMasterEndpoint: MapOutputTrackerMasterEndpoint stopped!
[2026-08-21T04:02:45.574+0000] {spark_submit.py:571} INFO - 26/08/21 04:02:45 INFO MemoryStore: MemoryStore cleared
[2026-08-21T04:02:45.575+0000] {spark_submit.py:571} INFO - 26/08/21 04:02:45 INFO BlockManager: BlockManager stopped
[2026-08-21T04:02:45.583+0000] {spark_submit.py:571} INFO - 26/08/21 04:02:45 INFO BlockManagerMaster: BlockManagerMaster stopped
[2026-08-21T04:02:45.595+0000] {spark_submit.py:571} INFO - 26/08/21 04:02:45 INFO OutputCommitCoordinator$OutputCommitCoordinatorEndpoint: OutputCommitCoordinator stopped!
[2026-08-21T04:02:45.656+0000] {spark_submit.py:571} INFO - 26/08/21 04:02:45 INFO SparkContext: Successfully stopped SparkContext
[2026-08-21T04:02:45.668+0000] {spark_submit.py:571} INFO - 26/08/21 04:02:45 INFO ShutdownHookManager: Shutdown hook called
[2026-08-21T04:02:45.669+0000] {spark_submit.py:571} INFO - 26/08/21 04:02:45 INFO ShutdownHookManager: Deleting directory /tmp/spark-8c7c1511-893b-4f3b-89e0-b277779d9580
[2026-08-21T04:02:45.672+0000] {spark_submit.py:571} INFO - 26/08/21 04:02:45 INFO ShutdownHookManager: Deleting directory /tmp/spark-1e7d2c78-bd12-4a0e-9a8b-b4b8cd8307fc
[2026-08-21T04:02:45.721+0000] {spark_submit.py:571} INFO - 26/08/21 04:02:45 INFO ShutdownHookManager: Deleting directory /tmp/spark-8c7c1511-893b-4f3b-89e0-b277779d9580/pyspark-b5318b1e-ac52-4c10-ad0b-c5d7ac44a6a1
[2026-08-21T04:02:45.779+0000] {spark_submit.py:571} INFO - 26/08/21 04:02:45 INFO MetricsSystemImpl: Stopping s3a-file-system metrics system...
[2026-08-21T04:02:45.785+0000] {spark_submit.py:571} INFO - 26/08/21 04:02:45 INFO MetricsSystemImpl: s3a-file-system metrics system stopped.
[2026-08-21T04:02:45.794+0000] {spark_submit.py:571} INFO - 26/08/21 04:02:45 INFO MetricsSystemImpl: s3a-file-system metrics system shutdown complete.
[2026-08-21T04:02:45.954+0000] {taskinstance.py:441} INFO - ::group::Post task execution logs
[2026-08-21T04:02:45.970+0000] {taskinstance.py:2905} ERROR - Task failed with exception
Traceback (most recent call last):
  File "/home/airflow/.local/lib/python3.10/site-packages/airflow/models/taskinstance.py", line 465, in _execute_task
    result = _execute_callable(context=context, **execute_callable_kwargs)
  File "/home/airflow/.local/lib/python3.10/site-packages/airflow/models/taskinstance.py", line 432, in _execute_callable
    return execute_callable(context=context, **execute_callable_kwargs)
  File "/home/airflow/.local/lib/python3.10/site-packages/airflow/models/baseoperator.py", line 400, in wrapper
    return func(self, *args, **kwargs)
  File "/home/airflow/.local/lib/python3.10/site-packages/airflow/providers/apache/spark/operators/spark_submit.py", line 174, in execute
    self._hook.submit(self.application)
  File "/home/airflow/.local/lib/python3.10/site-packages/airflow/providers/apache/spark/hooks/spark_submit.py", line 502, in submit
    raise AirflowException(
airflow.exceptions.AirflowException: Cannot execute: spark-submit --master spark://spark-master:7077 --name arrow-spark --deploy-mode client /opt/spark_scripts/1_ingest_hourly.py --input_path s3a://landingzone/202506.csv --target_date_hour 2025-06-01-04. Error code is: 1.
[2026-08-21T04:02:45.975+0000] {taskinstance.py:1206} INFO - Marking task as UP_FOR_RETRY. dag_id=cell_kpi_hourly_anomaly_pipeline, task_id=1_ingest_hourly_bronze, run_id=scheduled__2025-05-31T21:00:00+00:00, execution_date=20250531T210000, start_date=20260821T040205, end_date=20260821T040245
[2026-08-21T04:02:45.991+0000] {standard_task_runner.py:110} ERROR - Failed to execute job 39 for task 1_ingest_hourly_bronze (Cannot execute: spark-submit --master spark://spark-master:7077 --name arrow-spark --deploy-mode client /opt/spark_scripts/1_ingest_hourly.py --input_path s3a://landingzone/202506.csv --target_date_hour 2025-06-01-04. Error code is: 1.; 3714)
[2026-08-21T04:02:46.006+0000] {local_task_job_runner.py:240} INFO - Task exited with return code 1
[2026-08-21T04:02:46.032+0000] {taskinstance.py:3498} INFO - 0 downstream tasks scheduled from follow-on schedule check
[2026-08-21T04:02:46.036+0000] {local_task_job_runner.py:222} INFO - ::endgroup::
