[2026-08-21T02:40:39.691+0000] {local_task_job_runner.py:120} INFO - ::group::Pre task execution logs
[2026-08-21T02:40:39.703+0000] {taskinstance.py:2076} INFO - Dependencies all met for dep_context=non-requeueable deps ti=<TaskInstance: cell_kpi_spatial_analytics_pipeline.0_fetch_sftp_to_minio scheduled__2025-05-31T17:00:00+00:00 [queued]>
[2026-08-21T02:40:39.709+0000] {taskinstance.py:2076} INFO - Dependencies all met for dep_context=requeueable deps ti=<TaskInstance: cell_kpi_spatial_analytics_pipeline.0_fetch_sftp_to_minio scheduled__2025-05-31T17:00:00+00:00 [queued]>
[2026-08-21T02:40:39.709+0000] {taskinstance.py:2306} INFO - Starting attempt 2 of 3
[2026-08-21T02:40:39.719+0000] {taskinstance.py:2330} INFO - Executing <Task(PythonOperator): 0_fetch_sftp_to_minio> on 2025-05-31 17:00:00+00:00
[2026-08-21T02:40:39.724+0000] {standard_task_runner.py:63} INFO - Started process 494 to run task
[2026-08-21T02:40:39.728+0000] {standard_task_runner.py:90} INFO - Running: ['***', 'tasks', 'run', 'cell_kpi_spatial_analytics_pipeline', '0_fetch_sftp_to_minio', 'scheduled__2025-05-31T17:00:00+00:00', '--job-id', '7', '--raw', '--subdir', 'DAGS_FOLDER/kpi_hourly_dag.py', '--cfg-path', '/tmp/tmpmuk6xqck']
[2026-08-21T02:40:39.729+0000] {standard_task_runner.py:91} INFO - Job 7: Subtask 0_fetch_sftp_to_minio
[2026-08-21T02:40:39.766+0000] {task_command.py:426} INFO - Running <TaskInstance: cell_kpi_spatial_analytics_pipeline.0_fetch_sftp_to_minio scheduled__2025-05-31T17:00:00+00:00 [running]> on host c90a551abb73
[2026-08-21T02:40:39.828+0000] {taskinstance.py:2648} INFO - Exporting env vars: AIRFLOW_CTX_DAG_OWNER='data_engineer_team' AIRFLOW_CTX_DAG_ID='cell_kpi_spatial_analytics_pipeline' AIRFLOW_CTX_TASK_ID='0_fetch_sftp_to_minio' AIRFLOW_CTX_EXECUTION_DATE='2025-05-31T17:00:00+00:00' AIRFLOW_CTX_TRY_NUMBER='2' AIRFLOW_CTX_DAG_RUN_ID='scheduled__2025-05-31T17:00:00+00:00'
[2026-08-21T02:40:39.829+0000] {taskinstance.py:430} INFO - ::endgroup::
[2026-08-21T02:40:39.842+0000] {logging_mixin.py:188} WARNING - /home/***/.local/lib/python3.10/site-packages/***/utils/context.py:320 AirflowContextDeprecationWarning: Accessing 'execution_date' from the template is deprecated and will be removed in a future version. Please use 'data_interval_start' or 'logical_date' instead.
[2026-08-21T02:40:39.843+0000] {logging_mixin.py:188} INFO -  Đang đọc cấu hình 'sftp_server' từ Airflow...
[2026-08-21T02:40:39.848+0000] {base.py:84} INFO - Using connection ID 'sftp_server' for task execution.
[2026-08-21T02:40:39.853+0000] {logging_mixin.py:188} INFO -  Bắt đầu kéo dữ liệu từ duymt@anhvhn.duckdns.org:2222...
[2026-08-21T02:40:39.854+0000] {logging_mixin.py:188} INFO -   -> File Nguồn: /u01/vdt-data-de/cell-kpi/202505.csv
[2026-08-21T02:40:41.045+0000] {transport.py:1909} INFO - Connected (version 2.0, client OpenSSH_10.2p1)
[2026-08-21T02:40:41.913+0000] {transport.py:1909} INFO - Authentication (password) successful!
[2026-08-21T02:40:42.655+0000] {sftp.py:169} INFO - [chan 0] Opened sftp connection (server version 3)
[2026-08-21T02:40:42.756+0000] {taskinstance.py:441} INFO - ::group::Post task execution logs
[2026-08-21T02:40:42.756+0000] {taskinstance.py:2905} ERROR - Task failed with exception
Traceback (most recent call last):
  File "/opt/airflow/dags/kpi_hourly_dag.py", line 51, in fetch_sftp_to_minio_landing
    sftp.stat(remote_file)
  File "/home/airflow/.local/lib/python3.10/site-packages/paramiko/sftp_client.py", line 493, in stat
    t, msg = self._request(CMD_STAT, path)
  File "/home/airflow/.local/lib/python3.10/site-packages/paramiko/sftp_client.py", line 857, in _request
    return self._read_response(num)
  File "/home/airflow/.local/lib/python3.10/site-packages/paramiko/sftp_client.py", line 909, in _read_response
    self._convert_status(msg)
  File "/home/airflow/.local/lib/python3.10/site-packages/paramiko/sftp_client.py", line 938, in _convert_status
    raise IOError(errno.ENOENT, text)
FileNotFoundError: [Errno 2] No such file

During handling of the above exception, another exception occurred:

Traceback (most recent call last):
  File "/opt/airflow/dags/kpi_hourly_dag.py", line 53, in fetch_sftp_to_minio_landing
    raise FileNotFoundError(f"File không tồn tại trên SFTP server: {remote_file}")
FileNotFoundError: File không tồn tại trên SFTP server: /u01/vdt-data-de/cell-kpi/202505.csv

During handling of the above exception, another exception occurred:

Traceback (most recent call last):
  File "/home/airflow/.local/lib/python3.10/site-packages/airflow/models/taskinstance.py", line 465, in _execute_task
    result = _execute_callable(context=context, **execute_callable_kwargs)
  File "/home/airflow/.local/lib/python3.10/site-packages/airflow/models/taskinstance.py", line 432, in _execute_callable
    return execute_callable(context=context, **execute_callable_kwargs)
  File "/home/airflow/.local/lib/python3.10/site-packages/airflow/models/baseoperator.py", line 400, in wrapper
    return func(self, *args, **kwargs)
  File "/home/airflow/.local/lib/python3.10/site-packages/airflow/operators/python.py", line 235, in execute
    return_value = self.execute_callable()
  File "/home/airflow/.local/lib/python3.10/site-packages/airflow/operators/python.py", line 252, in execute_callable
    return self.python_callable(*self.op_args, **self.op_kwargs)
  File "/opt/airflow/dags/kpi_hourly_dag.py", line 67, in fetch_sftp_to_minio_landing
    raise RuntimeError(f" LỖI TRONG QUÁ TRÌNH TẢI SFTP: {e}")
RuntimeError:  LỖI TRONG QUÁ TRÌNH TẢI SFTP: File không tồn tại trên SFTP server: /u01/vdt-data-de/cell-kpi/202505.csv
[2026-08-21T02:40:42.765+0000] {taskinstance.py:1206} INFO - Marking task as UP_FOR_RETRY. dag_id=cell_kpi_spatial_analytics_pipeline, task_id=0_fetch_sftp_to_minio, run_id=scheduled__2025-05-31T17:00:00+00:00, execution_date=20250531T170000, start_date=20260821T024039, end_date=20260821T024042
[2026-08-21T02:40:42.779+0000] {standard_task_runner.py:110} ERROR - Failed to execute job 7 for task 0_fetch_sftp_to_minio ( LỖI TRONG QUÁ TRÌNH TẢI SFTP: File không tồn tại trên SFTP server: /u01/vdt-data-de/cell-kpi/202505.csv; 494)
[2026-08-21T02:40:42.789+0000] {local_task_job_runner.py:240} INFO - Task exited with return code 1
[2026-08-21T02:40:42.804+0000] {taskinstance.py:3498} INFO - 0 downstream tasks scheduled from follow-on schedule check
[2026-08-21T02:40:42.806+0000] {local_task_job_runner.py:222} INFO - ::endgroup::
