[2026-08-21T03:56:15.980+0000] {local_task_job_runner.py:120} INFO - ::group::Pre task execution logs
[2026-08-21T03:56:16.011+0000] {taskinstance.py:2076} INFO - Dependencies all met for dep_context=non-requeueable deps ti=<TaskInstance: cell_kpi_hourly_anomaly_pipeline.0_check_landing_file scheduled__2025-05-31T20:00:00+00:00 [queued]>
[2026-08-21T03:56:16.019+0000] {taskinstance.py:2076} INFO - Dependencies all met for dep_context=requeueable deps ti=<TaskInstance: cell_kpi_hourly_anomaly_pipeline.0_check_landing_file scheduled__2025-05-31T20:00:00+00:00 [queued]>
[2026-08-21T03:56:16.020+0000] {taskinstance.py:2306} INFO - Starting attempt 1 of 2
[2026-08-21T03:56:16.036+0000] {taskinstance.py:2330} INFO - Executing <Task(PythonOperator): 0_check_landing_file> on 2025-05-31 20:00:00+00:00
[2026-08-21T03:56:16.049+0000] {standard_task_runner.py:63} INFO - Started process 3100 to run task
[2026-08-21T03:56:16.055+0000] {standard_task_runner.py:90} INFO - Running: ['***', 'tasks', 'run', 'cell_kpi_hourly_anomaly_pipeline', '0_check_landing_file', 'scheduled__2025-05-31T20:00:00+00:00', '--job-id', '34', '--raw', '--subdir', 'DAGS_FOLDER/cell_kpi_hourly_anomaly.py', '--cfg-path', '/tmp/tmpdrvlm4y1']
[2026-08-21T03:56:16.061+0000] {standard_task_runner.py:91} INFO - Job 34: Subtask 0_check_landing_file
[2026-08-21T03:56:16.151+0000] {task_command.py:426} INFO - Running <TaskInstance: cell_kpi_hourly_anomaly_pipeline.0_check_landing_file scheduled__2025-05-31T20:00:00+00:00 [running]> on host c90a551abb73
[2026-08-21T03:56:16.381+0000] {taskinstance.py:2648} INFO - Exporting env vars: AIRFLOW_CTX_DAG_OWNER='data_engineer_team' AIRFLOW_CTX_DAG_ID='cell_kpi_hourly_anomaly_pipeline' AIRFLOW_CTX_TASK_ID='0_check_landing_file' AIRFLOW_CTX_EXECUTION_DATE='2025-05-31T20:00:00+00:00' AIRFLOW_CTX_TRY_NUMBER='1' AIRFLOW_CTX_DAG_RUN_ID='scheduled__2025-05-31T20:00:00+00:00'
[2026-08-21T03:56:16.386+0000] {taskinstance.py:430} INFO - ::endgroup::
[2026-08-21T03:56:16.406+0000] {logging_mixin.py:188} WARNING - /home/***/.local/lib/python3.10/site-packages/***/utils/context.py:320 AirflowContextDeprecationWarning: Accessing 'execution_date' from the template is deprecated and will be removed in a future version. Please use 'data_interval_start' or 'logical_date' instead.
[2026-08-21T03:56:16.440+0000] {base.py:84} INFO - Using connection ID 'minio_default' for task execution.
[2026-08-21T03:56:16.441+0000] {connection_wrapper.py:384} INFO - AWS Connection (conn_id='minio_default', conn_type='aws') credentials retrieved from login and ***.
[2026-08-21T03:56:17.099+0000] {logging_mixin.py:188} INFO -  File 202506.csv đã sẵn sàng trên Landing Zone.
[2026-08-21T03:56:17.100+0000] {python.py:237} INFO - Done. Returned value was: s3a://landingzone/202506.csv
[2026-08-21T03:56:17.101+0000] {taskinstance.py:441} INFO - ::group::Post task execution logs
[2026-08-21T03:56:17.139+0000] {taskinstance.py:1206} INFO - Marking task as SUCCESS. dag_id=cell_kpi_hourly_anomaly_pipeline, task_id=0_check_landing_file, run_id=scheduled__2025-05-31T20:00:00+00:00, execution_date=20250531T200000, start_date=20260821T035616, end_date=20260821T035617
[2026-08-21T03:56:17.208+0000] {local_task_job_runner.py:240} INFO - Task exited with return code 0
[2026-08-21T03:56:17.239+0000] {taskinstance.py:3498} INFO - 1 downstream tasks scheduled from follow-on schedule check
[2026-08-21T03:56:17.242+0000] {local_task_job_runner.py:222} INFO - ::endgroup::
[2026-08-21T04:35:52.633+0000] {local_task_job_runner.py:120} INFO - ::group::Pre task execution logs
[2026-08-21T04:35:52.673+0000] {taskinstance.py:2076} INFO - Dependencies all met for dep_context=non-requeueable deps ti=<TaskInstance: cell_kpi_hourly_anomaly_pipeline.0_check_landing_file scheduled__2025-05-31T20:00:00+00:00 [queued]>
[2026-08-21T04:35:52.683+0000] {taskinstance.py:2076} INFO - Dependencies all met for dep_context=requeueable deps ti=<TaskInstance: cell_kpi_hourly_anomaly_pipeline.0_check_landing_file scheduled__2025-05-31T20:00:00+00:00 [queued]>
[2026-08-21T04:35:52.683+0000] {taskinstance.py:2306} INFO - Starting attempt 1 of 2
[2026-08-21T04:35:52.698+0000] {taskinstance.py:2330} INFO - Executing <Task(PythonOperator): 0_check_landing_file> on 2025-05-31 20:00:00+00:00
[2026-08-21T04:35:52.710+0000] {standard_task_runner.py:63} INFO - Started process 7972 to run task
[2026-08-21T04:35:52.715+0000] {standard_task_runner.py:90} INFO - Running: ['***', 'tasks', 'run', 'cell_kpi_hourly_anomaly_pipeline', '0_check_landing_file', 'scheduled__2025-05-31T20:00:00+00:00', '--job-id', '65', '--raw', '--subdir', 'DAGS_FOLDER/cell_kpi_hourly_anomaly.py', '--cfg-path', '/tmp/tmp3qnl8trh']
[2026-08-21T04:35:52.720+0000] {standard_task_runner.py:91} INFO - Job 65: Subtask 0_check_landing_file
[2026-08-21T04:35:52.795+0000] {task_command.py:426} INFO - Running <TaskInstance: cell_kpi_hourly_anomaly_pipeline.0_check_landing_file scheduled__2025-05-31T20:00:00+00:00 [running]> on host c90a551abb73
[2026-08-21T04:35:52.953+0000] {taskinstance.py:2648} INFO - Exporting env vars: AIRFLOW_CTX_DAG_OWNER='data_engineer_team' AIRFLOW_CTX_DAG_ID='cell_kpi_hourly_anomaly_pipeline' AIRFLOW_CTX_TASK_ID='0_check_landing_file' AIRFLOW_CTX_EXECUTION_DATE='2025-05-31T20:00:00+00:00' AIRFLOW_CTX_TRY_NUMBER='1' AIRFLOW_CTX_DAG_RUN_ID='scheduled__2025-05-31T20:00:00+00:00'
[2026-08-21T04:35:52.953+0000] {taskinstance.py:430} INFO - ::endgroup::
[2026-08-21T04:35:52.980+0000] {logging_mixin.py:188} WARNING - /home/***/.local/lib/python3.10/site-packages/***/utils/context.py:320 AirflowContextDeprecationWarning: Accessing 'execution_date' from the template is deprecated and will be removed in a future version. Please use 'data_interval_start' or 'logical_date' instead.
[2026-08-21T04:35:53.009+0000] {base.py:84} INFO - Using connection ID 'minio_default' for task execution.
[2026-08-21T04:35:53.011+0000] {connection_wrapper.py:384} INFO - AWS Connection (conn_id='minio_default', conn_type='aws') credentials retrieved from login and ***.
[2026-08-21T04:35:53.509+0000] {logging_mixin.py:188} INFO -  File 202506.csv đã sẵn sàng trên Landing Zone.
[2026-08-21T04:35:53.510+0000] {python.py:237} INFO - Done. Returned value was: s3a://landingzone/202506.csv
[2026-08-21T04:35:53.510+0000] {taskinstance.py:441} INFO - ::group::Post task execution logs
[2026-08-21T04:35:53.545+0000] {taskinstance.py:1206} INFO - Marking task as SUCCESS. dag_id=cell_kpi_hourly_anomaly_pipeline, task_id=0_check_landing_file, run_id=scheduled__2025-05-31T20:00:00+00:00, execution_date=20250531T200000, start_date=20260821T043552, end_date=20260821T043553
[2026-08-21T04:35:53.579+0000] {local_task_job_runner.py:240} INFO - Task exited with return code 0
[2026-08-21T04:35:53.613+0000] {taskinstance.py:3498} INFO - 1 downstream tasks scheduled from follow-on schedule check
[2026-08-21T04:35:53.615+0000] {local_task_job_runner.py:222} INFO - ::endgroup::
